Apr 01 08:19:34 nixos kernel: microcode: microcode updated early to revision 0xa6, date = 2022-06-28
Apr 01 08:19:34 nixos kernel: Linux version 5.15.82 (nixbld@localhost) (gcc (GCC) 11.3.0, GNU ld (GNU Binutils) 2.39) #1-NixOS SMP Thu Dec 8 10:28:45 UTC 2022
Apr 01 08:19:34 nixos kernel: Command line: initrd=\efi\nixos\fy30c0x97qn4376qy941ifrmz0pr89jl-initrd-linux-5.15.82-initrd.efi init=/nix/store/1dm3c8mgwdgyrspi147cjbsyrkyil5k8-nixos-system-nixos-23.05.20221213.1710ed1/init loglevel=4
Apr 01 08:19:34 nixos kernel: x86/split lock detection: #AC: crashing the kernel on kernel split_locks and warning on user-space split_locks
Apr 01 08:19:34 nixos kernel: x86/fpu: Supporting XSAVE feature 0x001: 'x87 floating point registers'
Apr 01 08:19:34 nixos kernel: x86/fpu: Supporting XSAVE feature 0x002: 'SSE registers'
Apr 01 08:19:34 nixos kernel: x86/fpu: Supporting XSAVE feature 0x004: 'AVX registers'
Apr 01 08:19:34 nixos kernel: x86/fpu: Supporting XSAVE feature 0x020: 'AVX-512 opmask'
Apr 01 08:19:34 nixos kernel: x86/fpu: Supporting XSAVE feature 0x040: 'AVX-512 Hi256'
Apr 01 08:19:34 nixos kernel: x86/fpu: Supporting XSAVE feature 0x080: 'AVX-512 ZMM_Hi256'
Apr 01 08:19:34 nixos kernel: x86/fpu: Supporting XSAVE feature 0x200: 'Protection Keys User registers'
Apr 01 08:19:34 nixos kernel: x86/fpu: xstate_offset[2]:  576, xstate_sizes[2]:  256
Apr 01 08:19:34 nixos kernel: x86/fpu: xstate_offset[5]:  832, xstate_sizes[5]:   64
Apr 01 08:19:34 nixos kernel: x86/fpu: xstate_offset[6]:  896, xstate_sizes[6]:  512
Apr 01 08:19:34 nixos kernel: x86/fpu: xstate_offset[7]: 1408, xstate_sizes[7]: 1024
Apr 01 08:19:34 nixos kernel: x86/fpu: xstate_offset[9]: 2432, xstate_sizes[9]:    8
Apr 01 08:19:34 nixos kernel: x86/fpu: Enabled xstate features 0x2e7, context size is 2440 bytes, using 'compacted' format.
Apr 01 08:19:34 nixos kernel: signal: max sigframe size: 3632
Apr 01 08:19:34 nixos kernel: BIOS-provided physical RAM map:
Apr 01 08:19:34 nixos kernel: BIOS-e820: [mem 0x0000000000000000-0x000000000009efff] usable
Apr 01 08:19:34 nixos kernel: BIOS-e820: [mem 0x000000000009f000-0x00000000000fffff] reserved
Apr 01 08:19:34 nixos kernel: BIOS-e820: [mem 0x0000000000100000-0x00000000613befff] usable
Apr 01 08:19:34 nixos kernel: BIOS-e820: [mem 0x00000000613bf000-0x0000000065cf9fff] reserved
Apr 01 08:19:34 nixos kernel: BIOS-e820: [mem 0x0000000065cfa000-0x0000000065dc5fff] ACPI data
Apr 01 08:19:34 nixos kernel: BIOS-e820: [mem 0x0000000065dc6000-0x0000000065ec0fff] ACPI NVS
Apr 01 08:19:34 nixos kernel: BIOS-e820: [mem 0x0000000065ec1000-0x00000000667fefff] reserved
Apr 01 08:19:34 nixos kernel: BIOS-e820: [mem 0x00000000667ff000-0x00000000667fffff] usable
Apr 01 08:19:34 nixos kernel: BIOS-e820: [mem 0x0000000066800000-0x000000006cffffff] reserved
Apr 01 08:19:34 nixos kernel: BIOS-e820: [mem 0x000000006d800000-0x000000006d9fffff] reserved
Apr 01 08:19:34 nixos kernel: BIOS-e820: [mem 0x000000006e400000-0x00000000747fffff] reserved
Apr 01 08:19:34 nixos kernel: BIOS-e820: [mem 0x00000000c0000000-0x00000000cfffffff] reserved
Apr 01 08:19:34 nixos kernel: BIOS-e820: [mem 0x00000000fe000000-0x00000000fe010fff] reserved
Apr 01 08:19:34 nixos kernel: BIOS-e820: [mem 0x00000000fec00000-0x00000000fec00fff] reserved
Apr 01 08:19:34 nixos kernel: BIOS-e820: [mem 0x00000000fed00000-0x00000000fed00fff] reserved
Apr 01 08:19:34 nixos kernel: BIOS-e820: [mem 0x00000000fed20000-0x00000000fed7ffff] reserved
Apr 01 08:19:34 nixos kernel: BIOS-e820: [mem 0x00000000fee00000-0x00000000fee00fff] reserved
Apr 01 08:19:34 nixos kernel: BIOS-e820: [mem 0x00000000ff000000-0x00000000ffffffff] reserved
Apr 01 08:19:34 nixos kernel: BIOS-e820: [mem 0x0000000100000000-0x000000048b7fffff] usable
Apr 01 08:19:34 nixos kernel: NX (Execute Disable) protection: active
Apr 01 08:19:34 nixos kernel: e820: update [mem 0x59c04018-0x59c2d857] usable ==> usable
Apr 01 08:19:34 nixos kernel: e820: update [mem 0x59c04018-0x59c2d857] usable ==> usable
Apr 01 08:19:34 nixos kernel: extended physical RAM map:
Apr 01 08:19:34 nixos kernel: reserve setup_data: [mem 0x0000000000000000-0x000000000009efff] usable
Apr 01 08:19:34 nixos kernel: reserve setup_data: [mem 0x000000000009f000-0x00000000000fffff] reserved
Apr 01 08:19:34 nixos kernel: reserve setup_data: [mem 0x0000000000100000-0x0000000059c04017] usable
Apr 01 08:19:34 nixos kernel: reserve setup_data: [mem 0x0000000059c04018-0x0000000059c2d857] usable
Apr 01 08:19:34 nixos kernel: reserve setup_data: [mem 0x0000000059c2d858-0x00000000613befff] usable
Apr 01 08:19:34 nixos kernel: reserve setup_data: [mem 0x00000000613bf000-0x0000000065cf9fff] reserved
Apr 01 08:19:34 nixos kernel: reserve setup_data: [mem 0x0000000065cfa000-0x0000000065dc5fff] ACPI data
Apr 01 08:19:34 nixos kernel: reserve setup_data: [mem 0x0000000065dc6000-0x0000000065ec0fff] ACPI NVS
Apr 01 08:19:34 nixos kernel: reserve setup_data: [mem 0x0000000065ec1000-0x00000000667fefff] reserved
Apr 01 08:19:34 nixos kernel: reserve setup_data: [mem 0x00000000667ff000-0x00000000667fffff] usable
Apr 01 08:19:34 nixos kernel: reserve setup_data: [mem 0x0000000066800000-0x000000006cffffff] reserved
Apr 01 08:19:34 nixos kernel: reserve setup_data: [mem 0x000000006d800000-0x000000006d9fffff] reserved
Apr 01 08:19:34 nixos kernel: reserve setup_data: [mem 0x000000006e400000-0x00000000747fffff] reserved
Apr 01 08:19:34 nixos kernel: reserve setup_data: [mem 0x00000000c0000000-0x00000000cfffffff] reserved
Apr 01 08:19:34 nixos kernel: reserve setup_data: [mem 0x00000000fe000000-0x00000000fe010fff] reserved
Apr 01 08:19:34 nixos kernel: reserve setup_data: [mem 0x00000000fec00000-0x00000000fec00fff] reserved
Apr 01 08:19:34 nixos kernel: reserve setup_data: [mem 0x00000000fed00000-0x00000000fed00fff] reserved
Apr 01 08:19:34 nixos kernel: reserve setup_data: [mem 0x00000000fed20000-0x00000000fed7ffff] reserved
Apr 01 08:19:34 nixos kernel: reserve setup_data: [mem 0x00000000fee00000-0x00000000fee00fff] reserved
Apr 01 08:19:34 nixos kernel: reserve setup_data: [mem 0x00000000ff000000-0x00000000ffffffff] reserved
Apr 01 08:19:34 nixos kernel: reserve setup_data: [mem 0x0000000100000000-0x000000048b7fffff] usable
Apr 01 08:19:34 nixos kernel: efi: EFI v2.70 by American Megatrends
Apr 01 08:19:34 nixos kernel: efi: ACPI=0x65dc5000 ACPI 2.0=0x65dc5014 TPMFinalLog=0x65e4c000 SMBIOS=0x66609000 SMBIOS 3.0=0x66608000 ESRT=0x5f561818 RNG=0x65d33018 TPMEventLog=0x5e410018 
Apr 01 08:19:34 nixos kernel: efi: seeding entropy pool
Apr 01 08:19:34 nixos kernel: random: crng init done
Apr 01 08:19:34 nixos kernel: SMBIOS 3.3.0 present.
Apr 01 08:19:34 nixos kernel: DMI: ASUSTeK COMPUTER INC. VivoBook_ASUSLaptop X421EQ_S433EQ/X421EQ, BIOS X421EQ.315 12/07/2021
Apr 01 08:19:34 nixos kernel: tsc: Detected 2800.000 MHz processor
Apr 01 08:19:34 nixos kernel: tsc: Detected 2803.200 MHz TSC
Apr 01 08:19:34 nixos kernel: [Firmware Bug]: TSC ADJUST: CPU0: -561677004 force to 0
Apr 01 08:19:34 nixos kernel: e820: update [mem 0x00000000-0x00000fff] usable ==> reserved
Apr 01 08:19:34 nixos kernel: e820: remove [mem 0x000a0000-0x000fffff] usable
Apr 01 08:19:34 nixos kernel: last_pfn = 0x48b800 max_arch_pfn = 0x400000000
Apr 01 08:19:34 nixos kernel: x86/PAT: Configuration [0-7]: WB  WC  UC- UC  WB  WP  UC- WT  
Apr 01 08:19:34 nixos kernel: last_pfn = 0x66800 max_arch_pfn = 0x400000000
Apr 01 08:19:34 nixos kernel: esrt: Reserving ESRT space from 0x000000005f561818 to 0x000000005f561878.
Apr 01 08:19:34 nixos kernel: e820: update [mem 0x5f561000-0x5f561fff] usable ==> reserved
Apr 01 08:19:34 nixos kernel: Using GB pages for direct mapping
Apr 01 08:19:34 nixos kernel: Secure boot disabled
Apr 01 08:19:34 nixos kernel: RAMDISK: [mem 0x59c2e000-0x5acdcfff]
Apr 01 08:19:34 nixos kernel: ACPI: Early table checksum verification disabled
Apr 01 08:19:34 nixos kernel: ACPI: RSDP 0x0000000065DC5014 000024 (v02 _ASUS_)
Apr 01 08:19:34 nixos kernel: ACPI: XSDT 0x0000000065DC4728 00011C (v01 _ASUS_ Notebook 01072009 AMI  01000013)
Apr 01 08:19:34 nixos kernel: ACPI: FACP 0x0000000065DBF000 000114 (v06 _ASUS_ Notebook 01072009 AMI  00010013)
Apr 01 08:19:34 nixos kernel: ACPI: DSDT 0x0000000065D6A000 054A8C (v02 _ASUS_ Notebook 01072009 INTL 20191018)
Apr 01 08:19:34 nixos kernel: ACPI: FACS 0x0000000065EBD000 000040
Apr 01 08:19:34 nixos kernel: ACPI: MCFG 0x0000000065DC3000 00003C (v01 _ASUS_ Notebook 01072009 MSFT 00000097)
Apr 01 08:19:34 nixos kernel: ACPI: SSDT 0x0000000065DC0000 0025CF (v02 CpuRef CpuSsdt  00003000 INTL 20191018)
Apr 01 08:19:34 nixos kernel: ACPI: FIDT 0x0000000065D69000 00009C (v01 _ASUS_ Notebook 01072009 AMI  00010013)
Apr 01 08:19:34 nixos kernel: ACPI: ECDT 0x0000000065D68000 0000C1 (v01 _ASUS_ Notebook 01072009 AMI. 00000005)
Apr 01 08:19:34 nixos kernel: ACPI: MSDM 0x0000000065D67000 000055 (v03 _ASUS_ Notebook 01072009 ASUS 00000001)
Apr 01 08:19:34 nixos kernel: ACPI: SSDT 0x0000000065D62000 004E24 (v02 DptfTa DptfTabl 00001000 INTL 20191018)
Apr 01 08:19:34 nixos kernel: ACPI: SSDT 0x0000000065D60000 0017B5 (v02 SaSsdt SaSsdt   00003000 INTL 20191018)
Apr 01 08:19:34 nixos kernel: ACPI: SSDT 0x0000000065D5C000 003350 (v02 INTEL  IgfxSsdt 00003000 INTL 20191018)
Apr 01 08:19:34 nixos kernel: ACPI: SSDT 0x0000000065D50000 00B1B2 (v02 INTEL  TcssSsdt 00001000 INTL 20191018)
Apr 01 08:19:34 nixos kernel: ACPI: HPET 0x0000000065D4F000 000038 (v01 _ASUS_ Notebook 01072009 AMI  01000013)
Apr 01 08:19:34 nixos kernel: ACPI: APIC 0x0000000065D4E000 00012C (v04 _ASUS_ Notebook 01072009 AMI  01000013)
Apr 01 08:19:34 nixos kernel: ACPI: SSDT 0x0000000065D46000 00700C (v02 _ASUS_ TglU_Rvp 00001000 INTL 20191018)
Apr 01 08:19:34 nixos kernel: ACPI: NHLT 0x0000000065D45000 00002D (v00 _ASUS_ Notebook 01072009 AMI  01000013)
Apr 01 08:19:34 nixos kernel: ACPI: LPIT 0x0000000065D44000 0000CC (v01 _ASUS_ Notebook 01072009 AMI  01000013)
Apr 01 08:19:34 nixos kernel: ACPI: SSDT 0x0000000065D42000 00012A (v02 _ASUS_ TbtTypeC 00000000 INTL 20191018)
Apr 01 08:19:34 nixos kernel: ACPI: DBGP 0x0000000065D41000 000034 (v01 _ASUS_ Notebook 01072009 AMI  01000013)
Apr 01 08:19:34 nixos kernel: ACPI: DBG2 0x0000000065D40000 000054 (v00 _ASUS_ Notebook 01072009 AMI  01000013)
Apr 01 08:19:34 nixos kernel: ACPI: SSDT 0x0000000065D3F000 000D1B (v02 _ASUS_ UsbCTabl 00001000 INTL 20191018)
Apr 01 08:19:34 nixos kernel: ACPI: DMAR 0x0000000065D3E000 0000A0 (v02 INTEL  EDK2     00000002      01000013)
Apr 01 08:19:34 nixos kernel: ACPI: SSDT 0x0000000065D3D000 000218 (v02 INTEL  xh_tudd4 00000000 INTL 20191018)
Apr 01 08:19:34 nixos kernel: ACPI: SSDT 0x0000000065D3C000 0004B8 (v02 HgRef  HgRpSsdt 00001000 INTL 20191018)
Apr 01 08:19:34 nixos kernel: ACPI: SSDT 0x0000000065D3B000 000144 (v02 Intel  ADebTabl 00001000 INTL 20191018)
Apr 01 08:19:34 nixos kernel: ACPI: BGRT 0x0000000065D3A000 000038 (v01 _ASUS_ Notebook 01072009 AMI  00010013)
Apr 01 08:19:34 nixos kernel: ACPI: UEFI 0x0000000065E2A000 00063A (v01 INTEL  RstVmdE  00000000 ??   00000000)
Apr 01 08:19:34 nixos kernel: ACPI: UEFI 0x0000000065E29000 00005C (v01 INTEL  RstVmdV  00000000 ??   00000000)
Apr 01 08:19:34 nixos kernel: ACPI: TPM2 0x0000000065D39000 00004C (v04 _ASUS_ Notebook 00000001 AMI  00000000)
Apr 01 08:19:34 nixos kernel: ACPI: SSDT 0x0000000065D36000 002498 (v01 OptRef OptTabl  00001000 INTL 20191018)
Apr 01 08:19:34 nixos kernel: ACPI: PTDT 0x0000000065D35000 000D44 (v00 _ASUS_ Notebook 00000005 MSFT 0100000D)
Apr 01 08:19:34 nixos kernel: ACPI: WSMT 0x0000000065D43000 000028 (v01 _ASUS_ Notebook 01072009 AMI  00010013)
Apr 01 08:19:34 nixos kernel: ACPI: FPDT 0x0000000065D34000 000044 (v01 _ASUS_ A M I    01072009 AMI  01000013)
Apr 01 08:19:34 nixos kernel: ACPI: Reserving FACP table memory at [mem 0x65dbf000-0x65dbf113]
Apr 01 08:19:34 nixos kernel: ACPI: Reserving DSDT table memory at [mem 0x65d6a000-0x65dbea8b]
Apr 01 08:19:34 nixos kernel: ACPI: Reserving FACS table memory at [mem 0x65ebd000-0x65ebd03f]
Apr 01 08:19:34 nixos kernel: ACPI: Reserving MCFG table memory at [mem 0x65dc3000-0x65dc303b]
Apr 01 08:19:34 nixos kernel: ACPI: Reserving SSDT table memory at [mem 0x65dc0000-0x65dc25ce]
Apr 01 08:19:34 nixos kernel: ACPI: Reserving FIDT table memory at [mem 0x65d69000-0x65d6909b]
Apr 01 08:19:34 nixos kernel: ACPI: Reserving ECDT table memory at [mem 0x65d68000-0x65d680c0]
Apr 01 08:19:34 nixos kernel: ACPI: Reserving MSDM table memory at [mem 0x65d67000-0x65d67054]
Apr 01 08:19:34 nixos kernel: ACPI: Reserving SSDT table memory at [mem 0x65d62000-0x65d66e23]
Apr 01 08:19:34 nixos kernel: ACPI: Reserving SSDT table memory at [mem 0x65d60000-0x65d617b4]
Apr 01 08:19:34 nixos kernel: ACPI: Reserving SSDT table memory at [mem 0x65d5c000-0x65d5f34f]
Apr 01 08:19:34 nixos kernel: ACPI: Reserving SSDT table memory at [mem 0x65d50000-0x65d5b1b1]
Apr 01 08:19:34 nixos kernel: ACPI: Reserving HPET table memory at [mem 0x65d4f000-0x65d4f037]
Apr 01 08:19:34 nixos kernel: ACPI: Reserving APIC table memory at [mem 0x65d4e000-0x65d4e12b]
Apr 01 08:19:34 nixos kernel: ACPI: Reserving SSDT table memory at [mem 0x65d46000-0x65d4d00b]
Apr 01 08:19:34 nixos kernel: ACPI: Reserving NHLT table memory at [mem 0x65d45000-0x65d4502c]
Apr 01 08:19:34 nixos kernel: ACPI: Reserving LPIT table memory at [mem 0x65d44000-0x65d440cb]
Apr 01 08:19:34 nixos kernel: ACPI: Reserving SSDT table memory at [mem 0x65d42000-0x65d42129]
Apr 01 08:19:34 nixos kernel: ACPI: Reserving DBGP table memory at [mem 0x65d41000-0x65d41033]
Apr 01 08:19:34 nixos kernel: ACPI: Reserving DBG2 table memory at [mem 0x65d40000-0x65d40053]
Apr 01 08:19:34 nixos kernel: ACPI: Reserving SSDT table memory at [mem 0x65d3f000-0x65d3fd1a]
Apr 01 08:19:34 nixos kernel: ACPI: Reserving DMAR table memory at [mem 0x65d3e000-0x65d3e09f]
Apr 01 08:19:34 nixos kernel: ACPI: Reserving SSDT table memory at [mem 0x65d3d000-0x65d3d217]
Apr 01 08:19:34 nixos kernel: ACPI: Reserving SSDT table memory at [mem 0x65d3c000-0x65d3c4b7]
Apr 01 08:19:34 nixos kernel: ACPI: Reserving SSDT table memory at [mem 0x65d3b000-0x65d3b143]
Apr 01 08:19:34 nixos kernel: ACPI: Reserving BGRT table memory at [mem 0x65d3a000-0x65d3a037]
Apr 01 08:19:34 nixos kernel: ACPI: Reserving UEFI table memory at [mem 0x65e2a000-0x65e2a639]
Apr 01 08:19:34 nixos kernel: ACPI: Reserving UEFI table memory at [mem 0x65e29000-0x65e2905b]
Apr 01 08:19:34 nixos kernel: ACPI: Reserving TPM2 table memory at [mem 0x65d39000-0x65d3904b]
Apr 01 08:19:34 nixos kernel: ACPI: Reserving SSDT table memory at [mem 0x65d36000-0x65d38497]
Apr 01 08:19:34 nixos kernel: ACPI: Reserving PTDT table memory at [mem 0x65d35000-0x65d35d43]
Apr 01 08:19:34 nixos kernel: ACPI: Reserving WSMT table memory at [mem 0x65d43000-0x65d43027]
Apr 01 08:19:34 nixos kernel: ACPI: Reserving FPDT table memory at [mem 0x65d34000-0x65d34043]
Apr 01 08:19:34 nixos kernel: No NUMA configuration found
Apr 01 08:19:34 nixos kernel: Faking a node at [mem 0x0000000000000000-0x000000048b7fffff]
Apr 01 08:19:34 nixos kernel: NODE_DATA(0) allocated [mem 0x48b7f9000-0x48b7fdfff]
Apr 01 08:19:34 nixos kernel: Zone ranges:
Apr 01 08:19:34 nixos kernel:   DMA      [mem 0x0000000000001000-0x0000000000ffffff]
Apr 01 08:19:34 nixos kernel:   DMA32    [mem 0x0000000001000000-0x00000000ffffffff]
Apr 01 08:19:34 nixos kernel:   Normal   [mem 0x0000000100000000-0x000000048b7fffff]
Apr 01 08:19:34 nixos kernel:   Device   empty
Apr 01 08:19:34 nixos kernel: Movable zone start for each node
Apr 01 08:19:34 nixos kernel: Early memory node ranges
Apr 01 08:19:34 nixos kernel:   node   0: [mem 0x0000000000001000-0x000000000009efff]
Apr 01 08:19:34 nixos kernel:   node   0: [mem 0x0000000000100000-0x00000000613befff]
Apr 01 08:19:34 nixos kernel:   node   0: [mem 0x00000000667ff000-0x00000000667fffff]
Apr 01 08:19:34 nixos kernel:   node   0: [mem 0x0000000100000000-0x000000048b7fffff]
Apr 01 08:19:34 nixos kernel: Initmem setup node 0 [mem 0x0000000000001000-0x000000048b7fffff]
Apr 01 08:19:34 nixos kernel: On node 0, zone DMA: 1 pages in unavailable ranges
Apr 01 08:19:34 nixos kernel: On node 0, zone DMA: 97 pages in unavailable ranges
Apr 01 08:19:34 nixos kernel: On node 0, zone DMA32: 21568 pages in unavailable ranges
Apr 01 08:19:34 nixos kernel: On node 0, zone Normal: 6144 pages in unavailable ranges
Apr 01 08:19:34 nixos kernel: On node 0, zone Normal: 18432 pages in unavailable ranges
Apr 01 08:19:34 nixos kernel: Reserving Intel graphics memory at [mem 0x70800000-0x747fffff]
Apr 01 08:19:34 nixos kernel: ACPI: PM-Timer IO Port: 0x1808
Apr 01 08:19:34 nixos kernel: ACPI: LAPIC_NMI (acpi_id[0x01] high edge lint[0x1])
Apr 01 08:19:34 nixos kernel: ACPI: LAPIC_NMI (acpi_id[0x02] high edge lint[0x1])
Apr 01 08:19:34 nixos kernel: ACPI: LAPIC_NMI (acpi_id[0x03] high edge lint[0x1])
Apr 01 08:19:34 nixos kernel: ACPI: LAPIC_NMI (acpi_id[0x04] high edge lint[0x1])
Apr 01 08:19:34 nixos kernel: ACPI: LAPIC_NMI (acpi_id[0x05] high edge lint[0x1])
Apr 01 08:19:34 nixos kernel: ACPI: LAPIC_NMI (acpi_id[0x06] high edge lint[0x1])
Apr 01 08:19:34 nixos kernel: ACPI: LAPIC_NMI (acpi_id[0x07] high edge lint[0x1])
Apr 01 08:19:34 nixos kernel: ACPI: LAPIC_NMI (acpi_id[0x08] high edge lint[0x1])
Apr 01 08:19:34 nixos kernel: ACPI: LAPIC_NMI (acpi_id[0x09] high edge lint[0x1])
Apr 01 08:19:34 nixos kernel: ACPI: LAPIC_NMI (acpi_id[0x0a] high edge lint[0x1])
Apr 01 08:19:34 nixos kernel: ACPI: LAPIC_NMI (acpi_id[0x0b] high edge lint[0x1])
Apr 01 08:19:34 nixos kernel: ACPI: LAPIC_NMI (acpi_id[0x0c] high edge lint[0x1])
Apr 01 08:19:34 nixos kernel: ACPI: LAPIC_NMI (acpi_id[0x0d] high edge lint[0x1])
Apr 01 08:19:34 nixos kernel: ACPI: LAPIC_NMI (acpi_id[0x0e] high edge lint[0x1])
Apr 01 08:19:34 nixos kernel: ACPI: LAPIC_NMI (acpi_id[0x0f] high edge lint[0x1])
Apr 01 08:19:34 nixos kernel: ACPI: LAPIC_NMI (acpi_id[0x10] high edge lint[0x1])
Apr 01 08:19:34 nixos kernel: IOAPIC[0]: apic_id 2, version 32, address 0xfec00000, GSI 0-119
Apr 01 08:19:34 nixos kernel: ACPI: INT_SRC_OVR (bus 0 bus_irq 0 global_irq 2 dfl dfl)
Apr 01 08:19:34 nixos kernel: ACPI: INT_SRC_OVR (bus 0 bus_irq 9 global_irq 9 high level)
Apr 01 08:19:34 nixos kernel: ACPI: Using ACPI (MADT) for SMP configuration information
Apr 01 08:19:34 nixos kernel: ACPI: HPET id: 0x8086a201 base: 0xfed00000
Apr 01 08:19:34 nixos kernel: e820: update [mem 0x5e74c000-0x5e77afff] usable ==> reserved
Apr 01 08:19:34 nixos kernel: TSC deadline timer available
Apr 01 08:19:34 nixos kernel: smpboot: Allowing 8 CPUs, 0 hotplug CPUs
Apr 01 08:19:34 nixos kernel: PM: hibernation: Registered nosave memory: [mem 0x00000000-0x00000fff]
Apr 01 08:19:34 nixos kernel: PM: hibernation: Registered nosave memory: [mem 0x0009f000-0x000fffff]
Apr 01 08:19:34 nixos kernel: PM: hibernation: Registered nosave memory: [mem 0x59c04000-0x59c04fff]
Apr 01 08:19:34 nixos kernel: PM: hibernation: Registered nosave memory: [mem 0x59c2d000-0x59c2dfff]
Apr 01 08:19:34 nixos kernel: PM: hibernation: Registered nosave memory: [mem 0x5e74c000-0x5e77afff]
Apr 01 08:19:34 nixos kernel: PM: hibernation: Registered nosave memory: [mem 0x5f561000-0x5f561fff]
Apr 01 08:19:34 nixos kernel: PM: hibernation: Registered nosave memory: [mem 0x613bf000-0x65cf9fff]
Apr 01 08:19:34 nixos kernel: PM: hibernation: Registered nosave memory: [mem 0x65cfa000-0x65dc5fff]
Apr 01 08:19:34 nixos kernel: PM: hibernation: Registered nosave memory: [mem 0x65dc6000-0x65ec0fff]
Apr 01 08:19:34 nixos kernel: PM: hibernation: Registered nosave memory: [mem 0x65ec1000-0x667fefff]
Apr 01 08:19:34 nixos kernel: PM: hibernation: Registered nosave memory: [mem 0x66800000-0x6cffffff]
Apr 01 08:19:34 nixos kernel: PM: hibernation: Registered nosave memory: [mem 0x6d000000-0x6d7fffff]
Apr 01 08:19:34 nixos kernel: PM: hibernation: Registered nosave memory: [mem 0x6d800000-0x6d9fffff]
Apr 01 08:19:34 nixos kernel: PM: hibernation: Registered nosave memory: [mem 0x6da00000-0x6e3fffff]
Apr 01 08:19:34 nixos kernel: PM: hibernation: Registered nosave memory: [mem 0x6e400000-0x747fffff]
Apr 01 08:19:34 nixos kernel: PM: hibernation: Registered nosave memory: [mem 0x74800000-0xbfffffff]
Apr 01 08:19:34 nixos kernel: PM: hibernation: Registered nosave memory: [mem 0xc0000000-0xcfffffff]
Apr 01 08:19:34 nixos kernel: PM: hibernation: Registered nosave memory: [mem 0xd0000000-0xfdffffff]
Apr 01 08:19:34 nixos kernel: PM: hibernation: Registered nosave memory: [mem 0xfe000000-0xfe010fff]
Apr 01 08:19:34 nixos kernel: PM: hibernation: Registered nosave memory: [mem 0xfe011000-0xfebfffff]
Apr 01 08:19:34 nixos kernel: PM: hibernation: Registered nosave memory: [mem 0xfec00000-0xfec00fff]
Apr 01 08:19:34 nixos kernel: PM: hibernation: Registered nosave memory: [mem 0xfec01000-0xfecfffff]
Apr 01 08:19:34 nixos kernel: PM: hibernation: Registered nosave memory: [mem 0xfed00000-0xfed00fff]
Apr 01 08:19:34 nixos kernel: PM: hibernation: Registered nosave memory: [mem 0xfed01000-0xfed1ffff]
Apr 01 08:19:34 nixos kernel: PM: hibernation: Registered nosave memory: [mem 0xfed20000-0xfed7ffff]
Apr 01 08:19:34 nixos kernel: PM: hibernation: Registered nosave memory: [mem 0xfed80000-0xfedfffff]
Apr 01 08:19:34 nixos kernel: PM: hibernation: Registered nosave memory: [mem 0xfee00000-0xfee00fff]
Apr 01 08:19:34 nixos kernel: PM: hibernation: Registered nosave memory: [mem 0xfee01000-0xfeffffff]
Apr 01 08:19:34 nixos kernel: PM: hibernation: Registered nosave memory: [mem 0xff000000-0xffffffff]
Apr 01 08:19:34 nixos kernel: [mem 0x74800000-0xbfffffff] available for PCI devices
Apr 01 08:19:34 nixos kernel: Booting paravirtualized kernel on bare hardware
Apr 01 08:19:34 nixos kernel: clocksource: refined-jiffies: mask: 0xffffffff max_cycles: 0xffffffff, max_idle_ns: 1910969940391419 ns
Apr 01 08:19:34 nixos kernel: setup_percpu: NR_CPUS:384 nr_cpumask_bits:384 nr_cpu_ids:8 nr_node_ids:1
Apr 01 08:19:34 nixos kernel: percpu: Embedded 55 pages/cpu s186904 r8192 d30184 u262144
Apr 01 08:19:34 nixos kernel: pcpu-alloc: s186904 r8192 d30184 u262144 alloc=1*2097152
Apr 01 08:19:34 nixos kernel: pcpu-alloc: [0] 0 1 2 3 4 5 6 7 
Apr 01 08:19:34 nixos kernel: Built 1 zonelists, mobility grouping on.  Total pages: 4050833
Apr 01 08:19:34 nixos kernel: Policy zone: Normal
Apr 01 08:19:34 nixos kernel: Kernel command line: initrd=\efi\nixos\fy30c0x97qn4376qy941ifrmz0pr89jl-initrd-linux-5.15.82-initrd.efi init=/nix/store/1dm3c8mgwdgyrspi147cjbsyrkyil5k8-nixos-system-nixos-23.05.20221213.1710ed1/init loglevel=4
Apr 01 08:19:34 nixos kernel: Dentry cache hash table entries: 2097152 (order: 12, 16777216 bytes, linear)
Apr 01 08:19:34 nixos kernel: Inode-cache hash table entries: 1048576 (order: 11, 8388608 bytes, linear)
Apr 01 08:19:34 nixos kernel: mem auto-init: stack:off, heap alloc:off, heap free:off
Apr 01 08:19:34 nixos kernel: Memory: 15957916K/16461176K available (12295K kernel code, 2282K rwdata, 7304K rodata, 1884K init, 2472K bss, 503000K reserved, 0K cma-reserved)
Apr 01 08:19:34 nixos kernel: SLUB: HWalign=64, Order=0-3, MinObjects=0, CPUs=8, Nodes=1
Apr 01 08:19:34 nixos kernel: ftrace: allocating 35273 entries in 138 pages
Apr 01 08:19:34 nixos kernel: ftrace: allocated 138 pages with 3 groups
Apr 01 08:19:34 nixos kernel: rcu: Hierarchical RCU implementation.
Apr 01 08:19:34 nixos kernel: rcu:         RCU event tracing is enabled.
Apr 01 08:19:34 nixos kernel: rcu:         RCU restricting CPUs from NR_CPUS=384 to nr_cpu_ids=8.
Apr 01 08:19:34 nixos kernel:         Trampoline variant of Tasks RCU enabled.
Apr 01 08:19:34 nixos kernel:         Rude variant of Tasks RCU enabled.
Apr 01 08:19:34 nixos kernel:         Tracing variant of Tasks RCU enabled.
Apr 01 08:19:34 nixos kernel: rcu: RCU calculated value of scheduler-enlistment delay is 100 jiffies.
Apr 01 08:19:34 nixos kernel: rcu: Adjusting geometry for rcu_fanout_leaf=16, nr_cpu_ids=8
Apr 01 08:19:34 nixos kernel: NR_IRQS: 24832, nr_irqs: 2048, preallocated irqs: 16
Apr 01 08:19:34 nixos kernel: rcu:         Offload RCU callbacks from CPUs: (none).
Apr 01 08:19:34 nixos kernel: Console: colour dummy device 80x25
Apr 01 08:19:34 nixos kernel: printk: console [tty0] enabled
Apr 01 08:19:34 nixos kernel: ACPI: Core revision 20210730
Apr 01 08:19:34 nixos kernel: hpet: HPET dysfunctional in PC10. Force disabled.
Apr 01 08:19:34 nixos kernel: APIC: Switch to symmetric I/O mode setup
Apr 01 08:19:34 nixos kernel: DMAR: Host address width 39
Apr 01 08:19:34 nixos kernel: DMAR: DRHD base: 0x000000fed90000 flags: 0x0
Apr 01 08:19:34 nixos kernel: DMAR: dmar0: reg_base_addr fed90000 ver 4:0 cap 1c0000c40660462 ecap 69e2ff0505e
Apr 01 08:19:34 nixos kernel: DMAR: DRHD base: 0x000000fed84000 flags: 0x0
Apr 01 08:19:34 nixos kernel: DMAR: dmar1: reg_base_addr fed84000 ver 1:0 cap d2008c40660462 ecap f050da
Apr 01 08:19:34 nixos kernel: DMAR: DRHD base: 0x000000fed91000 flags: 0x1
Apr 01 08:19:34 nixos kernel: DMAR: dmar2: reg_base_addr fed91000 ver 1:0 cap d2008c40660462 ecap f050da
Apr 01 08:19:34 nixos kernel: DMAR: RMRR base: 0x00000070000000 end: 0x000000747fffff
Apr 01 08:19:34 nixos kernel: DMAR-IR: IOAPIC id 2 under DRHD base  0xfed91000 IOMMU 2
Apr 01 08:19:34 nixos kernel: DMAR-IR: HPET id 0 under DRHD base 0xfed91000
Apr 01 08:19:34 nixos kernel: DMAR-IR: Queued invalidation will be enabled to support x2apic and Intr-remapping.
Apr 01 08:19:34 nixos kernel: DMAR-IR: Enabled IRQ remapping in x2apic mode
Apr 01 08:19:34 nixos kernel: x2apic enabled
Apr 01 08:19:34 nixos kernel: Switched APIC routing to cluster x2apic.
Apr 01 08:19:34 nixos kernel: clocksource: tsc-early: mask: 0xffffffffffffffff max_cycles: 0x28680fa287f, max_idle_ns: 440795281151 ns
Apr 01 08:19:34 nixos kernel: Calibrating delay loop (skipped), value calculated using timer frequency.. 5606.40 BogoMIPS (lpj=2803200)
Apr 01 08:19:34 nixos kernel: pid_max: default: 32768 minimum: 301
Apr 01 08:19:34 nixos kernel: LSM: Security Framework initializing
Apr 01 08:19:34 nixos kernel: landlock: Up and running.
Apr 01 08:19:34 nixos kernel: Yama: becoming mindful.
Apr 01 08:19:34 nixos kernel: SELinux:  Initializing.
Apr 01 08:19:34 nixos kernel: LSM support for eBPF active
Apr 01 08:19:34 nixos kernel: Mount-cache hash table entries: 32768 (order: 6, 262144 bytes, linear)
Apr 01 08:19:34 nixos kernel: Mountpoint-cache hash table entries: 32768 (order: 6, 262144 bytes, linear)
Apr 01 08:19:34 nixos kernel: CPU0: Thermal monitoring enabled (TM1)
Apr 01 08:19:34 nixos kernel: x86/cpu: User Mode Instruction Prevention (UMIP) activated
Apr 01 08:19:34 nixos kernel: process: using mwait in idle threads
Apr 01 08:19:34 nixos kernel: Last level iTLB entries: 4KB 0, 2MB 0, 4MB 0
Apr 01 08:19:34 nixos kernel: Last level dTLB entries: 4KB 0, 2MB 0, 4MB 0, 1GB 0
Apr 01 08:19:34 nixos kernel: Spectre V1 : Mitigation: usercopy/swapgs barriers and __user pointer sanitization
Apr 01 08:19:34 nixos kernel: Spectre V2 : Mitigation: Enhanced IBRS
Apr 01 08:19:34 nixos kernel: Spectre V2 : Spectre v2 / SpectreRSB mitigation: Filling RSB on context switch
Apr 01 08:19:34 nixos kernel: Spectre V2 : Spectre v2 / PBRSB-eIBRS: Retire a single CALL on VMEXIT
Apr 01 08:19:34 nixos kernel: Spectre V2 : mitigation: Enabling conditional Indirect Branch Prediction Barrier
Apr 01 08:19:34 nixos kernel: Speculative Store Bypass: Mitigation: Speculative Store Bypass disabled via prctl and seccomp
Apr 01 08:19:34 nixos kernel: Freeing SMP alternatives memory: 32K
Apr 01 08:19:34 nixos kernel: smpboot: Estimated ratio of average max frequency by base frequency (times 1024): 1499
Apr 01 08:19:34 nixos kernel: smpboot: CPU0: 11th Gen Intel(R) Core(TM) i7-1165G7 @ 2.80GHz (family: 0x6, model: 0x8c, stepping: 0x1)
Apr 01 08:19:34 nixos kernel: Performance Events: PEBS fmt4+-baseline,  AnyThread deprecated, Icelake events, 32-deep LBR, full-width counters, Intel PMU driver.
Apr 01 08:19:34 nixos kernel: ... version:                5
Apr 01 08:19:34 nixos kernel: ... bit width:              48
Apr 01 08:19:34 nixos kernel: ... generic registers:      8
Apr 01 08:19:34 nixos kernel: ... value mask:             0000ffffffffffff
Apr 01 08:19:34 nixos kernel: ... max period:             00007fffffffffff
Apr 01 08:19:34 nixos kernel: ... fixed-purpose events:   4
Apr 01 08:19:34 nixos kernel: ... event mask:             0001000f000000ff
Apr 01 08:19:34 nixos kernel: rcu: Hierarchical SRCU implementation.
Apr 01 08:19:34 nixos kernel: smp: Bringing up secondary CPUs ...
Apr 01 08:19:34 nixos kernel: x86: Booting SMP configuration:
Apr 01 08:19:34 nixos kernel: .... node  #0, CPUs:      #1
Apr 01 08:19:34 nixos kernel: [Firmware Bug]: TSC ADJUST differs within socket(s), fixing all errors
Apr 01 08:19:34 nixos kernel:  #2 #3 #4 #5 #6 #7
Apr 01 08:19:34 nixos kernel: smp: Brought up 1 node, 8 CPUs
Apr 01 08:19:34 nixos kernel: smpboot: Max logical packages: 1
Apr 01 08:19:34 nixos kernel: smpboot: Total of 8 processors activated (44851.20 BogoMIPS)
Apr 01 08:19:34 nixos kernel: devtmpfs: initialized
Apr 01 08:19:34 nixos kernel: x86/mm: Memory block size: 128MB
Apr 01 08:19:34 nixos kernel: ACPI: PM: Registering ACPI NVS region [mem 0x65dc6000-0x65ec0fff] (1028096 bytes)
Apr 01 08:19:34 nixos kernel: clocksource: jiffies: mask: 0xffffffff max_cycles: 0xffffffff, max_idle_ns: 1911260446275000 ns
Apr 01 08:19:34 nixos kernel: futex hash table entries: 2048 (order: 5, 131072 bytes, linear)
Apr 01 08:19:34 nixos kernel: pinctrl core: initialized pinctrl subsystem
Apr 01 08:19:34 nixos kernel: NET: Registered PF_NETLINK/PF_ROUTE protocol family
Apr 01 08:19:34 nixos kernel: audit: initializing netlink subsys (disabled)
Apr 01 08:19:34 nixos kernel: audit: type=2000 audit(1680337173.012:1): state=initialized audit_enabled=0 res=1
Apr 01 08:19:34 nixos kernel: thermal_sys: Registered thermal governor 'bang_bang'
Apr 01 08:19:34 nixos kernel: thermal_sys: Registered thermal governor 'step_wise'
Apr 01 08:19:34 nixos kernel: thermal_sys: Registered thermal governor 'user_space'
Apr 01 08:19:34 nixos kernel: cpuidle: using governor menu
Apr 01 08:19:34 nixos kernel: ACPI: bus type PCI registered
Apr 01 08:19:34 nixos kernel: acpiphp: ACPI Hot Plug PCI Controller Driver version: 0.5
Apr 01 08:19:34 nixos kernel: PCI: MMCONFIG for domain 0000 [bus 00-ff] at [mem 0xc0000000-0xcfffffff] (base 0xc0000000)
Apr 01 08:19:34 nixos kernel: PCI: MMCONFIG at [mem 0xc0000000-0xcfffffff] reserved in E820
Apr 01 08:19:34 nixos kernel: PCI: Using configuration type 1 for base access
Apr 01 08:19:34 nixos kernel: ENERGY_PERF_BIAS: Set to 'normal', was 'performance'
Apr 01 08:19:34 nixos kernel: Kprobes globally optimized
Apr 01 08:19:34 nixos kernel: HugeTLB registered 1.00 GiB page size, pre-allocated 0 pages
Apr 01 08:19:34 nixos kernel: HugeTLB registered 2.00 MiB page size, pre-allocated 0 pages
Apr 01 08:19:34 nixos kernel: ACPI: Added _OSI(Module Device)
Apr 01 08:19:34 nixos kernel: ACPI: Added _OSI(Processor Device)
Apr 01 08:19:34 nixos kernel: ACPI: Added _OSI(3.0 _SCP Extensions)
Apr 01 08:19:34 nixos kernel: ACPI: Added _OSI(Processor Aggregator Device)
Apr 01 08:19:34 nixos kernel: ACPI: Added _OSI(Linux-Dell-Video)
Apr 01 08:19:34 nixos kernel: ACPI: Added _OSI(Linux-Lenovo-NV-HDMI-Audio)
Apr 01 08:19:34 nixos kernel: ACPI: Added _OSI(Linux-HPI-Hybrid-Graphics)
Apr 01 08:19:34 nixos kernel: ACPI: 13 ACPI AML tables successfully acquired and loaded
Apr 01 08:19:34 nixos kernel: ACPI: EC: EC started
Apr 01 08:19:34 nixos kernel: ACPI: EC: interrupt blocked
Apr 01 08:19:34 nixos kernel: ACPI: EC: EC_CMD/EC_SC=0x66, EC_DATA=0x62
Apr 01 08:19:34 nixos kernel: ACPI: EC: Boot ECDT EC used to handle transactions
Apr 01 08:19:34 nixos kernel: ACPI: Dynamic OEM Table Load:
Apr 01 08:19:34 nixos kernel: ACPI: SSDT 0xFFFF929680263A00 0001B8 (v02 PmRef  Cpu0Psd  00003000 INTL 20191018)
Apr 01 08:19:34 nixos kernel: ACPI: \_SB_.PR00: _OSC native thermal LVT Acked
Apr 01 08:19:34 nixos kernel: ACPI: Dynamic OEM Table Load:
Apr 01 08:19:34 nixos kernel: ACPI: SSDT 0xFFFF929681103C00 000394 (v02 PmRef  Cpu0Cst  00003001 INTL 20191018)
Apr 01 08:19:34 nixos kernel: ACPI: Dynamic OEM Table Load:
Apr 01 08:19:34 nixos kernel: ACPI: SSDT 0xFFFF929681122000 000647 (v02 PmRef  Cpu0Ist  00003000 INTL 20191018)
Apr 01 08:19:34 nixos kernel: ACPI: Dynamic OEM Table Load:
Apr 01 08:19:34 nixos kernel: ACPI: SSDT 0xFFFF929680260400 000128 (v02 PmRef  Cpu0Hwp  00003000 INTL 20191018)
Apr 01 08:19:34 nixos kernel: ACPI: Dynamic OEM Table Load:
Apr 01 08:19:34 nixos kernel: ACPI: SSDT 0xFFFF929680143000 0008E7 (v02 PmRef  ApIst    00003000 INTL 20191018)
Apr 01 08:19:34 nixos kernel: ACPI: Dynamic OEM Table Load:
Apr 01 08:19:34 nixos kernel: ACPI: SSDT 0xFFFF929681124000 00048A (v02 PmRef  ApHwp    00003000 INTL 20191018)
Apr 01 08:19:34 nixos kernel: ACPI: Dynamic OEM Table Load:
Apr 01 08:19:34 nixos kernel: ACPI: SSDT 0xFFFF929681122800 0004D2 (v02 PmRef  ApPsd    00003000 INTL 20191018)
Apr 01 08:19:34 nixos kernel: ACPI: Dynamic OEM Table Load:
Apr 01 08:19:34 nixos kernel: ACPI: SSDT 0xFFFF929681124800 00048A (v02 PmRef  ApCst    00003000 INTL 20191018)
Apr 01 08:19:34 nixos kernel: ACPI: Interpreter enabled
Apr 01 08:19:34 nixos kernel: ACPI: PM: (supports S0 S3 S4 S5)
Apr 01 08:19:34 nixos kernel: ACPI: Using IOAPIC for interrupt routing
Apr 01 08:19:34 nixos kernel: PCI: Using host bridge windows from ACPI; if necessary, use "pci=nocrs" and report a bug
Apr 01 08:19:34 nixos kernel: ACPI: Enabled 8 GPEs in block 00 to 7F
Apr 01 08:19:34 nixos kernel: ACPI: PM: Power Resource [WRST]
Apr 01 08:19:34 nixos kernel: ACPI: PM: Power Resource [DRST]
Apr 01 08:19:34 nixos kernel: ACPI: PM: Power Resource [PC05]
Apr 01 08:19:34 nixos kernel: ACPI: PM: Power Resource [PXP]
Apr 01 08:19:34 nixos kernel: ACPI: PM: Power Resource [PAUD]
Apr 01 08:19:34 nixos kernel: ACPI: PM: Power Resource [V0PR]
Apr 01 08:19:34 nixos kernel: ACPI: PM: Power Resource [V1PR]
Apr 01 08:19:34 nixos kernel: ACPI: PM: Power Resource [V2PR]
Apr 01 08:19:34 nixos kernel: ACPI: PM: Power Resource [PXTC]
Apr 01 08:19:34 nixos kernel: ACPI: PM: Power Resource [PTPL]
Apr 01 08:19:34 nixos kernel: ACPI: PM: Power Resource [PXTC]
Apr 01 08:19:34 nixos kernel: ACPI: PM: Power Resource [PXTC]
Apr 01 08:19:34 nixos kernel: ACPI: PM: Power Resource [WRST]
Apr 01 08:19:34 nixos kernel: ACPI: PM: Power Resource [NVPR]
Apr 01 08:19:34 nixos kernel: ACPI: PM: Power Resource [V0PR]
Apr 01 08:19:34 nixos kernel: ACPI: PM: Power Resource [V1PR]
Apr 01 08:19:34 nixos kernel: ACPI: PM: Power Resource [V2PR]
Apr 01 08:19:34 nixos kernel: ACPI: PM: Power Resource [V3PR]
Apr 01 08:19:34 nixos kernel: ACPI: PM: Power Resource [TBT0]
Apr 01 08:19:34 nixos kernel: ACPI: PM: Power Resource [TBT1]
Apr 01 08:19:34 nixos kernel: ACPI: PM: Power Resource [D3C]
Apr 01 08:19:34 nixos kernel: ACPI: PM: Power Resource [PIN]
Apr 01 08:19:34 nixos kernel: ACPI: PCI Root Bridge [PC00] (domain 0000 [bus 00-e0])
Apr 01 08:19:34 nixos kernel: acpi PNP0A08:00: _OSC: OS supports [ExtendedConfig ASPM ClockPM Segments MSI HPX-Type3]
Apr 01 08:19:34 nixos kernel: acpi PNP0A08:00: _OSC: OS now controls [PCIeHotplug PME PCIeCapability LTR]
Apr 01 08:19:34 nixos kernel: PCI host bridge to bus 0000:00
Apr 01 08:19:34 nixos kernel: pci_bus 0000:00: root bus resource [io  0x0000-0x0cf7 window]
Apr 01 08:19:34 nixos kernel: pci_bus 0000:00: root bus resource [io  0x0d00-0xffff window]
Apr 01 08:19:34 nixos kernel: pci_bus 0000:00: root bus resource [mem 0x000a0000-0x000bffff window]
Apr 01 08:19:34 nixos kernel: pci_bus 0000:00: root bus resource [mem 0x000e0000-0x000e3fff window]
Apr 01 08:19:34 nixos kernel: pci_bus 0000:00: root bus resource [mem 0x000e4000-0x000e7fff window]
Apr 01 08:19:34 nixos kernel: pci_bus 0000:00: root bus resource [mem 0x000e8000-0x000ebfff window]
Apr 01 08:19:34 nixos kernel: pci_bus 0000:00: root bus resource [mem 0x000ec000-0x000effff window]
Apr 01 08:19:34 nixos kernel: pci_bus 0000:00: root bus resource [mem 0x000f0000-0x000fffff window]
Apr 01 08:19:34 nixos kernel: pci_bus 0000:00: root bus resource [mem 0x74800000-0xbfffffff window]
Apr 01 08:19:34 nixos kernel: pci_bus 0000:00: root bus resource [mem 0x4000000000-0x7fffffffff window]
Apr 01 08:19:34 nixos kernel: pci_bus 0000:00: root bus resource [bus 00-e0]
Apr 01 08:19:34 nixos kernel: pci 0000:00:00.0: [8086:9a14] type 00 class 0x060000
Apr 01 08:19:34 nixos kernel: pci 0000:00:02.0: [8086:9a49] type 00 class 0x030000
Apr 01 08:19:34 nixos kernel: pci 0000:00:02.0: reg 0x10: [mem 0x6036000000-0x6036ffffff 64bit]
Apr 01 08:19:34 nixos kernel: pci 0000:00:02.0: reg 0x18: [mem 0x4000000000-0x400fffffff 64bit pref]
Apr 01 08:19:34 nixos kernel: pci 0000:00:02.0: reg 0x20: [io  0x4000-0x403f]
Apr 01 08:19:34 nixos kernel: pci 0000:00:02.0: BAR 2: assigned to efifb
Apr 01 08:19:34 nixos kernel: pci 0000:00:02.0: DMAR: Skip IOMMU disabling for graphics
Apr 01 08:19:34 nixos kernel: pci 0000:00:02.0: Video device with shadowed ROM at [mem 0x000c0000-0x000dffff]
Apr 01 08:19:34 nixos kernel: pci 0000:00:02.0: reg 0x344: [mem 0x00000000-0x00ffffff 64bit]
Apr 01 08:19:34 nixos kernel: pci 0000:00:02.0: VF(n) BAR0 space: [mem 0x00000000-0x06ffffff 64bit] (contains BAR0 for 7 VFs)
Apr 01 08:19:34 nixos kernel: pci 0000:00:02.0: reg 0x34c: [mem 0x00000000-0x1fffffff 64bit pref]
Apr 01 08:19:34 nixos kernel: pci 0000:00:02.0: VF(n) BAR2 space: [mem 0x00000000-0xdfffffff 64bit pref] (contains BAR2 for 7 VFs)
Apr 01 08:19:34 nixos kernel: pci 0000:00:04.0: [8086:9a03] type 00 class 0x118000
Apr 01 08:19:34 nixos kernel: pci 0000:00:04.0: reg 0x10: [mem 0x6037240000-0x603725ffff 64bit]
Apr 01 08:19:34 nixos kernel: pci 0000:00:07.0: [8086:9a23] type 01 class 0x060400
Apr 01 08:19:34 nixos kernel: pci 0000:00:07.0: PME# supported from D0 D3hot D3cold
Apr 01 08:19:34 nixos kernel: pci 0000:00:08.0: [8086:9a11] type 00 class 0x088000
Apr 01 08:19:34 nixos kernel: pci 0000:00:08.0: reg 0x10: [mem 0x6037298000-0x6037298fff 64bit]
Apr 01 08:19:34 nixos kernel: pci 0000:00:0a.0: [8086:9a0d] type 00 class 0x118000
Apr 01 08:19:34 nixos kernel: pci 0000:00:0a.0: reg 0x10: [mem 0x6037280000-0x6037287fff 64bit]
Apr 01 08:19:34 nixos kernel: pci 0000:00:0a.0: enabling Extended Tags
Apr 01 08:19:34 nixos kernel: pci 0000:00:0d.0: [8086:9a13] type 00 class 0x0c0330
Apr 01 08:19:34 nixos kernel: pci 0000:00:0d.0: reg 0x10: [mem 0x6037270000-0x603727ffff 64bit]
Apr 01 08:19:34 nixos kernel: pci 0000:00:0d.0: PME# supported from D3hot D3cold
Apr 01 08:19:34 nixos kernel: pci 0000:00:0d.2: [8086:9a1b] type 00 class 0x0c0340
Apr 01 08:19:34 nixos kernel: pci 0000:00:0d.2: reg 0x10: [mem 0x6037200000-0x603723ffff 64bit]
Apr 01 08:19:34 nixos kernel: pci 0000:00:0d.2: reg 0x18: [mem 0x6037297000-0x6037297fff 64bit]
Apr 01 08:19:34 nixos kernel: pci 0000:00:0d.2: supports D1 D2
Apr 01 08:19:34 nixos kernel: pci 0000:00:0d.2: PME# supported from D0 D1 D2 D3hot D3cold
Apr 01 08:19:34 nixos kernel: pci 0000:00:0e.0: [8086:9a0b] type 00 class 0x010400
Apr 01 08:19:34 nixos kernel: pci 0000:00:0e.0: reg 0x10: [mem 0x6034000000-0x6035ffffff 64bit]
Apr 01 08:19:34 nixos kernel: pci 0000:00:0e.0: reg 0x18: [mem 0x76000000-0x77ffffff]
Apr 01 08:19:34 nixos kernel: pci 0000:00:0e.0: reg 0x20: [mem 0x6037100000-0x60371fffff 64bit]
Apr 01 08:19:34 nixos kernel: pci 0000:00:14.0: [8086:a0ed] type 00 class 0x0c0330
Apr 01 08:19:34 nixos kernel: pci 0000:00:14.0: reg 0x10: [mem 0x6037260000-0x603726ffff 64bit]
Apr 01 08:19:34 nixos kernel: pci 0000:00:14.0: PME# supported from D3hot D3cold
Apr 01 08:19:34 nixos kernel: pci 0000:00:14.2: [8086:a0ef] type 00 class 0x050000
Apr 01 08:19:34 nixos kernel: pci 0000:00:14.2: reg 0x10: [mem 0x603728c000-0x603728ffff 64bit]
Apr 01 08:19:34 nixos kernel: pci 0000:00:14.2: reg 0x18: [mem 0x6037296000-0x6037296fff 64bit]
Apr 01 08:19:34 nixos kernel: pci 0000:00:15.0: [8086:a0e8] type 00 class 0x0c8000
Apr 01 08:19:34 nixos kernel: pci 0000:00:15.0: reg 0x10: [mem 0x00000000-0x00000fff 64bit]
Apr 01 08:19:34 nixos kernel: pci 0000:00:15.1: [8086:a0e9] type 00 class 0x0c8000
Apr 01 08:19:34 nixos kernel: pci 0000:00:15.1: reg 0x10: [mem 0x00000000-0x00000fff 64bit]
Apr 01 08:19:34 nixos kernel: pci 0000:00:16.0: [8086:a0e0] type 00 class 0x078000
Apr 01 08:19:34 nixos kernel: pci 0000:00:16.0: reg 0x10: [mem 0x6037293000-0x6037293fff 64bit]
Apr 01 08:19:34 nixos kernel: pci 0000:00:16.0: PME# supported from D3hot
Apr 01 08:19:34 nixos kernel: pci 0000:00:1c.0: [8086:a0b8] type 01 class 0x060400
Apr 01 08:19:34 nixos kernel: pci 0000:00:1c.0: PME# supported from D0 D3hot D3cold
Apr 01 08:19:34 nixos kernel: pci 0000:00:1c.3: [8086:a0bb] type 01 class 0x060400
Apr 01 08:19:34 nixos kernel: pci 0000:00:1c.3: PME# supported from D0 D3hot D3cold
Apr 01 08:19:34 nixos kernel: pci 0000:00:1c.4: [8086:a0bc] type 01 class 0x060400
Apr 01 08:19:34 nixos kernel: pci 0000:00:1c.4: PME# supported from D0 D3hot D3cold
Apr 01 08:19:34 nixos kernel: pci 0000:00:1d.0: [8086:09ab] type 00 class 0x088000
Apr 01 08:19:34 nixos kernel: pci 0000:00:1e.0: [8086:a0a8] type 00 class 0x078000
Apr 01 08:19:34 nixos kernel: pci 0000:00:1e.0: reg 0x10: [mem 0x00000000-0x00000fff 64bit]
Apr 01 08:19:34 nixos kernel: pci 0000:00:1e.2: [8086:a0aa] type 00 class 0x0c8000
Apr 01 08:19:34 nixos kernel: pci 0000:00:1e.2: reg 0x10: [mem 0x00000000-0x00000fff 64bit]
Apr 01 08:19:34 nixos kernel: pci 0000:00:1f.0: [8086:a082] type 00 class 0x060100
Apr 01 08:19:34 nixos kernel: pci 0000:00:1f.3: [8086:a0c8] type 00 class 0x040380
Apr 01 08:19:34 nixos kernel: pci 0000:00:1f.3: reg 0x10: [mem 0x6037288000-0x603728bfff 64bit]
Apr 01 08:19:34 nixos kernel: pci 0000:00:1f.3: reg 0x20: [mem 0x6037000000-0x60370fffff 64bit]
Apr 01 08:19:34 nixos kernel: pci 0000:00:1f.3: PME# supported from D3hot D3cold
Apr 01 08:19:34 nixos kernel: pci 0000:00:1f.4: [8086:a0a3] type 00 class 0x0c0500
Apr 01 08:19:34 nixos kernel: pci 0000:00:1f.4: reg 0x10: [mem 0x6037290000-0x60372900ff 64bit]
Apr 01 08:19:34 nixos kernel: pci 0000:00:1f.4: reg 0x20: [io  0xefa0-0xefbf]
Apr 01 08:19:34 nixos kernel: pci 0000:00:1f.5: [8086:a0a4] type 00 class 0x0c8000
Apr 01 08:19:34 nixos kernel: pci 0000:00:1f.5: reg 0x10: [mem 0xfe010000-0xfe010fff]
Apr 01 08:19:34 nixos kernel: pci 0000:00:07.0: PCI bridge to [bus 01-2b]
Apr 01 08:19:34 nixos kernel: pci 0000:00:07.0:   bridge window [mem 0x78000000-0x841fffff]
Apr 01 08:19:34 nixos kernel: pci 0000:00:07.0:   bridge window [mem 0x6000000000-0x601bffffff 64bit pref]
Apr 01 08:19:34 nixos kernel: pci 0000:00:1c.0: PCI bridge to [bus 2c]
Apr 01 08:19:34 nixos kernel: pci 0000:2d:00.0: [14c3:7961] type 00 class 0x028000
Apr 01 08:19:34 nixos kernel: pci 0000:2d:00.0: reg 0x10: [mem 0x6032100000-0x60321fffff 64bit pref]
Apr 01 08:19:34 nixos kernel: pci 0000:2d:00.0: reg 0x18: [mem 0x6032200000-0x6032203fff 64bit pref]
Apr 01 08:19:34 nixos kernel: pci 0000:2d:00.0: reg 0x20: [mem 0x6032204000-0x6032204fff 64bit pref]
Apr 01 08:19:34 nixos kernel: pci 0000:2d:00.0: supports D1 D2
Apr 01 08:19:34 nixos kernel: pci 0000:2d:00.0: PME# supported from D0 D1 D2 D3hot D3cold
Apr 01 08:19:34 nixos kernel: pci 0000:00:1c.3: PCI bridge to [bus 2d]
Apr 01 08:19:34 nixos kernel: pci 0000:00:1c.3:   bridge window [mem 0x6032100000-0x60322fffff 64bit pref]
Apr 01 08:19:34 nixos kernel: pci 0000:2e:00.0: [10de:1c94] type 00 class 0x030200
Apr 01 08:19:34 nixos kernel: pci 0000:2e:00.0: reg 0x10: [mem 0x85000000-0x85ffffff]
Apr 01 08:19:34 nixos kernel: pci 0000:2e:00.0: reg 0x14: [mem 0x6020000000-0x602fffffff 64bit pref]
Apr 01 08:19:34 nixos kernel: pci 0000:2e:00.0: reg 0x1c: [mem 0x6030000000-0x6031ffffff 64bit pref]
Apr 01 08:19:34 nixos kernel: pci 0000:2e:00.0: reg 0x24: [io  0x3000-0x307f]
Apr 01 08:19:34 nixos kernel: pci 0000:2e:00.0: reg 0x30: [mem 0x86000000-0x8607ffff pref]
Apr 01 08:19:34 nixos kernel: pci 0000:2e:00.0: Enabling HDA controller
Apr 01 08:19:34 nixos kernel: pci 0000:2e:00.0: 31.504 Gb/s available PCIe bandwidth, limited by 8.0 GT/s PCIe x4 link at 0000:00:1c.4 (capable of 126.016 Gb/s with 8.0 GT/s PCIe x16 link)
Apr 01 08:19:34 nixos kernel: pci 0000:00:1c.4: PCI bridge to [bus 2e]
Apr 01 08:19:34 nixos kernel: pci 0000:00:1c.4:   bridge window [io  0x3000-0x3fff]
Apr 01 08:19:34 nixos kernel: pci 0000:00:1c.4:   bridge window [mem 0x85000000-0x860fffff]
Apr 01 08:19:34 nixos kernel: pci 0000:00:1c.4:   bridge window [mem 0x6020000000-0x6031ffffff 64bit pref]
Apr 01 08:19:34 nixos kernel: ACPI: PCI: Interrupt link LNKA configured for IRQ 0
Apr 01 08:19:34 nixos kernel: ACPI: PCI: Interrupt link LNKB configured for IRQ 1
Apr 01 08:19:34 nixos kernel: ACPI: PCI: Interrupt link LNKC configured for IRQ 0
Apr 01 08:19:34 nixos kernel: ACPI: PCI: Interrupt link LNKD configured for IRQ 0
Apr 01 08:19:34 nixos kernel: ACPI: PCI: Interrupt link LNKE configured for IRQ 0
Apr 01 08:19:34 nixos kernel: ACPI: PCI: Interrupt link LNKF configured for IRQ 0
Apr 01 08:19:34 nixos kernel: ACPI: PCI: Interrupt link LNKG configured for IRQ 0
Apr 01 08:19:34 nixos kernel: ACPI: PCI: Interrupt link LNKH configured for IRQ 0
Apr 01 08:19:34 nixos kernel: ACPI: EC: interrupt unblocked
Apr 01 08:19:34 nixos kernel: ACPI: EC: event unblocked
Apr 01 08:19:34 nixos kernel: ACPI: EC: EC_CMD/EC_SC=0x66, EC_DATA=0x62
Apr 01 08:19:34 nixos kernel: ACPI: EC: GPE=0x6e
Apr 01 08:19:34 nixos kernel: ACPI: \_SB_.PC00.LPCB.EC0_: Boot ECDT EC initialization complete
Apr 01 08:19:34 nixos kernel: ACPI: \_SB_.PC00.LPCB.EC0_: EC: Used to handle transactions and events
Apr 01 08:19:34 nixos kernel: iommu: Default domain type: Translated 
Apr 01 08:19:34 nixos kernel: iommu: DMA domain TLB invalidation policy: lazy mode 
Apr 01 08:19:34 nixos kernel: pci 0000:00:02.0: vgaarb: setting as boot VGA device
Apr 01 08:19:34 nixos kernel: pci 0000:00:02.0: vgaarb: VGA device added: decodes=io+mem,owns=io+mem,locks=none
Apr 01 08:19:34 nixos kernel: pci 0000:00:02.0: vgaarb: bridge control possible
Apr 01 08:19:34 nixos kernel: vgaarb: loaded
Apr 01 08:19:34 nixos kernel: Registered efivars operations
Apr 01 08:19:34 nixos kernel: NetLabel: Initializing
Apr 01 08:19:34 nixos kernel: NetLabel:  domain hash size = 128
Apr 01 08:19:34 nixos kernel: NetLabel:  protocols = UNLABELED CIPSOv4 CALIPSO
Apr 01 08:19:34 nixos kernel: NetLabel:  unlabeled traffic allowed by default
Apr 01 08:19:34 nixos kernel: PCI: Using ACPI for IRQ routing
Apr 01 08:19:34 nixos kernel: PCI: pci_cache_line_size set to 64 bytes
Apr 01 08:19:34 nixos kernel: pci 0000:00:1f.5: can't claim BAR 0 [mem 0xfe010000-0xfe010fff]: no compatible bridge window
Apr 01 08:19:34 nixos kernel: e820: reserve RAM buffer [mem 0x0009f000-0x0009ffff]
Apr 01 08:19:34 nixos kernel: e820: reserve RAM buffer [mem 0x59c04018-0x5bffffff]
Apr 01 08:19:34 nixos kernel: e820: reserve RAM buffer [mem 0x5e74c000-0x5fffffff]
Apr 01 08:19:34 nixos kernel: e820: reserve RAM buffer [mem 0x5f561000-0x5fffffff]
Apr 01 08:19:34 nixos kernel: e820: reserve RAM buffer [mem 0x613bf000-0x63ffffff]
Apr 01 08:19:34 nixos kernel: e820: reserve RAM buffer [mem 0x66800000-0x67ffffff]
Apr 01 08:19:34 nixos kernel: e820: reserve RAM buffer [mem 0x48b800000-0x48bffffff]
Apr 01 08:19:34 nixos kernel: clocksource: Switched to clocksource tsc-early
Apr 01 08:19:34 nixos kernel: VFS: Disk quotas dquot_6.6.0
Apr 01 08:19:34 nixos kernel: VFS: Dquot-cache hash table entries: 512 (order 0, 4096 bytes)
Apr 01 08:19:34 nixos kernel: pnp: PnP ACPI init
Apr 01 08:19:34 nixos kernel: system 00:00: [io  0x0680-0x069f] has been reserved
Apr 01 08:19:34 nixos kernel: system 00:00: [io  0x164e-0x164f] has been reserved
Apr 01 08:19:34 nixos kernel: system 00:01: [io  0x1854-0x1857] has been reserved
Apr 01 08:19:34 nixos kernel: pnp 00:03: disabling [mem 0xc0000000-0xcfffffff] because it overlaps 0000:00:02.0 BAR 9 [mem 0x00000000-0xdfffffff 64bit pref]
Apr 01 08:19:34 nixos kernel: system 00:03: [mem 0xfedc0000-0xfedc7fff] has been reserved
Apr 01 08:19:34 nixos kernel: system 00:03: [mem 0xfeda0000-0xfeda0fff] has been reserved
Apr 01 08:19:34 nixos kernel: system 00:03: [mem 0xfeda1000-0xfeda1fff] has been reserved
Apr 01 08:19:34 nixos kernel: system 00:03: [mem 0xfed20000-0xfed7ffff] could not be reserved
Apr 01 08:19:34 nixos kernel: system 00:03: [mem 0xfed90000-0xfed93fff] could not be reserved
Apr 01 08:19:34 nixos kernel: system 00:03: [mem 0xfed45000-0xfed8ffff] could not be reserved
Apr 01 08:19:34 nixos kernel: system 00:03: [mem 0xfee00000-0xfeefffff] could not be reserved
Apr 01 08:19:34 nixos kernel: system 00:04: [io  0x1800-0x18fe] could not be reserved
Apr 01 08:19:34 nixos kernel: system 00:04: [mem 0xfe000000-0xfe01ffff] could not be reserved
Apr 01 08:19:34 nixos kernel: system 00:04: [mem 0xfe04c000-0xfe04ffff] has been reserved
Apr 01 08:19:34 nixos kernel: system 00:04: [mem 0xfe050000-0xfe0affff] has been reserved
Apr 01 08:19:34 nixos kernel: system 00:04: [mem 0xfe0d0000-0xfe0fffff] has been reserved
Apr 01 08:19:34 nixos kernel: system 00:04: [mem 0xfe200000-0xfe7fffff] has been reserved
Apr 01 08:19:34 nixos kernel: system 00:04: [mem 0xff000000-0xffffffff] has been reserved
Apr 01 08:19:34 nixos kernel: system 00:04: [mem 0xfd000000-0xfd68ffff] has been reserved
Apr 01 08:19:34 nixos kernel: system 00:04: [mem 0xfd6b0000-0xfd6cffff] has been reserved
Apr 01 08:19:34 nixos kernel: system 00:04: [mem 0xfd6f0000-0xfdffffff] has been reserved
Apr 01 08:19:34 nixos kernel: system 00:05: [io  0x2000-0x20fe] has been reserved
Apr 01 08:19:34 nixos kernel: pnp: PnP ACPI: found 7 devices
Apr 01 08:19:34 nixos kernel: clocksource: acpi_pm: mask: 0xffffff max_cycles: 0xffffff, max_idle_ns: 2085701024 ns
Apr 01 08:19:34 nixos kernel: NET: Registered PF_INET protocol family
Apr 01 08:19:34 nixos kernel: IP idents hash table entries: 262144 (order: 9, 2097152 bytes, linear)
Apr 01 08:19:34 nixos kernel: tcp_listen_portaddr_hash hash table entries: 8192 (order: 5, 131072 bytes, linear)
Apr 01 08:19:34 nixos kernel: Table-perturb hash table entries: 65536 (order: 6, 262144 bytes, linear)
Apr 01 08:19:34 nixos kernel: TCP established hash table entries: 131072 (order: 8, 1048576 bytes, linear)
Apr 01 08:19:34 nixos kernel: TCP bind hash table entries: 65536 (order: 8, 1048576 bytes, linear)
Apr 01 08:19:34 nixos kernel: TCP: Hash tables configured (established 131072 bind 65536)
Apr 01 08:19:34 nixos kernel: MPTCP token hash table entries: 16384 (order: 6, 393216 bytes, linear)
Apr 01 08:19:34 nixos kernel: UDP hash table entries: 8192 (order: 6, 262144 bytes, linear)
Apr 01 08:19:34 nixos kernel: UDP-Lite hash table entries: 8192 (order: 6, 262144 bytes, linear)
Apr 01 08:19:34 nixos kernel: NET: Registered PF_UNIX/PF_LOCAL protocol family
Apr 01 08:19:34 nixos kernel: NET: Registered PF_XDP protocol family
Apr 01 08:19:34 nixos kernel: pci 0000:00:07.0: bridge window [io  0x1000-0x0fff] to [bus 01-2b] add_size 1000
Apr 01 08:19:34 nixos kernel: pci 0000:00:02.0: BAR 9: assigned [mem 0x4020000000-0x40ffffffff 64bit pref]
Apr 01 08:19:34 nixos kernel: pci 0000:00:02.0: BAR 7: assigned [mem 0x4010000000-0x4016ffffff 64bit]
Apr 01 08:19:34 nixos kernel: pci 0000:00:07.0: BAR 13: assigned [io  0x5000-0x5fff]
Apr 01 08:19:34 nixos kernel: pci 0000:00:15.0: BAR 0: assigned [mem 0x4017000000-0x4017000fff 64bit]
Apr 01 08:19:34 nixos kernel: pci 0000:00:15.1: BAR 0: assigned [mem 0x4017001000-0x4017001fff 64bit]
Apr 01 08:19:34 nixos kernel: pci 0000:00:1e.0: BAR 0: assigned [mem 0x4017002000-0x4017002fff 64bit]
Apr 01 08:19:34 nixos kernel: pci 0000:00:1e.2: BAR 0: assigned [mem 0x4017003000-0x4017003fff 64bit]
Apr 01 08:19:34 nixos kernel: pci 0000:00:1f.5: BAR 0: assigned [mem 0x74800000-0x74800fff]
Apr 01 08:19:34 nixos kernel: pci 0000:00:07.0: PCI bridge to [bus 01-2b]
Apr 01 08:19:34 nixos kernel: pci 0000:00:07.0:   bridge window [io  0x5000-0x5fff]
Apr 01 08:19:34 nixos kernel: pci 0000:00:07.0:   bridge window [mem 0x78000000-0x841fffff]
Apr 01 08:19:34 nixos kernel: pci 0000:00:07.0:   bridge window [mem 0x6000000000-0x601bffffff 64bit pref]
Apr 01 08:19:34 nixos kernel: pci 0000:00:1c.0: PCI bridge to [bus 2c]
Apr 01 08:19:34 nixos kernel: pci 0000:00:1c.3: PCI bridge to [bus 2d]
Apr 01 08:19:34 nixos kernel: pci 0000:00:1c.3:   bridge window [mem 0x6032100000-0x60322fffff 64bit pref]
Apr 01 08:19:34 nixos kernel: pci 0000:00:1c.4: PCI bridge to [bus 2e]
Apr 01 08:19:34 nixos kernel: pci 0000:00:1c.4:   bridge window [io  0x3000-0x3fff]
Apr 01 08:19:34 nixos kernel: pci 0000:00:1c.4:   bridge window [mem 0x85000000-0x860fffff]
Apr 01 08:19:34 nixos kernel: pci 0000:00:1c.4:   bridge window [mem 0x6020000000-0x6031ffffff 64bit pref]
Apr 01 08:19:34 nixos kernel: pci_bus 0000:00: resource 4 [io  0x0000-0x0cf7 window]
Apr 01 08:19:34 nixos kernel: pci_bus 0000:00: resource 5 [io  0x0d00-0xffff window]
Apr 01 08:19:34 nixos kernel: pci_bus 0000:00: resource 6 [mem 0x000a0000-0x000bffff window]
Apr 01 08:19:34 nixos kernel: pci_bus 0000:00: resource 7 [mem 0x000e0000-0x000e3fff window]
Apr 01 08:19:34 nixos kernel: pci_bus 0000:00: resource 8 [mem 0x000e4000-0x000e7fff window]
Apr 01 08:19:34 nixos kernel: pci_bus 0000:00: resource 9 [mem 0x000e8000-0x000ebfff window]
Apr 01 08:19:34 nixos kernel: pci_bus 0000:00: resource 10 [mem 0x000ec000-0x000effff window]
Apr 01 08:19:34 nixos kernel: pci_bus 0000:00: resource 11 [mem 0x000f0000-0x000fffff window]
Apr 01 08:19:34 nixos kernel: pci_bus 0000:00: resource 12 [mem 0x74800000-0xbfffffff window]
Apr 01 08:19:34 nixos kernel: pci_bus 0000:00: resource 13 [mem 0x4000000000-0x7fffffffff window]
Apr 01 08:19:34 nixos kernel: pci_bus 0000:01: resource 0 [io  0x5000-0x5fff]
Apr 01 08:19:34 nixos kernel: pci_bus 0000:01: resource 1 [mem 0x78000000-0x841fffff]
Apr 01 08:19:34 nixos kernel: pci_bus 0000:01: resource 2 [mem 0x6000000000-0x601bffffff 64bit pref]
Apr 01 08:19:34 nixos kernel: pci_bus 0000:2d: resource 2 [mem 0x6032100000-0x60322fffff 64bit pref]
Apr 01 08:19:34 nixos kernel: pci_bus 0000:2e: resource 0 [io  0x3000-0x3fff]
Apr 01 08:19:34 nixos kernel: pci_bus 0000:2e: resource 1 [mem 0x85000000-0x860fffff]
Apr 01 08:19:34 nixos kernel: pci_bus 0000:2e: resource 2 [mem 0x6020000000-0x6031ffffff 64bit pref]
Apr 01 08:19:34 nixos kernel: PCI: CLS 64 bytes, default 64
Apr 01 08:19:34 nixos kernel: DMAR: Intel-IOMMU force enabled due to platform opt in
Apr 01 08:19:34 nixos kernel: DMAR: No ATSR found
Apr 01 08:19:34 nixos kernel: DMAR: No SATC found
Apr 01 08:19:34 nixos kernel: DMAR: IOMMU feature fl1gp_support inconsistent
Apr 01 08:19:34 nixos kernel: DMAR: IOMMU feature pgsel_inv inconsistent
Apr 01 08:19:34 nixos kernel: DMAR: IOMMU feature nwfs inconsistent
Apr 01 08:19:34 nixos kernel: DMAR: IOMMU feature pds inconsistent
Apr 01 08:19:34 nixos kernel: DMAR: IOMMU feature dit inconsistent
Apr 01 08:19:34 nixos kernel: DMAR: IOMMU feature eafs inconsistent
Apr 01 08:19:34 nixos kernel: DMAR: IOMMU feature prs inconsistent
Apr 01 08:19:34 nixos kernel: DMAR: IOMMU feature nest inconsistent
Apr 01 08:19:34 nixos kernel: DMAR: IOMMU feature mts inconsistent
Apr 01 08:19:34 nixos kernel: DMAR: IOMMU feature sc_support inconsistent
Apr 01 08:19:34 nixos kernel: DMAR: IOMMU feature dev_iotlb_support inconsistent
Apr 01 08:19:34 nixos kernel: DMAR: dmar1: Using Queued invalidation
Apr 01 08:19:34 nixos kernel: DMAR: dmar0: Using Queued invalidation
Apr 01 08:19:34 nixos kernel: DMAR: dmar2: Using Queued invalidation
Apr 01 08:19:34 nixos kernel: Trying to unpack rootfs image as initramfs...
Apr 01 08:19:34 nixos kernel: pci 0000:00:00.0: Adding to iommu group 0
Apr 01 08:19:34 nixos kernel: pci 0000:00:02.0: Adding to iommu group 1
Apr 01 08:19:34 nixos kernel: pci 0000:00:04.0: Adding to iommu group 2
Apr 01 08:19:34 nixos kernel: pci 0000:00:07.0: Adding to iommu group 3
Apr 01 08:19:34 nixos kernel: pci 0000:00:08.0: Adding to iommu group 4
Apr 01 08:19:34 nixos kernel: pci 0000:00:0a.0: Adding to iommu group 5
Apr 01 08:19:34 nixos kernel: pci 0000:00:0d.0: Adding to iommu group 6
Apr 01 08:19:34 nixos kernel: pci 0000:00:0d.2: Adding to iommu group 6
Apr 01 08:19:34 nixos kernel: pci 0000:00:0e.0: Adding to iommu group 7
Apr 01 08:19:34 nixos kernel: pci 0000:00:14.0: Adding to iommu group 8
Apr 01 08:19:34 nixos kernel: pci 0000:00:14.2: Adding to iommu group 8
Apr 01 08:19:34 nixos kernel: pci 0000:00:15.0: Adding to iommu group 9
Apr 01 08:19:34 nixos kernel: pci 0000:00:15.1: Adding to iommu group 9
Apr 01 08:19:34 nixos kernel: pci 0000:00:16.0: Adding to iommu group 10
Apr 01 08:19:34 nixos kernel: pci 0000:00:1c.0: Adding to iommu group 11
Apr 01 08:19:34 nixos kernel: pci 0000:00:1c.3: Adding to iommu group 12
Apr 01 08:19:34 nixos kernel: pci 0000:00:1c.4: Adding to iommu group 13
Apr 01 08:19:34 nixos kernel: pci 0000:00:1d.0: Adding to iommu group 14
Apr 01 08:19:34 nixos kernel: pci 0000:00:1e.0: Adding to iommu group 15
Apr 01 08:19:34 nixos kernel: pci 0000:00:1e.2: Adding to iommu group 15
Apr 01 08:19:34 nixos kernel: pci 0000:00:1f.0: Adding to iommu group 16
Apr 01 08:19:34 nixos kernel: pci 0000:00:1f.3: Adding to iommu group 16
Apr 01 08:19:34 nixos kernel: pci 0000:00:1f.4: Adding to iommu group 16
Apr 01 08:19:34 nixos kernel: pci 0000:00:1f.5: Adding to iommu group 16
Apr 01 08:19:34 nixos kernel: pci 0000:2d:00.0: Adding to iommu group 17
Apr 01 08:19:34 nixos kernel: pci 0000:2e:00.0: Adding to iommu group 18
Apr 01 08:19:34 nixos kernel: DMAR: Intel(R) Virtualization Technology for Directed I/O
Apr 01 08:19:34 nixos kernel: PCI-DMA: Using software bounce buffering for IO (SWIOTLB)
Apr 01 08:19:34 nixos kernel: software IO TLB: mapped [mem 0x0000000055c04000-0x0000000059c04000] (64MB)
Apr 01 08:19:34 nixos kernel: clocksource: tsc: mask: 0xffffffffffffffff max_cycles: 0x28680fa287f, max_idle_ns: 440795281151 ns
Apr 01 08:19:34 nixos kernel: clocksource: Switched to clocksource tsc
Apr 01 08:19:34 nixos kernel: platform rtc_cmos: registered platform RTC device (no PNP device found)
Apr 01 08:19:34 nixos kernel: Initialise system trusted keyrings
Apr 01 08:19:34 nixos kernel: workingset: timestamp_bits=40 max_order=22 bucket_order=0
Apr 01 08:19:34 nixos kernel: zbud: loaded
Apr 01 08:19:34 nixos kernel: Key type asymmetric registered
Apr 01 08:19:34 nixos kernel: Asymmetric key parser 'x509' registered
Apr 01 08:19:34 nixos kernel: Block layer SCSI generic (bsg) driver version 0.4 loaded (major 251)
Apr 01 08:19:34 nixos kernel: io scheduler mq-deadline registered
Apr 01 08:19:34 nixos kernel: io scheduler kyber registered
Apr 01 08:19:34 nixos kernel: pcieport 0000:00:07.0: PME: Signaling with IRQ 123
Apr 01 08:19:34 nixos kernel: pcieport 0000:00:07.0: pciehp: Slot #0 AttnBtn- PwrCtrl- MRL- AttnInd- PwrInd- HotPlug+ Surprise+ Interlock- NoCompl+ IbPresDis- LLActRep+
Apr 01 08:19:34 nixos kernel: pcieport 0000:00:1c.0: PME: Signaling with IRQ 124
Apr 01 08:19:34 nixos kernel: pcieport 0000:00:1c.3: PME: Signaling with IRQ 125
Apr 01 08:19:34 nixos kernel: pcieport 0000:00:1c.4: PME: Signaling with IRQ 126
Apr 01 08:19:34 nixos kernel: Monitor-Mwait will be used to enter C-1 state
Apr 01 08:19:34 nixos kernel: Monitor-Mwait will be used to enter C-2 state
Apr 01 08:19:34 nixos kernel: Monitor-Mwait will be used to enter C-3 state
Apr 01 08:19:34 nixos kernel: ACPI: \_SB_.PR00: Found 3 idle states
Apr 01 08:19:34 nixos kernel: smpboot: Estimated ratio of average max frequency by base frequency (times 1024): 1499
Apr 01 08:19:34 nixos kernel: Serial: 8250/16550 driver, 4 ports, IRQ sharing enabled
Apr 01 08:19:34 nixos kernel: hpet_acpi_add: no address or irqs in _CRS
Apr 01 08:19:34 nixos kernel: intel_pstate: Intel P-state driver initializing
Apr 01 08:19:34 nixos kernel: intel_pstate: HWP enabled
Apr 01 08:19:34 nixos kernel: efifb: probing for efifb
Apr 01 08:19:34 nixos kernel: efifb: Ignoring BGRT: unexpected or invalid BMP data
Apr 01 08:19:34 nixos kernel: efifb: framebuffer at 0x4000000000, using 1876k, total 1875k
Apr 01 08:19:34 nixos kernel: efifb: mode is 800x600x32, linelength=3200, pages=1
Apr 01 08:19:34 nixos kernel: efifb: scrolling: redraw
Apr 01 08:19:34 nixos kernel: efifb: Truecolor: size=8:8:8:8, shift=24:16:8:0
Apr 01 08:19:34 nixos kernel: fbcon: Deferring console take-over
Apr 01 08:19:34 nixos kernel: fb0: EFI VGA frame buffer device
Apr 01 08:19:34 nixos kernel: ashmem: initialized
Apr 01 08:19:34 nixos kernel: drop_monitor: Initializing network drop monitor service
Apr 01 08:19:34 nixos kernel: NET: Registered PF_INET6 protocol family
Apr 01 08:19:34 nixos kernel: Freeing initrd memory: 17084K
Apr 01 08:19:34 nixos kernel: Segment Routing with IPv6
Apr 01 08:19:34 nixos kernel: In-situ OAM (IOAM) with IPv6
Apr 01 08:19:34 nixos kernel: microcode: sig=0x806c1, pf=0x80, revision=0xa6
Apr 01 08:19:34 nixos kernel: microcode: Microcode Update Driver: v2.2.
Apr 01 08:19:34 nixos kernel: IPI shorthand broadcast: enabled
Apr 01 08:19:34 nixos kernel: sched_clock: Marking stable (441458625, 6510606)->(502788740, -54819509)
Apr 01 08:19:34 nixos kernel: registered taskstats version 1
Apr 01 08:19:34 nixos kernel: Loading compiled-in X.509 certificates
Apr 01 08:19:34 nixos kernel: zswap: loaded using pool lzo/zbud
Apr 01 08:19:34 nixos kernel: Key type .fscrypt registered
Apr 01 08:19:34 nixos kernel: Key type fscrypt-provisioning registered
Apr 01 08:19:34 nixos kernel: Freeing unused kernel image (initmem) memory: 1884K
Apr 01 08:19:34 nixos kernel: Write protecting the kernel read-only data: 22528k
Apr 01 08:19:34 nixos kernel: Freeing unused kernel image (text/rodata gap) memory: 2040K
Apr 01 08:19:34 nixos kernel: Freeing unused kernel image (rodata/data gap) memory: 888K
Apr 01 08:19:34 nixos kernel: Run /init as init process
Apr 01 08:19:34 nixos kernel:   with arguments:
Apr 01 08:19:34 nixos kernel:     /init
Apr 01 08:19:34 nixos kernel:   with environment:
Apr 01 08:19:34 nixos kernel:     HOME=/
Apr 01 08:19:34 nixos kernel:     TERM=linux
Apr 01 08:19:34 nixos kernel: fbcon: Taking over console
Apr 01 08:19:34 nixos kernel: Console: switching to colour frame buffer device 100x37
Apr 01 08:19:34 nixos stage-1-init: [Sat Apr  1 08:19:33 UTC 2023] loading module dm_mod...
Apr 01 08:19:34 nixos kernel: device-mapper: ioctl: 4.45.0-ioctl (2021-03-22) initialised: dm-devel@redhat.com
Apr 01 08:19:34 nixos stage-1-init: [Sat Apr  1 08:19:33 UTC 2023] running udev...
Apr 01 08:19:34 nixos stage-1-init: [Sat Apr  1 08:19:33 UTC 2023] Starting systemd-udevd version 252.1
Apr 01 08:19:34 nixos kernel: i8042: PNP: PS/2 Controller [PNP030b:PS2K] at 0x60,0x64 irq 1
Apr 01 08:19:34 nixos kernel: i8042: PNP: PS/2 appears to have AUX port disabled, if this is incorrect please boot with i8042.nopnp
Apr 01 08:19:34 nixos kernel: serio: i8042 KBD port at 0x60,0x64 irq 1
Apr 01 08:19:34 nixos kernel: vmd 0000:00:0e.0: PCI host bridge to bus 10000:e0
Apr 01 08:19:34 nixos kernel: pci_bus 10000:e0: root bus resource [bus e0-ff]
Apr 01 08:19:34 nixos kernel: pci_bus 10000:e0: root bus resource [mem 0x76000000-0x77ffffff]
Apr 01 08:19:34 nixos kernel: pci_bus 10000:e0: root bus resource [mem 0x6037102000-0x60371fffff 64bit]
Apr 01 08:19:34 nixos kernel: pci 10000:e0:1d.0: [8086:a0b0] type 01 class 0x060400
Apr 01 08:19:34 nixos kernel: pci 10000:e0:1d.0: PME# supported from D0 D3hot D3cold
Apr 01 08:19:34 nixos kernel: pci 10000:e0:1d.0: Adding to iommu group 7
Apr 01 08:19:34 nixos kernel: pci 10000:e0:1d.0: Primary bus is hard wired to 0
Apr 01 08:19:34 nixos kernel: pci 10000:e1:00.0: [1344:5404] type 00 class 0x010802
Apr 01 08:19:34 nixos kernel: pci 10000:e1:00.0: reg 0x10: [mem 0x76000000-0x76003fff 64bit]
Apr 01 08:19:34 nixos kernel: pci 10000:e1:00.0: Adding to iommu group 7
Apr 01 08:19:34 nixos kernel: pci 10000:e0:1d.0: PCI bridge to [bus e1]
Apr 01 08:19:34 nixos kernel: pci 10000:e0:1d.0:   bridge window [io  0x0000-0x0fff]
Apr 01 08:19:34 nixos kernel: pci 10000:e0:1d.0:   bridge window [mem 0x76000000-0x760fffff]
Apr 01 08:19:34 nixos kernel: pci 10000:e0:1d.0: Primary bus is hard wired to 0
Apr 01 08:19:34 nixos kernel: pci 10000:e0:1d.0: BAR 14: assigned [mem 0x76000000-0x760fffff]
Apr 01 08:19:34 nixos kernel: pci 10000:e0:1d.0: BAR 13: no space for [io  size 0x1000]
Apr 01 08:19:34 nixos kernel: pci 10000:e0:1d.0: BAR 13: failed to assign [io  size 0x1000]
Apr 01 08:19:34 nixos kernel: pci 10000:e1:00.0: BAR 0: assigned [mem 0x76000000-0x76003fff 64bit]
Apr 01 08:19:34 nixos kernel: pci 10000:e0:1d.0: PCI bridge to [bus e1]
Apr 01 08:19:34 nixos kernel: pci 10000:e0:1d.0:   bridge window [mem 0x76000000-0x760fffff]
Apr 01 08:19:34 nixos kernel: rtc_cmos rtc_cmos: RTC can wake from S4
Apr 01 08:19:34 nixos kernel: pcieport 10000:e0:1d.0: can't derive routing for PCI INT A
Apr 01 08:19:34 nixos kernel: pcieport 10000:e0:1d.0: PCI INT A: no GSI
Apr 01 08:19:34 nixos kernel: pcieport 10000:e0:1d.0: PME: Signaling with IRQ 146
Apr 01 08:19:34 nixos kernel: vmd 0000:00:0e.0: Bound to PCI domain 10000
Apr 01 08:19:34 nixos kernel: rtc_cmos rtc_cmos: registered as rtc0
Apr 01 08:19:34 nixos kernel: rtc_cmos rtc_cmos: alarms up to one month, y3k, 114 bytes nvram
Apr 01 08:19:34 nixos kernel: ACPI: bus type USB registered
Apr 01 08:19:34 nixos kernel: usbcore: registered new interface driver usbfs
Apr 01 08:19:34 nixos kernel: usbcore: registered new interface driver hub
Apr 01 08:19:34 nixos kernel: usbcore: registered new device driver usb
Apr 01 08:19:34 nixos kernel: ACPI: bus type thunderbolt registered
Apr 01 08:19:34 nixos kernel: thunderbolt 0000:00:0d.2: enabling device (0000 -> 0002)
Apr 01 08:19:34 nixos kernel: nvme nvme0: pci function 10000:e1:00.0
Apr 01 08:19:34 nixos kernel: pcieport 10000:e0:1d.0: can't derive routing for PCI INT A
Apr 01 08:19:34 nixos kernel: nvme 10000:e1:00.0: PCI INT A: not connected
Apr 01 08:19:34 nixos kernel: xhci_hcd 0000:00:0d.0: xHCI Host Controller
Apr 01 08:19:34 nixos kernel: xhci_hcd 0000:00:0d.0: new USB bus registered, assigned bus number 1
Apr 01 08:19:34 nixos kernel: xhci_hcd 0000:00:0d.0: hcc params 0x20007fc1 hci version 0x120 quirks 0x0000000200009810
Apr 01 08:19:34 nixos kernel: xhci_hcd 0000:00:0d.0: xHCI Host Controller
Apr 01 08:19:34 nixos kernel: xhci_hcd 0000:00:0d.0: new USB bus registered, assigned bus number 2
Apr 01 08:19:34 nixos kernel: xhci_hcd 0000:00:0d.0: Host supports USB 3.1 Enhanced SuperSpeed
Apr 01 08:19:34 nixos kernel: usb usb1: New USB device found, idVendor=1d6b, idProduct=0002, bcdDevice= 5.15
Apr 01 08:19:34 nixos kernel: usb usb1: New USB device strings: Mfr=3, Product=2, SerialNumber=1
Apr 01 08:19:34 nixos kernel: usb usb1: Product: xHCI Host Controller
Apr 01 08:19:34 nixos kernel: usb usb1: Manufacturer: Linux 5.15.82 xhci-hcd
Apr 01 08:19:34 nixos kernel: usb usb1: SerialNumber: 0000:00:0d.0
Apr 01 08:19:34 nixos kernel: hub 1-0:1.0: USB hub found
Apr 01 08:19:34 nixos kernel: hub 1-0:1.0: 1 port detected
Apr 01 08:19:34 nixos kernel: usb usb2: New USB device found, idVendor=1d6b, idProduct=0003, bcdDevice= 5.15
Apr 01 08:19:34 nixos kernel: usb usb2: New USB device strings: Mfr=3, Product=2, SerialNumber=1
Apr 01 08:19:34 nixos kernel: usb usb2: Product: xHCI Host Controller
Apr 01 08:19:34 nixos kernel: usb usb2: Manufacturer: Linux 5.15.82 xhci-hcd
Apr 01 08:19:34 nixos kernel: usb usb2: SerialNumber: 0000:00:0d.0
Apr 01 08:19:34 nixos kernel: hub 2-0:1.0: USB hub found
Apr 01 08:19:34 nixos kernel: hub 2-0:1.0: 4 ports detected
Apr 01 08:19:34 nixos kernel: xhci_hcd 0000:00:14.0: xHCI Host Controller
Apr 01 08:19:34 nixos kernel: xhci_hcd 0000:00:14.0: new USB bus registered, assigned bus number 3
Apr 01 08:19:34 nixos kernel: xhci_hcd 0000:00:14.0: hcc params 0x20007fc1 hci version 0x120 quirks 0x0000000200009810
Apr 01 08:19:34 nixos kernel: xhci_hcd 0000:00:14.0: xHCI Host Controller
Apr 01 08:19:34 nixos kernel: xhci_hcd 0000:00:14.0: new USB bus registered, assigned bus number 4
Apr 01 08:19:34 nixos kernel: xhci_hcd 0000:00:14.0: Host supports USB 3.1 Enhanced SuperSpeed
Apr 01 08:19:34 nixos kernel: usb usb3: New USB device found, idVendor=1d6b, idProduct=0002, bcdDevice= 5.15
Apr 01 08:19:34 nixos kernel: usb usb3: New USB device strings: Mfr=3, Product=2, SerialNumber=1
Apr 01 08:19:34 nixos kernel: usb usb3: Product: xHCI Host Controller
Apr 01 08:19:34 nixos kernel: usb usb3: Manufacturer: Linux 5.15.82 xhci-hcd
Apr 01 08:19:34 nixos kernel: usb usb3: SerialNumber: 0000:00:14.0
Apr 01 08:19:34 nixos kernel: hub 3-0:1.0: USB hub found
Apr 01 08:19:34 nixos kernel: hub 3-0:1.0: 12 ports detected
Apr 01 08:19:34 nixos kernel: usb usb4: New USB device found, idVendor=1d6b, idProduct=0003, bcdDevice= 5.15
Apr 01 08:19:34 nixos kernel: usb usb4: New USB device strings: Mfr=3, Product=2, SerialNumber=1
Apr 01 08:19:34 nixos kernel: usb usb4: Product: xHCI Host Controller
Apr 01 08:19:34 nixos kernel: usb usb4: Manufacturer: Linux 5.15.82 xhci-hcd
Apr 01 08:19:34 nixos kernel: usb usb4: SerialNumber: 0000:00:14.0
Apr 01 08:19:34 nixos kernel: hub 4-0:1.0: USB hub found
Apr 01 08:19:34 nixos kernel: hub 4-0:1.0: 4 ports detected
Apr 01 08:19:34 nixos kernel: input: AT Translated Set 2 keyboard as /devices/platform/i8042/serio0/input/input0
Apr 01 08:19:34 nixos kernel: nvme nvme0: 8/0/0 default/read/poll queues
Apr 01 08:19:34 nixos kernel:  nvme0n1: p1 p2 p3 p4 p5
Apr 01 08:19:34 nixos kernel: usb 3-6: new high-speed USB device number 2 using xhci_hcd
Apr 01 08:19:34 nixos stage-1-init: [Sat Apr  1 08:19:33 UTC 2023] starting device mapper and LVM...
Apr 01 08:19:34 nixos stage-1-init: [Sat Apr  1 08:19:33 UTC 2023] checking /dev/disk/by-uuid/a903d084-de41-4d62-8bde-4e08dab60797...
Apr 01 08:19:34 nixos stage-1-init: [Sat Apr  1 08:19:33 UTC 2023] fsck (busybox 1.35.0)
Apr 01 08:19:34 nixos stage-1-init: [Sat Apr  1 08:19:33 UTC 2023] [fsck.ext4 (1) -- /mnt-root/] fsck.ext4 -a /dev/disk/by-uuid/a903d084-de41-4d62-8bde-4e08dab60797
Apr 01 08:19:34 nixos stage-1-init: [Sat Apr  1 08:19:33 UTC 2023] /dev/disk/by-uuid/a903d084-de41-4d62-8bde-4e08dab60797: clean, 638828/31162368 files, 8999852/124635729 blocks
Apr 01 08:19:34 nixos stage-1-init: [Sat Apr  1 08:19:33 UTC 2023] mounting /dev/disk/by-uuid/a903d084-de41-4d62-8bde-4e08dab60797 on /...
Apr 01 08:19:34 nixos kernel: EXT4-fs (nvme0n1p3): mounted filesystem with ordered data mode. Opts: (null). Quota mode: none.
Apr 01 08:19:34 nixos kernel: usb 3-6: New USB device found, idVendor=0408, idProduct=30d0, bcdDevice= 0.02
Apr 01 08:19:34 nixos kernel: usb 3-6: New USB device strings: Mfr=3, Product=1, SerialNumber=2
Apr 01 08:19:34 nixos kernel: usb 3-6: Product: USB2.0 HD UVC WebCam
Apr 01 08:19:34 nixos kernel: usb 3-6: Manufacturer: Quanta
Apr 01 08:19:34 nixos kernel: usb 3-6: SerialNumber: 0x0001
Apr 01 08:19:34 nixos kernel: EXT4-fs (nvme0n1p3): re-mounted. Opts: (null). Quota mode: none.
Apr 01 08:19:34 nixos unknown: booting system configuration /nix/store/1dm3c8mgwdgyrspi147cjbsyrkyil5k8-nixos-system-nixos-23.05.20221213.1710ed1
Apr 01 08:19:34 nixos stage-2-init: running activation script...
Apr 01 08:19:34 nixos kernel: usb 3-7: new high-speed USB device number 3 using xhci_hcd
Apr 01 08:19:34 nixos stage-2-init: setting up /etc...
Apr 01 08:19:34 nixos kernel: usb 3-7: New USB device found, idVendor=0bda, idProduct=0129, bcdDevice=39.60
Apr 01 08:19:34 nixos kernel: usb 3-7: New USB device strings: Mfr=1, Product=2, SerialNumber=3
Apr 01 08:19:34 nixos kernel: usb 3-7: Product: USB2.0-CRW
Apr 01 08:19:34 nixos kernel: usb 3-7: Manufacturer: Generic
Apr 01 08:19:34 nixos kernel: usb 3-7: SerialNumber: 20100201396000000
Apr 01 08:19:34 nixos systemd[1]: RTC configured in localtime, applying delta of 120 minutes to system time.
Apr 01 08:19:34 nixos systemd[1]: Inserted module 'autofs4'
Apr 01 08:19:34 nixos kernel: usb 3-10: new high-speed USB device number 4 using xhci_hcd
Apr 01 08:19:34 nixos systemd[1]: Successfully credited entropy passed from boot loader.
Apr 01 08:19:34 nixos systemd[1]: systemd 252.1 running in system mode (+PAM +AUDIT -SELINUX +APPARMOR +IMA +SMACK +SECCOMP +GCRYPT -GNUTLS +OPENSSL +ACL +BLKID +CURL +ELFUTILS +FIDO2 +IDN2 -IDN +IPTC +KMOD +LIBCRYPTSETUP +LIBFDISK +PCRE2 -PWQUALITY -P11KIT -QRENCODE +TPM2 +BZIP2 +LZ4 +XZ +ZLIB +ZSTD +BPF_FRAMEWORK -XKBCOMMON +UTMP -SYSVINIT default-hierarchy=unified)
Apr 01 08:19:34 nixos systemd[1]: Detected architecture x86-64.
Apr 01 08:19:34 nixos kernel: usb 3-10: New USB device found, idVendor=13d3, idProduct=3563, bcdDevice= 1.00
Apr 01 08:19:34 nixos kernel: usb 3-10: New USB device strings: Mfr=5, Product=6, SerialNumber=7
Apr 01 08:19:34 nixos kernel: usb 3-10: Product: Wireless_Device
Apr 01 08:19:34 nixos kernel: usb 3-10: Manufacturer: MediaTek Inc.
Apr 01 08:19:34 nixos kernel: usb 3-10: SerialNumber: 000000000
Apr 01 08:19:34 nixos systemd[1]: bpf-lsm: LSM BPF program attached
Apr 01 08:19:34 nixos systemd[1]: plymouth-quit.service: Service has no ExecStart=, ExecStop=, or SuccessAction=. Refusing.
Apr 01 08:19:34 nixos systemd[1]: Queued start job for default target Graphical Interface.
Apr 01 08:19:34 nixos systemd[1]: Created slice Virtual Machine and Container Slice.
Apr 01 08:19:34 nixos systemd[1]: Created slice Slice /system/getty.
Apr 01 08:19:34 nixos systemd[1]: Created slice Slice /system/modprobe.
Apr 01 08:19:34 nixos systemd[1]: Created slice Slice /system/systemd-fsck.
Apr 01 08:19:34 nixos systemd[1]: Created slice User and Session Slice.
Apr 01 08:19:34 nixos systemd[1]: Started Dispatch Password Requests to Console Directory Watch.
Apr 01 08:19:34 nixos systemd[1]: Started Forward Password Requests to Wall Directory Watch.
Apr 01 08:19:34 nixos systemd[1]: Reached target Local Encrypted Volumes.
Apr 01 08:19:34 nixos systemd[1]: Reached target Containers.
Apr 01 08:19:34 nixos systemd[1]: Reached target Path Units.
Apr 01 08:19:34 nixos systemd[1]: Reached target Remote File Systems.
Apr 01 08:19:34 nixos systemd[1]: Reached target Slice Units.
Apr 01 08:19:34 nixos systemd[1]: Reached target Swaps.
Apr 01 08:19:34 nixos systemd[1]: Listening on Process Core Dump Socket.
Apr 01 08:19:34 nixos systemd[1]: Listening on Journal Audit Socket.
Apr 01 08:19:34 nixos systemd[1]: Listening on Journal Socket (/dev/log).
Apr 01 08:19:34 nixos systemd[1]: Listening on Journal Socket.
Apr 01 08:19:34 nixos systemd[1]: Listening on Userspace Out-Of-Memory (OOM) Killer Socket.
Apr 01 08:19:34 nixos systemd[1]: Listening on udev Control Socket.
Apr 01 08:19:34 nixos systemd[1]: Listening on udev Kernel Socket.
Apr 01 08:19:34 nixos systemd[1]: Mounting Huge Pages File System...
Apr 01 08:19:34 nixos systemd[1]: Mounting POSIX Message Queue File System...
Apr 01 08:19:34 nixos systemd[1]: Mounting Kernel Debug File System...
Apr 01 08:19:34 nixos systemd[1]: Starting Create List of Static Device Nodes...
Apr 01 08:19:34 nixos systemd[1]: Starting Load Kernel Module configfs...
Apr 01 08:19:34 nixos systemd[1]: Starting Load Kernel Module drm...
Apr 01 08:19:34 nixos systemd[1]: Starting Load Kernel Module efi_pstore...
Apr 01 08:19:34 nixos systemd[1]: Starting Load Kernel Module fuse...
Apr 01 08:19:34 nixos systemd[1]: Starting mount-pstore.service...
Apr 01 08:19:34 nixos systemd[1]: File System Check on Root Device was skipped because of an unmet condition check (ConditionPathIsReadWrite=!/).
Apr 01 08:19:34 nixos systemd[1]: Starting Journal Service...
Apr 01 08:19:34 nixos systemd[1]: Starting Load Kernel Modules...
Apr 01 08:19:34 nixos systemd[1]: Starting Remount Root and Kernel File Systems...
Apr 01 08:19:34 nixos systemd[1]: Starting Coldplug All udev Devices...
Apr 01 08:19:34 nixos systemd[1]: Mounted Huge Pages File System.
Apr 01 08:19:34 nixos systemd[1]: Mounted POSIX Message Queue File System.
Apr 01 08:19:34 nixos systemd[1]: Mounted Kernel Debug File System.
Apr 01 08:19:34 nixos kernel: fuse: init (API version 7.34)
Apr 01 08:19:34 nixos kernel: EXT4-fs (nvme0n1p3): re-mounted. Opts: (null). Quota mode: none.
Apr 01 08:19:34 nixos kernel: pstore: Using crash dump compression: deflate
Apr 01 08:19:34 nixos kernel: pstore: Registered efi as persistent store backend
Apr 01 08:19:34 nixos systemd[1]: Finished Create List of Static Device Nodes.
Apr 01 08:19:34 nixos kernel: audit: type=1130 audit(1680329974.655:2): pid=1 uid=0 auid=4294967295 ses=4294967295 subj=kernel msg='unit=kmod-static-nodes comm="systemd" exe="/nix/store/bm529sa3x74q6i0w4dyi1fcs35a7a2pk-systemd-252.1/lib/systemd/systemd" hostname=? addr=? terminal=? res=success'
Apr 01 08:19:34 nixos systemd[1]: modprobe@configfs.service: Deactivated successfully.
Apr 01 08:19:34 nixos systemd-journald[522]: Journal started
Apr 01 08:19:34 nixos systemd-journald[522]: Runtime Journal (/run/log/journal/3a9aec412e454bb8a10127389401a8e5) is 8.0M, max 392.5M, 384.5M free.
Apr 01 08:19:34 nixos audit[1]: SERVICE_START pid=1 uid=0 auid=4294967295 ses=4294967295 subj=kernel msg='unit=kmod-static-nodes comm="systemd" exe="/nix/store/bm529sa3x74q6i0w4dyi1fcs35a7a2pk-systemd-252.1/lib/systemd/systemd" hostname=? addr=? terminal=? res=success'
Apr 01 08:19:34 nixos audit[1]: SERVICE_START pid=1 uid=0 auid=4294967295 ses=4294967295 subj=kernel msg='unit=modprobe@configfs comm="systemd" exe="/nix/store/bm529sa3x74q6i0w4dyi1fcs35a7a2pk-systemd-252.1/lib/systemd/systemd" hostname=? addr=? terminal=? res=success'
Apr 01 08:19:34 nixos audit[1]: SERVICE_STOP pid=1 uid=0 auid=4294967295 ses=4294967295 subj=kernel msg='unit=modprobe@configfs comm="systemd" exe="/nix/store/bm529sa3x74q6i0w4dyi1fcs35a7a2pk-systemd-252.1/lib/systemd/systemd" hostname=? addr=? terminal=? res=success'
Apr 01 08:19:34 nixos systemd[1]: Finished Load Kernel Module configfs.
Apr 01 08:19:34 nixos kernel: audit: type=1130 audit(1680329974.673:3): pid=1 uid=0 auid=4294967295 ses=4294967295 subj=kernel msg='unit=modprobe@configfs comm="systemd" exe="/nix/store/bm529sa3x74q6i0w4dyi1fcs35a7a2pk-systemd-252.1/lib/systemd/systemd" hostname=? addr=? terminal=? res=success'
Apr 01 08:19:34 nixos kernel: audit: type=1131 audit(1680329974.673:4): pid=1 uid=0 auid=4294967295 ses=4294967295 subj=kernel msg='unit=modprobe@configfs comm="systemd" exe="/nix/store/bm529sa3x74q6i0w4dyi1fcs35a7a2pk-systemd-252.1/lib/systemd/systemd" hostname=? addr=? terminal=? res=success'
Apr 01 08:19:34 nixos systemd[1]: Started Journal Service.
Apr 01 08:19:34 nixos audit[1]: SERVICE_START pid=1 uid=0 auid=4294967295 ses=4294967295 subj=kernel msg='unit=systemd-journald comm="systemd" exe="/nix/store/bm529sa3x74q6i0w4dyi1fcs35a7a2pk-systemd-252.1/lib/systemd/systemd" hostname=? addr=? terminal=? res=success'
Apr 01 08:19:34 nixos systemd[1]: modprobe@drm.service: Deactivated successfully.
Apr 01 08:19:34 nixos kernel: audit: type=1130 audit(1680329974.674:5): pid=1 uid=0 auid=4294967295 ses=4294967295 subj=kernel msg='unit=systemd-journald comm="systemd" exe="/nix/store/bm529sa3x74q6i0w4dyi1fcs35a7a2pk-systemd-252.1/lib/systemd/systemd" hostname=? addr=? terminal=? res=success'
Apr 01 08:19:34 nixos systemd[1]: Finished Load Kernel Module drm.
Apr 01 08:19:34 nixos audit[1]: SERVICE_START pid=1 uid=0 auid=4294967295 ses=4294967295 subj=kernel msg='unit=modprobe@drm comm="systemd" exe="/nix/store/bm529sa3x74q6i0w4dyi1fcs35a7a2pk-systemd-252.1/lib/systemd/systemd" hostname=? addr=? terminal=? res=success'
Apr 01 08:19:34 nixos audit[1]: SERVICE_STOP pid=1 uid=0 auid=4294967295 ses=4294967295 subj=kernel msg='unit=modprobe@drm comm="systemd" exe="/nix/store/bm529sa3x74q6i0w4dyi1fcs35a7a2pk-systemd-252.1/lib/systemd/systemd" hostname=? addr=? terminal=? res=success'
Apr 01 08:19:34 nixos systemd[1]: modprobe@efi_pstore.service: Deactivated successfully.
Apr 01 08:19:34 nixos kernel: audit: type=1130 audit(1680329974.689:6): pid=1 uid=0 auid=4294967295 ses=4294967295 subj=kernel msg='unit=modprobe@drm comm="systemd" exe="/nix/store/bm529sa3x74q6i0w4dyi1fcs35a7a2pk-systemd-252.1/lib/systemd/systemd" hostname=? addr=? terminal=? res=success'
Apr 01 08:19:34 nixos kernel: audit: type=1131 audit(1680329974.689:7): pid=1 uid=0 auid=4294967295 ses=4294967295 subj=kernel msg='unit=modprobe@drm comm="systemd" exe="/nix/store/bm529sa3x74q6i0w4dyi1fcs35a7a2pk-systemd-252.1/lib/systemd/systemd" hostname=? addr=? terminal=? res=success'
Apr 01 08:19:34 nixos systemd[1]: Finished Load Kernel Module efi_pstore.
Apr 01 08:19:34 nixos audit[1]: SERVICE_START pid=1 uid=0 auid=4294967295 ses=4294967295 subj=kernel msg='unit=modprobe@efi_pstore comm="systemd" exe="/nix/store/bm529sa3x74q6i0w4dyi1fcs35a7a2pk-systemd-252.1/lib/systemd/systemd" hostname=? addr=? terminal=? res=success'
Apr 01 08:19:34 nixos audit[1]: SERVICE_STOP pid=1 uid=0 auid=4294967295 ses=4294967295 subj=kernel msg='unit=modprobe@efi_pstore comm="systemd" exe="/nix/store/bm529sa3x74q6i0w4dyi1fcs35a7a2pk-systemd-252.1/lib/systemd/systemd" hostname=? addr=? terminal=? res=success'
Apr 01 08:19:34 nixos systemd-modules-load[523]: Inserted module 'kvm_intel'
Apr 01 08:19:34 nixos systemd[1]: modprobe@fuse.service: Deactivated successfully.
Apr 01 08:19:34 nixos kernel: audit: type=1130 audit(1680329974.703:8): pid=1 uid=0 auid=4294967295 ses=4294967295 subj=kernel msg='unit=modprobe@efi_pstore comm="systemd" exe="/nix/store/bm529sa3x74q6i0w4dyi1fcs35a7a2pk-systemd-252.1/lib/systemd/systemd" hostname=? addr=? terminal=? res=success'
Apr 01 08:19:34 nixos kernel: audit: type=1131 audit(1680329974.703:9): pid=1 uid=0 auid=4294967295 ses=4294967295 subj=kernel msg='unit=modprobe@efi_pstore comm="systemd" exe="/nix/store/bm529sa3x74q6i0w4dyi1fcs35a7a2pk-systemd-252.1/lib/systemd/systemd" hostname=? addr=? terminal=? res=success'
Apr 01 08:19:34 nixos systemd[1]: Finished Load Kernel Module fuse.
Apr 01 08:19:34 nixos audit[1]: SERVICE_START pid=1 uid=0 auid=4294967295 ses=4294967295 subj=kernel msg='unit=modprobe@fuse comm="systemd" exe="/nix/store/bm529sa3x74q6i0w4dyi1fcs35a7a2pk-systemd-252.1/lib/systemd/systemd" hostname=? addr=? terminal=? res=success'
Apr 01 08:19:34 nixos audit[1]: SERVICE_STOP pid=1 uid=0 auid=4294967295 ses=4294967295 subj=kernel msg='unit=modprobe@fuse comm="systemd" exe="/nix/store/bm529sa3x74q6i0w4dyi1fcs35a7a2pk-systemd-252.1/lib/systemd/systemd" hostname=? addr=? terminal=? res=success'
Apr 01 08:19:34 nixos kernel: audit: type=1130 audit(1680329974.711:10): pid=1 uid=0 auid=4294967295 ses=4294967295 subj=kernel msg='unit=modprobe@fuse comm="systemd" exe="/nix/store/bm529sa3x74q6i0w4dyi1fcs35a7a2pk-systemd-252.1/lib/systemd/systemd" hostname=? addr=? terminal=? res=success'
Apr 01 08:19:34 nixos systemd-modules-load[523]: Inserted module 'bridge'
Apr 01 08:19:34 nixos kernel: bridge: filtering via arp/ip/ip6tables is no longer available by default. Update your scripts to load br_netfilter if you need this.
Apr 01 08:19:34 nixos systemd-modules-load[523]: Inserted module 'veth'
Apr 01 08:19:34 nixos systemd-modules-load[523]: Inserted module 'macvlan'
Apr 01 08:19:34 nixos systemd-modules-load[523]: Inserted module 'tap'
Apr 01 08:19:34 nixos systemd-modules-load[523]: Inserted module 'tun'
Apr 01 08:19:34 nixos kernel: tun: Universal TUN/TAP device driver, 1.6
Apr 01 08:19:34 nixos systemd-modules-load[523]: Inserted module 'cpufreq_powersave'
Apr 01 08:19:34 nixos systemd-modules-load[523]: Inserted module 'loop'
Apr 01 08:19:34 nixos kernel: loop: module loaded
Apr 01 08:19:34 nixos systemd-modules-load[523]: Inserted module 'ctr'
Apr 01 08:19:34 nixos systemd[1]: Finished Remount Root and Kernel File Systems.
Apr 01 08:19:34 nixos audit[1]: SERVICE_START pid=1 uid=0 auid=4294967295 ses=4294967295 subj=kernel msg='unit=systemd-remount-fs comm="systemd" exe="/nix/store/bm529sa3x74q6i0w4dyi1fcs35a7a2pk-systemd-252.1/lib/systemd/systemd" hostname=? addr=? terminal=? res=success'
Apr 01 08:19:34 nixos systemd[1]: Finished Load Kernel Modules.
Apr 01 08:19:34 nixos audit[1]: SERVICE_START pid=1 uid=0 auid=4294967295 ses=4294967295 subj=kernel msg='unit=systemd-modules-load comm="systemd" exe="/nix/store/bm529sa3x74q6i0w4dyi1fcs35a7a2pk-systemd-252.1/lib/systemd/systemd" hostname=? addr=? terminal=? res=success'
Apr 01 08:19:34 nixos systemd[1]: Finished Coldplug All udev Devices.
Apr 01 08:19:34 nixos audit[1]: SERVICE_START pid=1 uid=0 auid=4294967295 ses=4294967295 subj=kernel msg='unit=systemd-udev-trigger comm="systemd" exe="/nix/store/bm529sa3x74q6i0w4dyi1fcs35a7a2pk-systemd-252.1/lib/systemd/systemd" hostname=? addr=? terminal=? res=success'
Apr 01 08:19:34 nixos systemd[1]: Finished mount-pstore.service.
Apr 01 08:19:34 nixos audit[1]: SERVICE_START pid=1 uid=0 auid=4294967295 ses=4294967295 subj=kernel msg='unit=mount-pstore comm="systemd" exe="/nix/store/bm529sa3x74q6i0w4dyi1fcs35a7a2pk-systemd-252.1/lib/systemd/systemd" hostname=? addr=? terminal=? res=success'
Apr 01 08:19:34 nixos audit: BPF prog-id=66 op=LOAD
Apr 01 08:19:34 nixos audit: BPF prog-id=67 op=LOAD
Apr 01 08:19:34 nixos systemd[1]: Mounting FUSE Control File System...
Apr 01 08:19:34 nixos audit: BPF prog-id=68 op=LOAD
Apr 01 08:19:34 nixos audit: BPF prog-id=69 op=LOAD
Apr 01 08:19:34 nixos systemd[1]: Mounting Kernel Configuration File System...
Apr 01 08:19:34 nixos audit: BPF prog-id=70 op=LOAD
Apr 01 08:19:34 nixos audit: BPF prog-id=71 op=LOAD
Apr 01 08:19:34 nixos systemd[1]: Starting Firewall...
Apr 01 08:19:34 nixos audit: BPF prog-id=72 op=LOAD
Apr 01 08:19:34 nixos audit: BPF prog-id=73 op=LOAD
Apr 01 08:19:34 nixos systemd[1]: Starting Flush Journal to Persistent Storage...
Apr 01 08:19:34 nixos systemd[1]: Platform Persistent Storage Archival was skipped because of an unmet condition check (ConditionDirectoryNotEmpty=/sys/fs/pstore).
Apr 01 08:19:34 nixos audit: BPF prog-id=74 op=LOAD
Apr 01 08:19:34 nixos audit: BPF prog-id=75 op=LOAD
Apr 01 08:19:34 nixos systemd[1]: Starting Load/Save Random Seed...
Apr 01 08:19:34 nixos audit: BPF prog-id=76 op=LOAD
Apr 01 08:19:34 nixos audit: BPF prog-id=77 op=LOAD
Apr 01 08:19:34 nixos systemd[1]: Starting Apply Kernel Variables...
Apr 01 08:19:34 nixos audit: BPF prog-id=78 op=LOAD
Apr 01 08:19:34 nixos audit: BPF prog-id=79 op=LOAD
Apr 01 08:19:34 nixos systemd[1]: Starting Create Static Device Nodes in /dev...
Apr 01 08:19:34 nixos systemd[1]: Mounted FUSE Control File System.
Apr 01 08:19:34 nixos systemd[1]: Mounted Kernel Configuration File System.
Apr 01 08:19:34 nixos systemd-journald[522]: Time spent on flushing to /var/log/journal/3a9aec412e454bb8a10127389401a8e5 is 33.707ms for 957 entries.
Apr 01 08:19:34 nixos systemd-journald[522]: System Journal (/var/log/journal/3a9aec412e454bb8a10127389401a8e5) is 51.8M, max 4.0G, 3.9G free.
Apr 01 08:19:34 nixos systemd-journald[522]: Received client request to flush runtime journal.
Apr 01 08:19:34 nixos audit[1]: SERVICE_START pid=1 uid=0 auid=4294967295 ses=4294967295 subj=kernel msg='unit=systemd-sysctl comm="systemd" exe="/nix/store/bm529sa3x74q6i0w4dyi1fcs35a7a2pk-systemd-252.1/lib/systemd/systemd" hostname=? addr=? terminal=? res=success'
Apr 01 08:19:34 nixos audit[569]: NETFILTER_CFG table=filter:2 family=2 entries=2 op=nft_register_chain pid=569 subj=kernel comm="iptables"
Apr 01 08:19:34 nixos audit[569]: SYSCALL arch=c000003e syscall=46 success=yes exit=132 a0=3 a1=7fffdaa251a0 a2=0 a3=7fffdaa2518c items=0 ppid=540 pid=569 auid=4294967295 uid=0 gid=0 euid=0 suid=0 fsuid=0 egid=0 sgid=0 fsgid=0 tty=(none) ses=4294967295 comm="iptables" exe="/nix/store/fvc2p72bc9h2zgr7g6mvwv3xai71ca03-iptables-1.8.8/bin/xtables-nft-multi" subj=kernel key=(null)
Apr 01 08:19:34 nixos audit: PROCTITLE proctitle=69707461626C6573002D77002D4E006E69786F732D66772D616363657074
Apr 01 08:19:34 nixos audit[570]: NETFILTER_CFG table=filter:3 family=10 entries=2 op=nft_register_chain pid=570 subj=kernel comm="ip6tables"
Apr 01 08:19:34 nixos audit[570]: SYSCALL arch=c000003e syscall=46 success=yes exit=132 a0=3 a1=7ffce1daccc0 a2=0 a3=7ffce1daccac items=0 ppid=540 pid=570 auid=4294967295 uid=0 gid=0 euid=0 suid=0 fsuid=0 egid=0 sgid=0 fsgid=0 tty=(none) ses=4294967295 comm="ip6tables" exe="/nix/store/fvc2p72bc9h2zgr7g6mvwv3xai71ca03-iptables-1.8.8/bin/xtables-nft-multi" subj=kernel key=(null)
Apr 01 08:19:34 nixos audit: PROCTITLE proctitle=6970367461626C6573002D77002D4E006E69786F732D66772D616363657074
Apr 01 08:19:34 nixos audit[1]: SERVICE_START pid=1 uid=0 auid=4294967295 ses=4294967295 subj=kernel msg='unit=systemd-random-seed comm="systemd" exe="/nix/store/bm529sa3x74q6i0w4dyi1fcs35a7a2pk-systemd-252.1/lib/systemd/systemd" hostname=? addr=? terminal=? res=success'
Apr 01 08:19:34 nixos systemd-sysctl[543]: Couldn't write '0' to 'net/ipv4/conf/wlp6s0/proxy_arp', ignoring: No such file or directory
Apr 01 08:19:34 nixos systemd-sysctl[543]: Couldn't write '2' to 'net/ipv6/conf/wlp6s0/use_tempaddr', ignoring: No such file or directory
Apr 01 08:19:34 nixos systemd[1]: Finished Apply Kernel Variables.
Apr 01 08:19:34 nixos systemd[1]: Finished Load/Save Random Seed.
Apr 01 08:19:34 nixos audit[571]: NETFILTER_CFG table=filter:4 family=2 entries=1 op=nft_register_rule pid=571 subj=kernel comm="iptables"
Apr 01 08:19:34 nixos audit[571]: SYSCALL arch=c000003e syscall=46 success=yes exit=216 a0=3 a1=7ffe50ed3b80 a2=0 a3=7ffe50ed3b6c items=0 ppid=540 pid=571 auid=4294967295 uid=0 gid=0 euid=0 suid=0 fsuid=0 egid=0 sgid=0 fsgid=0 tty=(none) ses=4294967295 comm="iptables" exe="/nix/store/fvc2p72bc9h2zgr7g6mvwv3xai71ca03-iptables-1.8.8/bin/xtables-nft-multi" subj=kernel key=(null)
Apr 01 08:19:34 nixos audit: PROCTITLE proctitle=69707461626C6573002D77002D41006E69786F732D66772D616363657074002D6A00414343455054
Apr 01 08:19:34 nixos audit[577]: NETFILTER_CFG table=filter:5 family=10 entries=1 op=nft_register_rule pid=577 subj=kernel comm="ip6tables"
Apr 01 08:19:34 nixos audit[577]: SYSCALL arch=c000003e syscall=46 success=yes exit=216 a0=3 a1=7ffcae705ca0 a2=0 a3=7ffcae705c8c items=0 ppid=540 pid=577 auid=4294967295 uid=0 gid=0 euid=0 suid=0 fsuid=0 egid=0 sgid=0 fsgid=0 tty=(none) ses=4294967295 comm="ip6tables" exe="/nix/store/fvc2p72bc9h2zgr7g6mvwv3xai71ca03-iptables-1.8.8/bin/xtables-nft-multi" subj=kernel key=(null)
Apr 01 08:19:34 nixos audit: PROCTITLE proctitle=6970367461626C6573002D77002D41006E69786F732D66772D616363657074002D6A00414343455054
Apr 01 08:19:34 nixos audit[578]: NETFILTER_CFG table=filter:6 family=2 entries=1 op=nft_register_chain pid=578 subj=kernel comm="iptables"
Apr 01 08:19:34 nixos audit[578]: SYSCALL arch=c000003e syscall=46 success=yes exit=100 a0=3 a1=7ffd90817380 a2=0 a3=7ffd9081736c items=0 ppid=540 pid=578 auid=4294967295 uid=0 gid=0 euid=0 suid=0 fsuid=0 egid=0 sgid=0 fsgid=0 tty=(none) ses=4294967295 comm="iptables" exe="/nix/store/fvc2p72bc9h2zgr7g6mvwv3xai71ca03-iptables-1.8.8/bin/xtables-nft-multi" subj=kernel key=(null)
Apr 01 08:19:34 nixos audit: PROCTITLE proctitle=69707461626C6573002D77002D4E006E69786F732D66772D726566757365
Apr 01 08:19:34 nixos audit[579]: NETFILTER_CFG table=filter:7 family=10 entries=1 op=nft_register_chain pid=579 subj=kernel comm="ip6tables"
Apr 01 08:19:34 nixos audit[579]: SYSCALL arch=c000003e syscall=46 success=yes exit=100 a0=3 a1=7ffc223cd0d0 a2=0 a3=7ffc223cd0bc items=0 ppid=540 pid=579 auid=4294967295 uid=0 gid=0 euid=0 suid=0 fsuid=0 egid=0 sgid=0 fsgid=0 tty=(none) ses=4294967295 comm="ip6tables" exe="/nix/store/fvc2p72bc9h2zgr7g6mvwv3xai71ca03-iptables-1.8.8/bin/xtables-nft-multi" subj=kernel key=(null)
Apr 01 08:19:34 nixos audit: PROCTITLE proctitle=6970367461626C6573002D77002D4E006E69786F732D66772D726566757365
Apr 01 08:19:34 nixos audit[580]: NETFILTER_CFG table=filter:8 family=2 entries=1 op=nft_register_rule pid=580 subj=kernel comm="iptables"
Apr 01 08:19:34 nixos audit[580]: SYSCALL arch=c000003e syscall=46 success=yes exit=216 a0=3 a1=7fff1f909e20 a2=0 a3=7fff1f909e0c items=0 ppid=540 pid=580 auid=4294967295 uid=0 gid=0 euid=0 suid=0 fsuid=0 egid=0 sgid=0 fsgid=0 tty=(none) ses=4294967295 comm="iptables" exe="/nix/store/fvc2p72bc9h2zgr7g6mvwv3xai71ca03-iptables-1.8.8/bin/xtables-nft-multi" subj=kernel key=(null)
Apr 01 08:19:34 nixos audit: PROCTITLE proctitle=69707461626C6573002D77002D41006E69786F732D66772D726566757365002D6A0044524F50
Apr 01 08:19:34 nixos audit[581]: NETFILTER_CFG table=filter:9 family=10 entries=1 op=nft_register_rule pid=581 subj=kernel comm="ip6tables"
Apr 01 08:19:34 nixos audit[581]: SYSCALL arch=c000003e syscall=46 success=yes exit=216 a0=3 a1=7fff5dca3b20 a2=0 a3=7fff5dca3b0c items=0 ppid=540 pid=581 auid=4294967295 uid=0 gid=0 euid=0 suid=0 fsuid=0 egid=0 sgid=0 fsgid=0 tty=(none) ses=4294967295 comm="ip6tables" exe="/nix/store/fvc2p72bc9h2zgr7g6mvwv3xai71ca03-iptables-1.8.8/bin/xtables-nft-multi" subj=kernel key=(null)
Apr 01 08:19:34 nixos audit: PROCTITLE proctitle=6970367461626C6573002D77002D41006E69786F732D66772D726566757365002D6A0044524F50
Apr 01 08:19:34 nixos audit[582]: NETFILTER_CFG table=filter:10 family=2 entries=1 op=nft_register_chain pid=582 subj=kernel comm="iptables"
Apr 01 08:19:34 nixos audit[582]: SYSCALL arch=c000003e syscall=46 success=yes exit=104 a0=3 a1=7ffd4c5be950 a2=0 a3=7ffd4c5be93c items=0 ppid=540 pid=582 auid=4294967295 uid=0 gid=0 euid=0 suid=0 fsuid=0 egid=0 sgid=0 fsgid=0 tty=(none) ses=4294967295 comm="iptables" exe="/nix/store/fvc2p72bc9h2zgr7g6mvwv3xai71ca03-iptables-1.8.8/bin/xtables-nft-multi" subj=kernel key=(null)
Apr 01 08:19:34 nixos audit: PROCTITLE proctitle=69707461626C6573002D77002D4E006E69786F732D66772D6C6F672D726566757365
Apr 01 08:19:34 nixos audit[583]: NETFILTER_CFG table=filter:11 family=10 entries=1 op=nft_register_chain pid=583 subj=kernel comm="ip6tables"
Apr 01 08:19:34 nixos audit[583]: SYSCALL arch=c000003e syscall=46 success=yes exit=104 a0=3 a1=7ffc9ea5a5b0 a2=0 a3=7ffc9ea5a59c items=0 ppid=540 pid=583 auid=4294967295 uid=0 gid=0 euid=0 suid=0 fsuid=0 egid=0 sgid=0 fsgid=0 tty=(none) ses=4294967295 comm="ip6tables" exe="/nix/store/fvc2p72bc9h2zgr7g6mvwv3xai71ca03-iptables-1.8.8/bin/xtables-nft-multi" subj=kernel key=(null)
Apr 01 08:19:34 nixos audit: PROCTITLE proctitle=6970367461626C6573002D77002D4E006E69786F732D66772D6C6F672D726566757365
Apr 01 08:19:34 nixos audit[584]: NETFILTER_CFG table=filter:12 family=2 entries=1 op=nft_register_rule pid=584 subj=kernel comm="iptables"
Apr 01 08:19:34 nixos audit[584]: SYSCALL arch=c000003e syscall=46 success=yes exit=488 a0=3 a1=7fffd8eeb100 a2=0 a3=7fffd8eeb0ec items=0 ppid=540 pid=584 auid=4294967295 uid=0 gid=0 euid=0 suid=0 fsuid=0 egid=0 sgid=0 fsgid=0 tty=(none) ses=4294967295 comm="iptables" exe="/nix/store/fvc2p72bc9h2zgr7g6mvwv3xai71ca03-iptables-1.8.8/bin/xtables-nft-multi" subj=kernel key=(null)
Apr 01 08:19:34 nixos audit: PROCTITLE proctitle=69707461626C6573002D77002D41006E69786F732D66772D6C6F672D726566757365002D7000746370002D2D73796E002D6A004C4F47002D2D6C6F672D6C6576656C00696E666F002D2D6C6F672D707265666978007265667573656420636F6E6E656374696F6E3A20
Apr 01 08:19:34 nixos systemd[1]: Finished Create Static Device Nodes in /dev.
Apr 01 08:19:34 nixos audit[588]: NETFILTER_CFG table=filter:13 family=10 entries=1 op=nft_register_rule pid=588 subj=kernel comm="ip6tables"
Apr 01 08:19:34 nixos audit[588]: SYSCALL arch=c000003e syscall=46 success=yes exit=488 a0=3 a1=7ffdc658aaf0 a2=0 a3=7ffdc658aadc items=0 ppid=540 pid=588 auid=4294967295 uid=0 gid=0 euid=0 suid=0 fsuid=0 egid=0 sgid=0 fsgid=0 tty=(none) ses=4294967295 comm="ip6tables" exe="/nix/store/fvc2p72bc9h2zgr7g6mvwv3xai71ca03-iptables-1.8.8/bin/xtables-nft-multi" subj=kernel key=(null)
Apr 01 08:19:34 nixos audit: PROCTITLE proctitle=6970367461626C6573002D77002D41006E69786F732D66772D6C6F672D726566757365002D7000746370002D2D73796E002D6A004C4F47002D2D6C6F672D6C6576656C00696E666F002D2D6C6F672D707265666978007265667573656420636F6E6E656374696F6E3A20
Apr 01 08:19:34 nixos audit[1]: SERVICE_START pid=1 uid=0 auid=4294967295 ses=4294967295 subj=kernel msg='unit=systemd-tmpfiles-setup-dev comm="systemd" exe="/nix/store/bm529sa3x74q6i0w4dyi1fcs35a7a2pk-systemd-252.1/lib/systemd/systemd" hostname=? addr=? terminal=? res=success'
Apr 01 08:19:34 nixos audit[589]: NETFILTER_CFG table=filter:14 family=2 entries=1 op=nft_register_rule pid=589 subj=kernel comm="iptables"
Apr 01 08:19:34 nixos audit[589]: SYSCALL arch=c000003e syscall=46 success=yes exit=292 a0=3 a1=7fff533b0ca0 a2=0 a3=7fff533b0c8c items=0 ppid=540 pid=589 auid=4294967295 uid=0 gid=0 euid=0 suid=0 fsuid=0 egid=0 sgid=0 fsgid=0 tty=(none) ses=4294967295 comm="iptables" exe="/nix/store/fvc2p72bc9h2zgr7g6mvwv3xai71ca03-iptables-1.8.8/bin/xtables-nft-multi" subj=kernel key=(null)
Apr 01 08:19:34 nixos audit: PROCTITLE proctitle=69707461626C6573002D77002D41006E69786F732D66772D6C6F672D726566757365002D6D00706B74747970650000002D2D706B742D7479706500756E6963617374002D6A006E69786F732D66772D726566757365
Apr 01 08:19:34 nixos audit[591]: NETFILTER_CFG table=filter:15 family=10 entries=1 op=nft_register_rule pid=591 subj=kernel comm="ip6tables"
Apr 01 08:19:34 nixos audit[591]: SYSCALL arch=c000003e syscall=46 success=yes exit=292 a0=3 a1=7ffea73eefd0 a2=0 a3=7ffea73eefbc items=0 ppid=540 pid=591 auid=4294967295 uid=0 gid=0 euid=0 suid=0 fsuid=0 egid=0 sgid=0 fsgid=0 tty=(none) ses=4294967295 comm="ip6tables" exe="/nix/store/fvc2p72bc9h2zgr7g6mvwv3xai71ca03-iptables-1.8.8/bin/xtables-nft-multi" subj=kernel key=(null)
Apr 01 08:19:34 nixos audit: PROCTITLE proctitle=6970367461626C6573002D77002D41006E69786F732D66772D6C6F672D726566757365002D6D00706B74747970650000002D2D706B742D7479706500756E6963617374002D6A006E69786F732D66772D726566757365
Apr 01 08:19:34 nixos audit[592]: NETFILTER_CFG table=filter:16 family=2 entries=1 op=nft_register_rule pid=592 subj=kernel comm="iptables"
Apr 01 08:19:34 nixos audit[592]: SYSCALL arch=c000003e syscall=46 success=yes exit=240 a0=3 a1=7ffcd7bd9e70 a2=0 a3=7ffcd7bd9e5c items=0 ppid=540 pid=592 auid=4294967295 uid=0 gid=0 euid=0 suid=0 fsuid=0 egid=0 sgid=0 fsgid=0 tty=(none) ses=4294967295 comm="iptables" exe="/nix/store/fvc2p72bc9h2zgr7g6mvwv3xai71ca03-iptables-1.8.8/bin/xtables-nft-multi" subj=kernel key=(null)
Apr 01 08:19:34 nixos audit: PROCTITLE proctitle=69707461626C6573002D77002D41006E69786F732D66772D6C6F672D726566757365002D6A006E69786F732D66772D726566757365
Apr 01 08:19:34 nixos audit[593]: NETFILTER_CFG table=filter:17 family=10 entries=1 op=nft_register_rule pid=593 subj=kernel comm="ip6tables"
Apr 01 08:19:34 nixos audit[593]: SYSCALL arch=c000003e syscall=46 success=yes exit=240 a0=3 a1=7fffb2b7a850 a2=0 a3=7fffb2b7a83c items=0 ppid=540 pid=593 auid=4294967295 uid=0 gid=0 euid=0 suid=0 fsuid=0 egid=0 sgid=0 fsgid=0 tty=(none) ses=4294967295 comm="ip6tables" exe="/nix/store/fvc2p72bc9h2zgr7g6mvwv3xai71ca03-iptables-1.8.8/bin/xtables-nft-multi" subj=kernel key=(null)
Apr 01 08:19:34 nixos audit: PROCTITLE proctitle=6970367461626C6573002D77002D41006E69786F732D66772D6C6F672D726566757365002D6A006E69786F732D66772D726566757365
Apr 01 08:19:34 nixos audit[594]: NETFILTER_CFG table=filter:18 family=2 entries=1 op=nft_register_chain pid=594 subj=kernel comm="iptables"
Apr 01 08:19:34 nixos audit[594]: SYSCALL arch=c000003e syscall=46 success=yes exit=96 a0=3 a1=7ffc108b5c50 a2=0 a3=7ffc108b5c3c items=0 ppid=540 pid=594 auid=4294967295 uid=0 gid=0 euid=0 suid=0 fsuid=0 egid=0 sgid=0 fsgid=0 tty=(none) ses=4294967295 comm="iptables" exe="/nix/store/fvc2p72bc9h2zgr7g6mvwv3xai71ca03-iptables-1.8.8/bin/xtables-nft-multi" subj=kernel key=(null)
Apr 01 08:19:34 nixos audit: PROCTITLE proctitle=69707461626C6573002D77002D4E006E69786F732D6677
Apr 01 08:19:34 nixos audit[595]: NETFILTER_CFG table=filter:19 family=10 entries=1 op=nft_register_chain pid=595 subj=kernel comm="ip6tables"
Apr 01 08:19:34 nixos audit[595]: SYSCALL arch=c000003e syscall=46 success=yes exit=96 a0=3 a1=7fff8f5736e0 a2=0 a3=7fff8f5736cc items=0 ppid=540 pid=595 auid=4294967295 uid=0 gid=0 euid=0 suid=0 fsuid=0 egid=0 sgid=0 fsgid=0 tty=(none) ses=4294967295 comm="ip6tables" exe="/nix/store/fvc2p72bc9h2zgr7g6mvwv3xai71ca03-iptables-1.8.8/bin/xtables-nft-multi" subj=kernel key=(null)
Apr 01 08:19:34 nixos audit: PROCTITLE proctitle=6970367461626C6573002D77002D4E006E69786F732D6677
Apr 01 08:19:34 nixos systemd[1]: Finished Flush Journal to Persistent Storage.
