Oct 01 08:17:02 nixos kernel: microcode: microcode updated early to revision 0xac, date = 2023-02-27
Oct 01 08:17:02 nixos kernel: Linux version 6.1.52 (nixbld@localhost) (gcc (GCC) 12.3.0, GNU ld (GNU Binutils) 2.40) #1-NixOS SMP PREEMPT_DYNAMIC Wed Sep  6 20:27:03 UTC 2023
Oct 01 08:17:02 nixos kernel: Command line: initrd=\efi\nixos\k7hjdqsd9miy40lfjnmq0385vfb761pv-initrd-linux-6.1.52-initrd.efi init=/nix/store/r6fd5r48lqxbic4jxds97lj93gng1g5j-nixos-system-nixos-23.11.20230911.3a2786e/init loglevel=4
Oct 01 08:17:02 nixos kernel: x86/split lock detection: #AC: crashing the kernel on kernel split_locks and warning on user-space split_locks
Oct 01 08:17:02 nixos kernel: BIOS-provided physical RAM map:
Oct 01 08:17:02 nixos kernel: BIOS-e820: [mem 0x0000000000000000-0x000000000009efff] usable
Oct 01 08:17:02 nixos kernel: BIOS-e820: [mem 0x000000000009f000-0x00000000000fffff] reserved
Oct 01 08:17:02 nixos kernel: BIOS-e820: [mem 0x0000000000100000-0x00000000613befff] usable
Oct 01 08:17:02 nixos kernel: BIOS-e820: [mem 0x00000000613bf000-0x0000000065cf9fff] reserved
Oct 01 08:17:02 nixos kernel: BIOS-e820: [mem 0x0000000065cfa000-0x0000000065dc5fff] ACPI data
Oct 01 08:17:02 nixos kernel: BIOS-e820: [mem 0x0000000065dc6000-0x0000000065ec0fff] ACPI NVS
Oct 01 08:17:02 nixos kernel: BIOS-e820: [mem 0x0000000065ec1000-0x00000000667fefff] reserved
Oct 01 08:17:02 nixos kernel: BIOS-e820: [mem 0x00000000667ff000-0x00000000667fffff] usable
Oct 01 08:17:02 nixos kernel: BIOS-e820: [mem 0x0000000066800000-0x000000006cffffff] reserved
Oct 01 08:17:02 nixos kernel: BIOS-e820: [mem 0x000000006d800000-0x000000006d9fffff] reserved
Oct 01 08:17:02 nixos kernel: BIOS-e820: [mem 0x000000006e400000-0x00000000747fffff] reserved
Oct 01 08:17:02 nixos kernel: BIOS-e820: [mem 0x00000000c0000000-0x00000000cfffffff] reserved
Oct 01 08:17:02 nixos kernel: BIOS-e820: [mem 0x00000000fe000000-0x00000000fe010fff] reserved
Oct 01 08:17:02 nixos kernel: BIOS-e820: [mem 0x00000000fec00000-0x00000000fec00fff] reserved
Oct 01 08:17:02 nixos kernel: BIOS-e820: [mem 0x00000000fed00000-0x00000000fed00fff] reserved
Oct 01 08:17:02 nixos kernel: BIOS-e820: [mem 0x00000000fed20000-0x00000000fed7ffff] reserved
Oct 01 08:17:02 nixos kernel: BIOS-e820: [mem 0x00000000fee00000-0x00000000fee00fff] reserved
Oct 01 08:17:02 nixos kernel: BIOS-e820: [mem 0x00000000ff000000-0x00000000ffffffff] reserved
Oct 01 08:17:02 nixos kernel: BIOS-e820: [mem 0x0000000100000000-0x000000048b7fffff] usable
Oct 01 08:17:02 nixos kernel: NX (Execute Disable) protection: active
Oct 01 08:17:02 nixos kernel: e820: update [mem 0x59892018-0x598bb857] usable ==> usable
Oct 01 08:17:02 nixos kernel: e820: update [mem 0x59892018-0x598bb857] usable ==> usable
Oct 01 08:17:02 nixos kernel: extended physical RAM map:
Oct 01 08:17:02 nixos kernel: reserve setup_data: [mem 0x0000000000000000-0x000000000009efff] usable
Oct 01 08:17:02 nixos kernel: reserve setup_data: [mem 0x000000000009f000-0x00000000000fffff] reserved
Oct 01 08:17:02 nixos kernel: reserve setup_data: [mem 0x0000000000100000-0x0000000059892017] usable
Oct 01 08:17:02 nixos kernel: reserve setup_data: [mem 0x0000000059892018-0x00000000598bb857] usable
Oct 01 08:17:02 nixos kernel: reserve setup_data: [mem 0x00000000598bb858-0x00000000613befff] usable
Oct 01 08:17:02 nixos kernel: reserve setup_data: [mem 0x00000000613bf000-0x0000000065cf9fff] reserved
Oct 01 08:17:02 nixos kernel: reserve setup_data: [mem 0x0000000065cfa000-0x0000000065dc5fff] ACPI data
Oct 01 08:17:02 nixos kernel: reserve setup_data: [mem 0x0000000065dc6000-0x0000000065ec0fff] ACPI NVS
Oct 01 08:17:02 nixos kernel: reserve setup_data: [mem 0x0000000065ec1000-0x00000000667fefff] reserved
Oct 01 08:17:02 nixos kernel: reserve setup_data: [mem 0x00000000667ff000-0x00000000667fffff] usable
Oct 01 08:17:02 nixos kernel: reserve setup_data: [mem 0x0000000066800000-0x000000006cffffff] reserved
Oct 01 08:17:02 nixos kernel: reserve setup_data: [mem 0x000000006d800000-0x000000006d9fffff] reserved
Oct 01 08:17:02 nixos kernel: reserve setup_data: [mem 0x000000006e400000-0x00000000747fffff] reserved
Oct 01 08:17:02 nixos kernel: reserve setup_data: [mem 0x00000000c0000000-0x00000000cfffffff] reserved
Oct 01 08:17:02 nixos kernel: reserve setup_data: [mem 0x00000000fe000000-0x00000000fe010fff] reserved
Oct 01 08:17:02 nixos kernel: reserve setup_data: [mem 0x00000000fec00000-0x00000000fec00fff] reserved
Oct 01 08:17:02 nixos kernel: reserve setup_data: [mem 0x00000000fed00000-0x00000000fed00fff] reserved
Oct 01 08:17:02 nixos kernel: reserve setup_data: [mem 0x00000000fed20000-0x00000000fed7ffff] reserved
Oct 01 08:17:02 nixos kernel: reserve setup_data: [mem 0x00000000fee00000-0x00000000fee00fff] reserved
Oct 01 08:17:02 nixos kernel: reserve setup_data: [mem 0x00000000ff000000-0x00000000ffffffff] reserved
Oct 01 08:17:02 nixos kernel: reserve setup_data: [mem 0x0000000100000000-0x000000048b7fffff] usable
Oct 01 08:17:02 nixos kernel: efi: EFI v2.70 by American Megatrends
Oct 01 08:17:02 nixos kernel: efi: ACPI=0x65dc5000 ACPI 2.0=0x65dc5014 TPMFinalLog=0x65e4c000 SMBIOS=0x66609000 SMBIOS 3.0=0x66608000 ESRT=0x5f561818 RNG=0x65d33f18 INITRD=0x5e411698 TPMEventLog=0x5d61c018 
Oct 01 08:17:02 nixos kernel: random: crng init done
Oct 01 08:17:02 nixos kernel: SMBIOS 3.3.0 present.
Oct 01 08:17:02 nixos kernel: DMI: ASUSTeK COMPUTER INC. VivoBook_ASUSLaptop X421EQ_S433EQ/X421EQ, BIOS X421EQ.315 12/07/2021
Oct 01 08:17:02 nixos kernel: tsc: Detected 2800.000 MHz processor
Oct 01 08:17:02 nixos kernel: tsc: Detected 2803.200 MHz TSC
Oct 01 08:17:02 nixos kernel: [Firmware Bug]: TSC ADJUST: CPU0: -564558065 force to 0
Oct 01 08:17:02 nixos kernel: e820: update [mem 0x00000000-0x00000fff] usable ==> reserved
Oct 01 08:17:02 nixos kernel: e820: remove [mem 0x000a0000-0x000fffff] usable
Oct 01 08:17:02 nixos kernel: last_pfn = 0x48b800 max_arch_pfn = 0x400000000
Oct 01 08:17:02 nixos kernel: x86/PAT: Configuration [0-7]: WB  WC  UC- UC  WB  WP  UC- WT  
Oct 01 08:17:02 nixos kernel: last_pfn = 0x66800 max_arch_pfn = 0x400000000
Oct 01 08:17:02 nixos kernel: esrt: Reserving ESRT space from 0x000000005f561818 to 0x000000005f561878.
Oct 01 08:17:02 nixos kernel: e820: update [mem 0x5f561000-0x5f561fff] usable ==> reserved
Oct 01 08:17:02 nixos kernel: Using GB pages for direct mapping
Oct 01 08:17:02 nixos kernel: Secure boot disabled
Oct 01 08:17:02 nixos kernel: RAMDISK: [mem 0x598bc000-0x5ab23fff]
Oct 01 08:17:02 nixos kernel: ACPI: Early table checksum verification disabled
Oct 01 08:17:02 nixos kernel: ACPI: RSDP 0x0000000065DC5014 000024 (v02 _ASUS_)
Oct 01 08:17:02 nixos kernel: ACPI: XSDT 0x0000000065DC4728 00011C (v01 _ASUS_ Notebook 01072009 AMI  01000013)
Oct 01 08:17:02 nixos kernel: ACPI: FACP 0x0000000065DBF000 000114 (v06 _ASUS_ Notebook 01072009 AMI  00010013)
Oct 01 08:17:02 nixos kernel: ACPI: DSDT 0x0000000065D6A000 054A8C (v02 _ASUS_ Notebook 01072009 INTL 20191018)
Oct 01 08:17:02 nixos kernel: ACPI: FACS 0x0000000065EBD000 000040
Oct 01 08:17:02 nixos kernel: ACPI: MCFG 0x0000000065DC3000 00003C (v01 _ASUS_ Notebook 01072009 MSFT 00000097)
Oct 01 08:17:02 nixos kernel: ACPI: SSDT 0x0000000065DC0000 0025CF (v02 CpuRef CpuSsdt  00003000 INTL 20191018)
Oct 01 08:17:02 nixos kernel: ACPI: FIDT 0x0000000065D69000 00009C (v01 _ASUS_ Notebook 01072009 AMI  00010013)
Oct 01 08:17:02 nixos kernel: ACPI: ECDT 0x0000000065D68000 0000C1 (v01 _ASUS_ Notebook 01072009 AMI. 00000005)
Oct 01 08:17:02 nixos kernel: ACPI: MSDM 0x0000000065D67000 000055 (v03 _ASUS_ Notebook 01072009 ASUS 00000001)
Oct 01 08:17:02 nixos kernel: ACPI: SSDT 0x0000000065D62000 004E24 (v02 DptfTa DptfTabl 00001000 INTL 20191018)
Oct 01 08:17:02 nixos kernel: ACPI: SSDT 0x0000000065D60000 0017B5 (v02 SaSsdt SaSsdt   00003000 INTL 20191018)
Oct 01 08:17:02 nixos kernel: ACPI: SSDT 0x0000000065D5C000 003350 (v02 INTEL  IgfxSsdt 00003000 INTL 20191018)
Oct 01 08:17:02 nixos kernel: ACPI: SSDT 0x0000000065D50000 00B1B2 (v02 INTEL  TcssSsdt 00001000 INTL 20191018)
Oct 01 08:17:02 nixos kernel: ACPI: HPET 0x0000000065D4F000 000038 (v01 _ASUS_ Notebook 01072009 AMI  01000013)
Oct 01 08:17:02 nixos kernel: ACPI: APIC 0x0000000065D4E000 00012C (v04 _ASUS_ Notebook 01072009 AMI  01000013)
Oct 01 08:17:02 nixos kernel: ACPI: SSDT 0x0000000065D46000 00700C (v02 _ASUS_ TglU_Rvp 00001000 INTL 20191018)
Oct 01 08:17:02 nixos kernel: ACPI: NHLT 0x0000000065D45000 00002D (v00 _ASUS_ Notebook 01072009 AMI  01000013)
Oct 01 08:17:02 nixos kernel: ACPI: LPIT 0x0000000065D44000 0000CC (v01 _ASUS_ Notebook 01072009 AMI  01000013)
Oct 01 08:17:02 nixos kernel: ACPI: SSDT 0x0000000065D42000 00012A (v02 _ASUS_ TbtTypeC 00000000 INTL 20191018)
Oct 01 08:17:02 nixos kernel: ACPI: DBGP 0x0000000065D41000 000034 (v01 _ASUS_ Notebook 01072009 AMI  01000013)
Oct 01 08:17:02 nixos kernel: ACPI: DBG2 0x0000000065D40000 000054 (v00 _ASUS_ Notebook 01072009 AMI  01000013)
Oct 01 08:17:02 nixos kernel: ACPI: SSDT 0x0000000065D3F000 000D1B (v02 _ASUS_ UsbCTabl 00001000 INTL 20191018)
Oct 01 08:17:02 nixos kernel: ACPI: DMAR 0x0000000065D3E000 0000A0 (v02 INTEL  EDK2     00000002      01000013)
Oct 01 08:17:02 nixos kernel: ACPI: SSDT 0x0000000065D3D000 000218 (v02 INTEL  xh_tudd4 00000000 INTL 20191018)
Oct 01 08:17:02 nixos kernel: ACPI: SSDT 0x0000000065D3C000 0004B8 (v02 HgRef  HgRpSsdt 00001000 INTL 20191018)
Oct 01 08:17:02 nixos kernel: ACPI: SSDT 0x0000000065D3B000 000144 (v02 Intel  ADebTabl 00001000 INTL 20191018)
Oct 01 08:17:02 nixos kernel: ACPI: BGRT 0x0000000065D3A000 000038 (v01 _ASUS_ Notebook 01072009 AMI  00010013)
Oct 01 08:17:02 nixos kernel: ACPI: UEFI 0x0000000065E2A000 00063A (v01 INTEL  RstVmdE  00000000 ??   00000000)
Oct 01 08:17:02 nixos kernel: ACPI: UEFI 0x0000000065E29000 00005C (v01 INTEL  RstVmdV  00000000 ??   00000000)
Oct 01 08:17:02 nixos kernel: ACPI: TPM2 0x0000000065D39000 00004C (v04 _ASUS_ Notebook 00000001 AMI  00000000)
Oct 01 08:17:02 nixos kernel: ACPI: SSDT 0x0000000065D36000 002498 (v01 OptRef OptTabl  00001000 INTL 20191018)
Oct 01 08:17:02 nixos kernel: ACPI: PTDT 0x0000000065D35000 000D44 (v00 _ASUS_ Notebook 00000005 MSFT 0100000D)
Oct 01 08:17:02 nixos kernel: ACPI: WSMT 0x0000000065D43000 000028 (v01 _ASUS_ Notebook 01072009 AMI  00010013)
Oct 01 08:17:02 nixos kernel: ACPI: FPDT 0x0000000065D34000 000044 (v01 _ASUS_ A M I    01072009 AMI  01000013)
Oct 01 08:17:02 nixos kernel: ACPI: Reserving FACP table memory at [mem 0x65dbf000-0x65dbf113]
Oct 01 08:17:02 nixos kernel: ACPI: Reserving DSDT table memory at [mem 0x65d6a000-0x65dbea8b]
Oct 01 08:17:02 nixos kernel: ACPI: Reserving FACS table memory at [mem 0x65ebd000-0x65ebd03f]
Oct 01 08:17:02 nixos kernel: ACPI: Reserving MCFG table memory at [mem 0x65dc3000-0x65dc303b]
Oct 01 08:17:02 nixos kernel: ACPI: Reserving SSDT table memory at [mem 0x65dc0000-0x65dc25ce]
Oct 01 08:17:02 nixos kernel: ACPI: Reserving FIDT table memory at [mem 0x65d69000-0x65d6909b]
Oct 01 08:17:02 nixos kernel: ACPI: Reserving ECDT table memory at [mem 0x65d68000-0x65d680c0]
Oct 01 08:17:02 nixos kernel: ACPI: Reserving MSDM table memory at [mem 0x65d67000-0x65d67054]
Oct 01 08:17:02 nixos kernel: ACPI: Reserving SSDT table memory at [mem 0x65d62000-0x65d66e23]
Oct 01 08:17:02 nixos kernel: ACPI: Reserving SSDT table memory at [mem 0x65d60000-0x65d617b4]
Oct 01 08:17:02 nixos kernel: ACPI: Reserving SSDT table memory at [mem 0x65d5c000-0x65d5f34f]
Oct 01 08:17:02 nixos kernel: ACPI: Reserving SSDT table memory at [mem 0x65d50000-0x65d5b1b1]
Oct 01 08:17:02 nixos kernel: ACPI: Reserving HPET table memory at [mem 0x65d4f000-0x65d4f037]
Oct 01 08:17:02 nixos kernel: ACPI: Reserving APIC table memory at [mem 0x65d4e000-0x65d4e12b]
Oct 01 08:17:02 nixos kernel: ACPI: Reserving SSDT table memory at [mem 0x65d46000-0x65d4d00b]
Oct 01 08:17:02 nixos kernel: ACPI: Reserving NHLT table memory at [mem 0x65d45000-0x65d4502c]
Oct 01 08:17:02 nixos kernel: ACPI: Reserving LPIT table memory at [mem 0x65d44000-0x65d440cb]
Oct 01 08:17:02 nixos kernel: ACPI: Reserving SSDT table memory at [mem 0x65d42000-0x65d42129]
Oct 01 08:17:02 nixos kernel: ACPI: Reserving DBGP table memory at [mem 0x65d41000-0x65d41033]
Oct 01 08:17:02 nixos kernel: ACPI: Reserving DBG2 table memory at [mem 0x65d40000-0x65d40053]
Oct 01 08:17:02 nixos kernel: ACPI: Reserving SSDT table memory at [mem 0x65d3f000-0x65d3fd1a]
Oct 01 08:17:02 nixos kernel: ACPI: Reserving DMAR table memory at [mem 0x65d3e000-0x65d3e09f]
Oct 01 08:17:02 nixos kernel: ACPI: Reserving SSDT table memory at [mem 0x65d3d000-0x65d3d217]
Oct 01 08:17:02 nixos kernel: ACPI: Reserving SSDT table memory at [mem 0x65d3c000-0x65d3c4b7]
Oct 01 08:17:02 nixos kernel: ACPI: Reserving SSDT table memory at [mem 0x65d3b000-0x65d3b143]
Oct 01 08:17:02 nixos kernel: ACPI: Reserving BGRT table memory at [mem 0x65d3a000-0x65d3a037]
Oct 01 08:17:02 nixos kernel: ACPI: Reserving UEFI table memory at [mem 0x65e2a000-0x65e2a639]
Oct 01 08:17:02 nixos kernel: ACPI: Reserving UEFI table memory at [mem 0x65e29000-0x65e2905b]
Oct 01 08:17:02 nixos kernel: ACPI: Reserving TPM2 table memory at [mem 0x65d39000-0x65d3904b]
Oct 01 08:17:02 nixos kernel: ACPI: Reserving SSDT table memory at [mem 0x65d36000-0x65d38497]
Oct 01 08:17:02 nixos kernel: ACPI: Reserving PTDT table memory at [mem 0x65d35000-0x65d35d43]
Oct 01 08:17:02 nixos kernel: ACPI: Reserving WSMT table memory at [mem 0x65d43000-0x65d43027]
Oct 01 08:17:02 nixos kernel: ACPI: Reserving FPDT table memory at [mem 0x65d34000-0x65d34043]
Oct 01 08:17:02 nixos kernel: No NUMA configuration found
Oct 01 08:17:02 nixos kernel: Faking a node at [mem 0x0000000000000000-0x000000048b7fffff]
Oct 01 08:17:02 nixos kernel: NODE_DATA(0) allocated [mem 0x48b7fa000-0x48b7fffff]
Oct 01 08:17:02 nixos kernel: Zone ranges:
Oct 01 08:17:02 nixos kernel:   DMA      [mem 0x0000000000001000-0x0000000000ffffff]
Oct 01 08:17:02 nixos kernel:   DMA32    [mem 0x0000000001000000-0x00000000ffffffff]
Oct 01 08:17:02 nixos kernel:   Normal   [mem 0x0000000100000000-0x000000048b7fffff]
Oct 01 08:17:02 nixos kernel:   Device   empty
Oct 01 08:17:02 nixos kernel: Movable zone start for each node
Oct 01 08:17:02 nixos kernel: Early memory node ranges
Oct 01 08:17:02 nixos kernel:   node   0: [mem 0x0000000000001000-0x000000000009efff]
Oct 01 08:17:02 nixos kernel:   node   0: [mem 0x0000000000100000-0x00000000613befff]
Oct 01 08:17:02 nixos kernel:   node   0: [mem 0x00000000667ff000-0x00000000667fffff]
Oct 01 08:17:02 nixos kernel:   node   0: [mem 0x0000000100000000-0x000000048b7fffff]
Oct 01 08:17:02 nixos kernel: Initmem setup node 0 [mem 0x0000000000001000-0x000000048b7fffff]
Oct 01 08:17:02 nixos kernel: On node 0, zone DMA: 1 pages in unavailable ranges
Oct 01 08:17:02 nixos kernel: On node 0, zone DMA: 97 pages in unavailable ranges
Oct 01 08:17:02 nixos kernel: On node 0, zone DMA32: 21568 pages in unavailable ranges
Oct 01 08:17:02 nixos kernel: On node 0, zone Normal: 6144 pages in unavailable ranges
Oct 01 08:17:02 nixos kernel: On node 0, zone Normal: 18432 pages in unavailable ranges
Oct 01 08:17:02 nixos kernel: Reserving Intel graphics memory at [mem 0x70800000-0x747fffff]
Oct 01 08:17:02 nixos kernel: ACPI: PM-Timer IO Port: 0x1808
Oct 01 08:17:02 nixos kernel: ACPI: LAPIC_NMI (acpi_id[0x01] high edge lint[0x1])
Oct 01 08:17:02 nixos kernel: ACPI: LAPIC_NMI (acpi_id[0x02] high edge lint[0x1])
Oct 01 08:17:02 nixos kernel: ACPI: LAPIC_NMI (acpi_id[0x03] high edge lint[0x1])
Oct 01 08:17:02 nixos kernel: ACPI: LAPIC_NMI (acpi_id[0x04] high edge lint[0x1])
Oct 01 08:17:02 nixos kernel: ACPI: LAPIC_NMI (acpi_id[0x05] high edge lint[0x1])
Oct 01 08:17:02 nixos kernel: ACPI: LAPIC_NMI (acpi_id[0x06] high edge lint[0x1])
Oct 01 08:17:02 nixos kernel: ACPI: LAPIC_NMI (acpi_id[0x07] high edge lint[0x1])
Oct 01 08:17:02 nixos kernel: ACPI: LAPIC_NMI (acpi_id[0x08] high edge lint[0x1])
Oct 01 08:17:02 nixos kernel: ACPI: LAPIC_NMI (acpi_id[0x09] high edge lint[0x1])
Oct 01 08:17:02 nixos kernel: ACPI: LAPIC_NMI (acpi_id[0x0a] high edge lint[0x1])
Oct 01 08:17:02 nixos kernel: ACPI: LAPIC_NMI (acpi_id[0x0b] high edge lint[0x1])
Oct 01 08:17:02 nixos kernel: ACPI: LAPIC_NMI (acpi_id[0x0c] high edge lint[0x1])
Oct 01 08:17:02 nixos kernel: ACPI: LAPIC_NMI (acpi_id[0x0d] high edge lint[0x1])
Oct 01 08:17:02 nixos kernel: ACPI: LAPIC_NMI (acpi_id[0x0e] high edge lint[0x1])
Oct 01 08:17:02 nixos kernel: ACPI: LAPIC_NMI (acpi_id[0x0f] high edge lint[0x1])
Oct 01 08:17:02 nixos kernel: ACPI: LAPIC_NMI (acpi_id[0x10] high edge lint[0x1])
Oct 01 08:17:02 nixos kernel: IOAPIC[0]: apic_id 2, version 32, address 0xfec00000, GSI 0-119
Oct 01 08:17:02 nixos kernel: ACPI: INT_SRC_OVR (bus 0 bus_irq 0 global_irq 2 dfl dfl)
Oct 01 08:17:02 nixos kernel: ACPI: INT_SRC_OVR (bus 0 bus_irq 9 global_irq 9 high level)
Oct 01 08:17:02 nixos kernel: ACPI: Using ACPI (MADT) for SMP configuration information
Oct 01 08:17:02 nixos kernel: ACPI: HPET id: 0x8086a201 base: 0xfed00000
Oct 01 08:17:02 nixos kernel: e820: update [mem 0x5e74c000-0x5e77afff] usable ==> reserved
Oct 01 08:17:02 nixos kernel: TSC deadline timer available
Oct 01 08:17:02 nixos kernel: smpboot: Allowing 8 CPUs, 0 hotplug CPUs
Oct 01 08:17:02 nixos kernel: PM: hibernation: Registered nosave memory: [mem 0x00000000-0x00000fff]
Oct 01 08:17:02 nixos kernel: PM: hibernation: Registered nosave memory: [mem 0x0009f000-0x000fffff]
Oct 01 08:17:02 nixos kernel: PM: hibernation: Registered nosave memory: [mem 0x59892000-0x59892fff]
Oct 01 08:17:02 nixos kernel: PM: hibernation: Registered nosave memory: [mem 0x598bb000-0x598bbfff]
Oct 01 08:17:02 nixos kernel: PM: hibernation: Registered nosave memory: [mem 0x5e74c000-0x5e77afff]
Oct 01 08:17:02 nixos kernel: PM: hibernation: Registered nosave memory: [mem 0x5f561000-0x5f561fff]
Oct 01 08:17:02 nixos kernel: PM: hibernation: Registered nosave memory: [mem 0x613bf000-0x65cf9fff]
Oct 01 08:17:02 nixos kernel: PM: hibernation: Registered nosave memory: [mem 0x65cfa000-0x65dc5fff]
Oct 01 08:17:02 nixos kernel: PM: hibernation: Registered nosave memory: [mem 0x65dc6000-0x65ec0fff]
Oct 01 08:17:02 nixos kernel: PM: hibernation: Registered nosave memory: [mem 0x65ec1000-0x667fefff]
Oct 01 08:17:02 nixos kernel: PM: hibernation: Registered nosave memory: [mem 0x66800000-0x6cffffff]
Oct 01 08:17:02 nixos kernel: PM: hibernation: Registered nosave memory: [mem 0x6d000000-0x6d7fffff]
Oct 01 08:17:02 nixos kernel: PM: hibernation: Registered nosave memory: [mem 0x6d800000-0x6d9fffff]
Oct 01 08:17:02 nixos kernel: PM: hibernation: Registered nosave memory: [mem 0x6da00000-0x6e3fffff]
Oct 01 08:17:02 nixos kernel: PM: hibernation: Registered nosave memory: [mem 0x6e400000-0x747fffff]
Oct 01 08:17:02 nixos kernel: PM: hibernation: Registered nosave memory: [mem 0x74800000-0xbfffffff]
Oct 01 08:17:02 nixos kernel: PM: hibernation: Registered nosave memory: [mem 0xc0000000-0xcfffffff]
Oct 01 08:17:02 nixos kernel: PM: hibernation: Registered nosave memory: [mem 0xd0000000-0xfdffffff]
Oct 01 08:17:02 nixos kernel: PM: hibernation: Registered nosave memory: [mem 0xfe000000-0xfe010fff]
Oct 01 08:17:02 nixos kernel: PM: hibernation: Registered nosave memory: [mem 0xfe011000-0xfebfffff]
Oct 01 08:17:02 nixos kernel: PM: hibernation: Registered nosave memory: [mem 0xfec00000-0xfec00fff]
Oct 01 08:17:02 nixos kernel: PM: hibernation: Registered nosave memory: [mem 0xfec01000-0xfecfffff]
Oct 01 08:17:02 nixos kernel: PM: hibernation: Registered nosave memory: [mem 0xfed00000-0xfed00fff]
Oct 01 08:17:02 nixos kernel: PM: hibernation: Registered nosave memory: [mem 0xfed01000-0xfed1ffff]
Oct 01 08:17:02 nixos kernel: PM: hibernation: Registered nosave memory: [mem 0xfed20000-0xfed7ffff]
Oct 01 08:17:02 nixos kernel: PM: hibernation: Registered nosave memory: [mem 0xfed80000-0xfedfffff]
Oct 01 08:17:02 nixos kernel: PM: hibernation: Registered nosave memory: [mem 0xfee00000-0xfee00fff]
Oct 01 08:17:02 nixos kernel: PM: hibernation: Registered nosave memory: [mem 0xfee01000-0xfeffffff]
Oct 01 08:17:02 nixos kernel: PM: hibernation: Registered nosave memory: [mem 0xff000000-0xffffffff]
Oct 01 08:17:02 nixos kernel: [mem 0x74800000-0xbfffffff] available for PCI devices
Oct 01 08:17:02 nixos kernel: Booting paravirtualized kernel on bare hardware
Oct 01 08:17:02 nixos kernel: clocksource: refined-jiffies: mask: 0xffffffff max_cycles: 0xffffffff, max_idle_ns: 1910969940391419 ns
Oct 01 08:17:02 nixos kernel: setup_percpu: NR_CPUS:384 nr_cpumask_bits:8 nr_cpu_ids:8 nr_node_ids:1
Oct 01 08:17:02 nixos kernel: percpu: Embedded 61 pages/cpu s212992 r8192 d28672 u262144
Oct 01 08:17:02 nixos kernel: pcpu-alloc: s212992 r8192 d28672 u262144 alloc=1*2097152
Oct 01 08:17:02 nixos kernel: pcpu-alloc: [0] 0 1 2 3 4 5 6 7 
Oct 01 08:17:02 nixos kernel: Fallback order for Node 0: 0 
Oct 01 08:17:02 nixos kernel: Built 1 zonelists, mobility grouping on.  Total pages: 4050833
Oct 01 08:17:02 nixos kernel: Policy zone: Normal
Oct 01 08:17:02 nixos kernel: Kernel command line: initrd=\efi\nixos\k7hjdqsd9miy40lfjnmq0385vfb761pv-initrd-linux-6.1.52-initrd.efi init=/nix/store/r6fd5r48lqxbic4jxds97lj93gng1g5j-nixos-system-nixos-23.11.20230911.3a2786e/init loglevel=4
Oct 01 08:17:02 nixos kernel: Dentry cache hash table entries: 2097152 (order: 12, 16777216 bytes, linear)
Oct 01 08:17:02 nixos kernel: Inode-cache hash table entries: 1048576 (order: 11, 8388608 bytes, linear)
Oct 01 08:17:02 nixos kernel: mem auto-init: stack:all(zero), heap alloc:off, heap free:off
Oct 01 08:17:02 nixos kernel: software IO TLB: area num 8.
Oct 01 08:17:02 nixos kernel: Memory: 15971296K/16461176K available (12295K kernel code, 2332K rwdata, 7976K rodata, 1888K init, 4240K bss, 489620K reserved, 0K cma-reserved)
Oct 01 08:17:02 nixos kernel: SLUB: HWalign=64, Order=0-3, MinObjects=0, CPUs=8, Nodes=1
Oct 01 08:17:02 nixos kernel: ftrace: allocating 37494 entries in 147 pages
Oct 01 08:17:02 nixos kernel: ftrace: allocated 147 pages with 4 groups
Oct 01 08:17:02 nixos kernel: Dynamic Preempt: voluntary
Oct 01 08:17:02 nixos kernel: rcu: Preemptible hierarchical RCU implementation.
Oct 01 08:17:02 nixos kernel: rcu:         RCU event tracing is enabled.
Oct 01 08:17:02 nixos kernel: rcu:         RCU restricting CPUs from NR_CPUS=384 to nr_cpu_ids=8.
Oct 01 08:17:02 nixos kernel:         Trampoline variant of Tasks RCU enabled.
Oct 01 08:17:02 nixos kernel:         Rude variant of Tasks RCU enabled.
Oct 01 08:17:02 nixos kernel:         Tracing variant of Tasks RCU enabled.
Oct 01 08:17:02 nixos kernel: rcu: RCU calculated value of scheduler-enlistment delay is 100 jiffies.
Oct 01 08:17:02 nixos kernel: rcu: Adjusting geometry for rcu_fanout_leaf=16, nr_cpu_ids=8
Oct 01 08:17:02 nixos kernel: NR_IRQS: 24832, nr_irqs: 2048, preallocated irqs: 16
Oct 01 08:17:02 nixos kernel: rcu: srcu_init: Setting srcu_struct sizes based on contention.
Oct 01 08:17:02 nixos kernel: Console: colour dummy device 80x25
Oct 01 08:17:02 nixos kernel: printk: console [tty0] enabled
Oct 01 08:17:02 nixos kernel: ACPI: Core revision 20220331
Oct 01 08:17:02 nixos kernel: hpet: HPET dysfunctional in PC10. Force disabled.
Oct 01 08:17:02 nixos kernel: APIC: Switch to symmetric I/O mode setup
Oct 01 08:17:02 nixos kernel: DMAR: Host address width 39
Oct 01 08:17:02 nixos kernel: DMAR: DRHD base: 0x000000fed90000 flags: 0x0
Oct 01 08:17:02 nixos kernel: DMAR: dmar0: reg_base_addr fed90000 ver 4:0 cap 1c0000c40660462 ecap 69e2ff0505e
Oct 01 08:17:02 nixos kernel: DMAR: DRHD base: 0x000000fed84000 flags: 0x0
Oct 01 08:17:02 nixos kernel: DMAR: dmar1: reg_base_addr fed84000 ver 1:0 cap d2008c40660462 ecap f050da
Oct 01 08:17:02 nixos kernel: DMAR: DRHD base: 0x000000fed91000 flags: 0x1
Oct 01 08:17:02 nixos kernel: DMAR: dmar2: reg_base_addr fed91000 ver 1:0 cap d2008c40660462 ecap f050da
Oct 01 08:17:02 nixos kernel: DMAR: RMRR base: 0x00000070000000 end: 0x000000747fffff
Oct 01 08:17:02 nixos kernel: DMAR-IR: IOAPIC id 2 under DRHD base  0xfed91000 IOMMU 2
Oct 01 08:17:02 nixos kernel: DMAR-IR: HPET id 0 under DRHD base 0xfed91000
Oct 01 08:17:02 nixos kernel: DMAR-IR: Queued invalidation will be enabled to support x2apic and Intr-remapping.
Oct 01 08:17:02 nixos kernel: DMAR-IR: Enabled IRQ remapping in x2apic mode
Oct 01 08:17:02 nixos kernel: x2apic enabled
Oct 01 08:17:02 nixos kernel: Switched APIC routing to cluster x2apic.
Oct 01 08:17:02 nixos kernel: clocksource: tsc-early: mask: 0xffffffffffffffff max_cycles: 0x28680fa287f, max_idle_ns: 440795281151 ns
Oct 01 08:17:02 nixos kernel: Calibrating delay loop (skipped), value calculated using timer frequency.. 5606.40 BogoMIPS (lpj=2803200)
Oct 01 08:17:02 nixos kernel: CPU0: Thermal monitoring enabled (TM1)
Oct 01 08:17:02 nixos kernel: x86/cpu: User Mode Instruction Prevention (UMIP) activated
Oct 01 08:17:02 nixos kernel: process: using mwait in idle threads
Oct 01 08:17:02 nixos kernel: Last level iTLB entries: 4KB 0, 2MB 0, 4MB 0
Oct 01 08:17:02 nixos kernel: Last level dTLB entries: 4KB 0, 2MB 0, 4MB 0, 1GB 0
Oct 01 08:17:02 nixos kernel: Spectre V1 : Mitigation: usercopy/swapgs barriers and __user pointer sanitization
Oct 01 08:17:02 nixos kernel: Spectre V2 : Mitigation: Enhanced IBRS
Oct 01 08:17:02 nixos kernel: Spectre V2 : Spectre v2 / SpectreRSB mitigation: Filling RSB on context switch
Oct 01 08:17:02 nixos kernel: Spectre V2 : Spectre v2 / PBRSB-eIBRS: Retire a single CALL on VMEXIT
Oct 01 08:17:02 nixos kernel: Spectre V2 : mitigation: Enabling conditional Indirect Branch Prediction Barrier
Oct 01 08:17:02 nixos kernel: Speculative Store Bypass: Mitigation: Speculative Store Bypass disabled via prctl
Oct 01 08:17:02 nixos kernel: GDS: Mitigation: Microcode
Oct 01 08:17:02 nixos kernel: x86/fpu: Supporting XSAVE feature 0x001: 'x87 floating point registers'
Oct 01 08:17:02 nixos kernel: x86/fpu: Supporting XSAVE feature 0x002: 'SSE registers'
Oct 01 08:17:02 nixos kernel: x86/fpu: Supporting XSAVE feature 0x004: 'AVX registers'
Oct 01 08:17:02 nixos kernel: x86/fpu: Supporting XSAVE feature 0x020: 'AVX-512 opmask'
Oct 01 08:17:02 nixos kernel: x86/fpu: Supporting XSAVE feature 0x040: 'AVX-512 Hi256'
Oct 01 08:17:02 nixos kernel: x86/fpu: Supporting XSAVE feature 0x080: 'AVX-512 ZMM_Hi256'
Oct 01 08:17:02 nixos kernel: x86/fpu: Supporting XSAVE feature 0x200: 'Protection Keys User registers'
Oct 01 08:17:02 nixos kernel: x86/fpu: xstate_offset[2]:  576, xstate_sizes[2]:  256
Oct 01 08:17:02 nixos kernel: x86/fpu: xstate_offset[5]:  832, xstate_sizes[5]:   64
Oct 01 08:17:02 nixos kernel: x86/fpu: xstate_offset[6]:  896, xstate_sizes[6]:  512
Oct 01 08:17:02 nixos kernel: x86/fpu: xstate_offset[7]: 1408, xstate_sizes[7]: 1024
Oct 01 08:17:02 nixos kernel: x86/fpu: xstate_offset[9]: 2432, xstate_sizes[9]:    8
Oct 01 08:17:02 nixos kernel: x86/fpu: Enabled xstate features 0x2e7, context size is 2440 bytes, using 'compacted' format.
Oct 01 08:17:02 nixos kernel: Freeing SMP alternatives memory: 32K
Oct 01 08:17:02 nixos kernel: pid_max: default: 32768 minimum: 301
Oct 01 08:17:02 nixos kernel: LSM: Security Framework initializing
Oct 01 08:17:02 nixos kernel: landlock: Up and running.
Oct 01 08:17:02 nixos kernel: Yama: becoming mindful.
Oct 01 08:17:02 nixos kernel: SELinux:  Initializing.
Oct 01 08:17:02 nixos kernel: LSM support for eBPF active
Oct 01 08:17:02 nixos kernel: Mount-cache hash table entries: 32768 (order: 6, 262144 bytes, linear)
Oct 01 08:17:02 nixos kernel: Mountpoint-cache hash table entries: 32768 (order: 6, 262144 bytes, linear)
Oct 01 08:17:02 nixos kernel: smpboot: CPU0: 11th Gen Intel(R) Core(TM) i7-1165G7 @ 2.80GHz (family: 0x6, model: 0x8c, stepping: 0x1)
Oct 01 08:17:02 nixos kernel: cblist_init_generic: Setting adjustable number of callback queues.
Oct 01 08:17:02 nixos kernel: cblist_init_generic: Setting shift to 3 and lim to 1.
Oct 01 08:17:02 nixos kernel: cblist_init_generic: Setting adjustable number of callback queues.
Oct 01 08:17:02 nixos kernel: cblist_init_generic: Setting shift to 3 and lim to 1.
Oct 01 08:17:02 nixos kernel: cblist_init_generic: Setting adjustable number of callback queues.
Oct 01 08:17:02 nixos kernel: cblist_init_generic: Setting shift to 3 and lim to 1.
Oct 01 08:17:02 nixos kernel: Performance Events: PEBS fmt4+-baseline,  AnyThread deprecated, Icelake events, 32-deep LBR, full-width counters, Intel PMU driver.
Oct 01 08:17:02 nixos kernel: ... version:                5
Oct 01 08:17:02 nixos kernel: ... bit width:              48
Oct 01 08:17:02 nixos kernel: ... generic registers:      8
Oct 01 08:17:02 nixos kernel: ... value mask:             0000ffffffffffff
Oct 01 08:17:02 nixos kernel: ... max period:             00007fffffffffff
Oct 01 08:17:02 nixos kernel: ... fixed-purpose events:   4
Oct 01 08:17:02 nixos kernel: ... event mask:             0001000f000000ff
Oct 01 08:17:02 nixos kernel: signal: max sigframe size: 3632
Oct 01 08:17:02 nixos kernel: Estimated ratio of average max frequency by base frequency (times 1024): 1499
Oct 01 08:17:02 nixos kernel: rcu: Hierarchical SRCU implementation.
Oct 01 08:17:02 nixos kernel: rcu:         Max phase no-delay instances is 400.
Oct 01 08:17:02 nixos kernel: smp: Bringing up secondary CPUs ...
Oct 01 08:17:02 nixos kernel: x86: Booting SMP configuration:
Oct 01 08:17:02 nixos kernel: .... node  #0, CPUs:      #1
Oct 01 08:17:02 nixos kernel: [Firmware Bug]: TSC ADJUST differs within socket(s), fixing all errors
Oct 01 08:17:02 nixos kernel:  #2 #3 #4 #5 #6 #7
Oct 01 08:17:02 nixos kernel: smp: Brought up 1 node, 8 CPUs
Oct 01 08:17:02 nixos kernel: smpboot: Max logical packages: 1
Oct 01 08:17:02 nixos kernel: smpboot: Total of 8 processors activated (44851.20 BogoMIPS)
Oct 01 08:17:02 nixos kernel: devtmpfs: initialized
Oct 01 08:17:02 nixos kernel: x86/mm: Memory block size: 128MB
Oct 01 08:17:02 nixos kernel: ACPI: PM: Registering ACPI NVS region [mem 0x65dc6000-0x65ec0fff] (1028096 bytes)
Oct 01 08:17:02 nixos kernel: clocksource: jiffies: mask: 0xffffffff max_cycles: 0xffffffff, max_idle_ns: 1911260446275000 ns
Oct 01 08:17:02 nixos kernel: futex hash table entries: 2048 (order: 5, 131072 bytes, linear)
Oct 01 08:17:02 nixos kernel: pinctrl core: initialized pinctrl subsystem
Oct 01 08:17:02 nixos kernel: NET: Registered PF_NETLINK/PF_ROUTE protocol family
Oct 01 08:17:02 nixos kernel: DMA: preallocated 2048 KiB GFP_KERNEL pool for atomic allocations
Oct 01 08:17:02 nixos kernel: DMA: preallocated 2048 KiB GFP_KERNEL|GFP_DMA pool for atomic allocations
Oct 01 08:17:02 nixos kernel: DMA: preallocated 2048 KiB GFP_KERNEL|GFP_DMA32 pool for atomic allocations
Oct 01 08:17:02 nixos kernel: audit: initializing netlink subsys (disabled)
Oct 01 08:17:02 nixos kernel: audit: type=2000 audit(1696148221.012:1): state=initialized audit_enabled=0 res=1
Oct 01 08:17:02 nixos kernel: thermal_sys: Registered thermal governor 'bang_bang'
Oct 01 08:17:02 nixos kernel: thermal_sys: Registered thermal governor 'step_wise'
Oct 01 08:17:02 nixos kernel: thermal_sys: Registered thermal governor 'user_space'
Oct 01 08:17:02 nixos kernel: cpuidle: using governor menu
Oct 01 08:17:02 nixos kernel: acpiphp: ACPI Hot Plug PCI Controller Driver version: 0.5
Oct 01 08:17:02 nixos kernel: PCI: MMCONFIG for domain 0000 [bus 00-ff] at [mem 0xc0000000-0xcfffffff] (base 0xc0000000)
Oct 01 08:17:02 nixos kernel: PCI: MMCONFIG at [mem 0xc0000000-0xcfffffff] reserved in E820
Oct 01 08:17:02 nixos kernel: PCI: Using configuration type 1 for base access
Oct 01 08:17:02 nixos kernel: ENERGY_PERF_BIAS: Set to 'normal', was 'performance'
Oct 01 08:17:02 nixos kernel: kprobes: kprobe jump-optimization is enabled. All kprobes are optimized if possible.
Oct 01 08:17:02 nixos kernel: HugeTLB: registered 1.00 GiB page size, pre-allocated 0 pages
Oct 01 08:17:02 nixos kernel: HugeTLB: 16380 KiB vmemmap can be freed for a 1.00 GiB page
Oct 01 08:17:02 nixos kernel: HugeTLB: registered 2.00 MiB page size, pre-allocated 0 pages
Oct 01 08:17:02 nixos kernel: HugeTLB: 28 KiB vmemmap can be freed for a 2.00 MiB page
Oct 01 08:17:02 nixos kernel: ACPI: Added _OSI(Module Device)
Oct 01 08:17:02 nixos kernel: ACPI: Added _OSI(Processor Device)
Oct 01 08:17:02 nixos kernel: ACPI: Added _OSI(3.0 _SCP Extensions)
Oct 01 08:17:02 nixos kernel: ACPI: Added _OSI(Processor Aggregator Device)
Oct 01 08:17:02 nixos kernel: ACPI: 13 ACPI AML tables successfully acquired and loaded
Oct 01 08:17:02 nixos kernel: ACPI: EC: EC started
Oct 01 08:17:02 nixos kernel: ACPI: EC: interrupt blocked
Oct 01 08:17:02 nixos kernel: ACPI: EC: EC_CMD/EC_SC=0x66, EC_DATA=0x62
Oct 01 08:17:02 nixos kernel: ACPI: EC: Boot ECDT EC used to handle transactions
Oct 01 08:17:02 nixos kernel: ACPI: Dynamic OEM Table Load:
Oct 01 08:17:02 nixos kernel: ACPI: SSDT 0xFFFFA30580D07000 0001B8 (v02 PmRef  Cpu0Psd  00003000 INTL 20191018)
Oct 01 08:17:02 nixos kernel: ACPI: \_SB_.PR00: _OSC native thermal LVT Acked
Oct 01 08:17:02 nixos kernel: ACPI: Dynamic OEM Table Load:
Oct 01 08:17:02 nixos kernel: ACPI: SSDT 0xFFFFA305810EB400 000394 (v02 PmRef  Cpu0Cst  00003001 INTL 20191018)
Oct 01 08:17:02 nixos kernel: ACPI: Dynamic OEM Table Load:
Oct 01 08:17:02 nixos kernel: ACPI: SSDT 0xFFFFA30580F0E800 000647 (v02 PmRef  Cpu0Ist  00003000 INTL 20191018)
Oct 01 08:17:02 nixos kernel: ACPI: Dynamic OEM Table Load:
Oct 01 08:17:02 nixos kernel: ACPI: SSDT 0xFFFFA30580D04A00 000128 (v02 PmRef  Cpu0Hwp  00003000 INTL 20191018)
Oct 01 08:17:02 nixos kernel: ACPI: Dynamic OEM Table Load:
Oct 01 08:17:02 nixos kernel: ACPI: SSDT 0xFFFFA30581A7E000 0008E7 (v02 PmRef  ApIst    00003000 INTL 20191018)
Oct 01 08:17:02 nixos kernel: ACPI: Dynamic OEM Table Load:
Oct 01 08:17:02 nixos kernel: ACPI: SSDT 0xFFFFA30581A85800 00048A (v02 PmRef  ApHwp    00003000 INTL 20191018)
Oct 01 08:17:02 nixos kernel: ACPI: Dynamic OEM Table Load:
Oct 01 08:17:02 nixos kernel: ACPI: SSDT 0xFFFFA30581A82000 0004D2 (v02 PmRef  ApPsd    00003000 INTL 20191018)
Oct 01 08:17:02 nixos kernel: ACPI: Dynamic OEM Table Load:
Oct 01 08:17:02 nixos kernel: ACPI: SSDT 0xFFFFA30581A83000 00048A (v02 PmRef  ApCst    00003000 INTL 20191018)
Oct 01 08:17:02 nixos kernel: ACPI: Interpreter enabled
Oct 01 08:17:02 nixos kernel: ACPI: PM: (supports S0 S3 S4 S5)
Oct 01 08:17:02 nixos kernel: ACPI: Using IOAPIC for interrupt routing
Oct 01 08:17:02 nixos kernel: PCI: Using host bridge windows from ACPI; if necessary, use "pci=nocrs" and report a bug
Oct 01 08:17:02 nixos kernel: PCI: Using E820 reservations for host bridge windows
Oct 01 08:17:02 nixos kernel: ACPI: Enabled 8 GPEs in block 00 to 7F
Oct 01 08:17:02 nixos kernel: ACPI: PM: Power Resource [WRST]
Oct 01 08:17:02 nixos kernel: ACPI: PM: Power Resource [DRST]
Oct 01 08:17:02 nixos kernel: ACPI: PM: Power Resource [PC05]
Oct 01 08:17:02 nixos kernel: ACPI: PM: Power Resource [PXP]
Oct 01 08:17:02 nixos kernel: ACPI: PM: Power Resource [PAUD]
Oct 01 08:17:02 nixos kernel: ACPI: PM: Power Resource [V0PR]
Oct 01 08:17:02 nixos kernel: ACPI: PM: Power Resource [V1PR]
Oct 01 08:17:02 nixos kernel: ACPI: PM: Power Resource [V2PR]
Oct 01 08:17:02 nixos kernel: ACPI: PM: Power Resource [PXTC]
Oct 01 08:17:02 nixos kernel: ACPI: PM: Power Resource [PTPL]
Oct 01 08:17:02 nixos kernel: ACPI: PM: Power Resource [PXTC]
Oct 01 08:17:02 nixos kernel: ACPI: PM: Power Resource [PXTC]
Oct 01 08:17:02 nixos kernel: ACPI: PM: Power Resource [WRST]
Oct 01 08:17:02 nixos kernel: ACPI: PM: Power Resource [NVPR]
Oct 01 08:17:02 nixos kernel: ACPI: PM: Power Resource [V0PR]
Oct 01 08:17:02 nixos kernel: ACPI: PM: Power Resource [V1PR]
Oct 01 08:17:02 nixos kernel: ACPI: PM: Power Resource [V2PR]
Oct 01 08:17:02 nixos kernel: ACPI: PM: Power Resource [V3PR]
Oct 01 08:17:02 nixos kernel: ACPI: PM: Power Resource [TBT0]
Oct 01 08:17:02 nixos kernel: ACPI: PM: Power Resource [TBT1]
Oct 01 08:17:02 nixos kernel: ACPI: PM: Power Resource [D3C]
Oct 01 08:17:02 nixos kernel: ACPI: PM: Power Resource [PIN]
Oct 01 08:17:02 nixos kernel: ACPI: PCI Root Bridge [PC00] (domain 0000 [bus 00-e0])
Oct 01 08:17:02 nixos kernel: acpi PNP0A08:00: _OSC: OS supports [ExtendedConfig ASPM ClockPM Segments MSI HPX-Type3]
Oct 01 08:17:02 nixos kernel: acpi PNP0A08:00: _OSC: OS now controls [PCIeHotplug PME PCIeCapability LTR]
Oct 01 08:17:02 nixos kernel: PCI host bridge to bus 0000:00
Oct 01 08:17:02 nixos kernel: pci_bus 0000:00: root bus resource [io  0x0000-0x0cf7 window]
Oct 01 08:17:02 nixos kernel: pci_bus 0000:00: root bus resource [io  0x0d00-0xffff window]
Oct 01 08:17:02 nixos kernel: pci_bus 0000:00: root bus resource [mem 0x000a0000-0x000bffff window]
Oct 01 08:17:02 nixos kernel: pci_bus 0000:00: root bus resource [mem 0x000e0000-0x000fffff window]
Oct 01 08:17:02 nixos kernel: pci_bus 0000:00: root bus resource [mem 0x74800000-0xbfffffff window]
Oct 01 08:17:02 nixos kernel: pci_bus 0000:00: root bus resource [mem 0x4000000000-0x7fffffffff window]
Oct 01 08:17:02 nixos kernel: pci_bus 0000:00: root bus resource [bus 00-e0]
Oct 01 08:17:02 nixos kernel: pci 0000:00:00.0: [8086:9a14] type 00 class 0x060000
Oct 01 08:17:02 nixos kernel: pci 0000:00:02.0: [8086:9a49] type 00 class 0x030000
Oct 01 08:17:02 nixos kernel: pci 0000:00:02.0: reg 0x10: [mem 0x6036000000-0x6036ffffff 64bit]
Oct 01 08:17:02 nixos kernel: pci 0000:00:02.0: reg 0x18: [mem 0x4000000000-0x400fffffff 64bit pref]
Oct 01 08:17:02 nixos kernel: pci 0000:00:02.0: reg 0x20: [io  0x4000-0x403f]
Oct 01 08:17:02 nixos kernel: pci 0000:00:02.0: BAR 2: assigned to efifb
Oct 01 08:17:02 nixos kernel: pci 0000:00:02.0: DMAR: Skip IOMMU disabling for graphics
Oct 01 08:17:02 nixos kernel: pci 0000:00:02.0: Video device with shadowed ROM at [mem 0x000c0000-0x000dffff]
Oct 01 08:17:02 nixos kernel: pci 0000:00:02.0: reg 0x344: [mem 0x00000000-0x00ffffff 64bit]
Oct 01 08:17:02 nixos kernel: pci 0000:00:02.0: VF(n) BAR0 space: [mem 0x00000000-0x06ffffff 64bit] (contains BAR0 for 7 VFs)
Oct 01 08:17:02 nixos kernel: pci 0000:00:02.0: reg 0x34c: [mem 0x00000000-0x1fffffff 64bit pref]
Oct 01 08:17:02 nixos kernel: pci 0000:00:02.0: VF(n) BAR2 space: [mem 0x00000000-0xdfffffff 64bit pref] (contains BAR2 for 7 VFs)
Oct 01 08:17:02 nixos kernel: pci 0000:00:04.0: [8086:9a03] type 00 class 0x118000
Oct 01 08:17:02 nixos kernel: pci 0000:00:04.0: reg 0x10: [mem 0x6037240000-0x603725ffff 64bit]
Oct 01 08:17:02 nixos kernel: pci 0000:00:07.0: [8086:9a23] type 01 class 0x060400
Oct 01 08:17:02 nixos kernel: pci 0000:00:07.0: PME# supported from D0 D3hot D3cold
Oct 01 08:17:02 nixos kernel: pci 0000:00:08.0: [8086:9a11] type 00 class 0x088000
Oct 01 08:17:02 nixos kernel: pci 0000:00:08.0: reg 0x10: [mem 0x6037298000-0x6037298fff 64bit]
Oct 01 08:17:02 nixos kernel: pci 0000:00:0a.0: [8086:9a0d] type 00 class 0x118000
Oct 01 08:17:02 nixos kernel: pci 0000:00:0a.0: reg 0x10: [mem 0x6037280000-0x6037287fff 64bit]
Oct 01 08:17:02 nixos kernel: pci 0000:00:0a.0: enabling Extended Tags
Oct 01 08:17:02 nixos kernel: pci 0000:00:0d.0: [8086:9a13] type 00 class 0x0c0330
Oct 01 08:17:02 nixos kernel: pci 0000:00:0d.0: reg 0x10: [mem 0x6037270000-0x603727ffff 64bit]
Oct 01 08:17:02 nixos kernel: pci 0000:00:0d.0: PME# supported from D3hot D3cold
Oct 01 08:17:02 nixos kernel: pci 0000:00:0d.2: [8086:9a1b] type 00 class 0x0c0340
Oct 01 08:17:02 nixos kernel: pci 0000:00:0d.2: reg 0x10: [mem 0x6037200000-0x603723ffff 64bit]
Oct 01 08:17:02 nixos kernel: pci 0000:00:0d.2: reg 0x18: [mem 0x6037297000-0x6037297fff 64bit]
Oct 01 08:17:02 nixos kernel: pci 0000:00:0d.2: supports D1 D2
Oct 01 08:17:02 nixos kernel: pci 0000:00:0d.2: PME# supported from D0 D1 D2 D3hot D3cold
Oct 01 08:17:02 nixos kernel: pci 0000:00:0e.0: [8086:9a0b] type 00 class 0x010400
Oct 01 08:17:02 nixos kernel: pci 0000:00:0e.0: reg 0x10: [mem 0x6034000000-0x6035ffffff 64bit]
Oct 01 08:17:02 nixos kernel: pci 0000:00:0e.0: reg 0x18: [mem 0x76000000-0x77ffffff]
Oct 01 08:17:02 nixos kernel: pci 0000:00:0e.0: reg 0x20: [mem 0x6037100000-0x60371fffff 64bit]
Oct 01 08:17:02 nixos kernel: pci 0000:00:14.0: [8086:a0ed] type 00 class 0x0c0330
Oct 01 08:17:02 nixos kernel: pci 0000:00:14.0: reg 0x10: [mem 0x6037260000-0x603726ffff 64bit]
Oct 01 08:17:02 nixos kernel: pci 0000:00:14.0: PME# supported from D3hot D3cold
Oct 01 08:17:02 nixos kernel: pci 0000:00:14.2: [8086:a0ef] type 00 class 0x050000
Oct 01 08:17:02 nixos kernel: pci 0000:00:14.2: reg 0x10: [mem 0x603728c000-0x603728ffff 64bit]
Oct 01 08:17:02 nixos kernel: pci 0000:00:14.2: reg 0x18: [mem 0x6037296000-0x6037296fff 64bit]
Oct 01 08:17:02 nixos kernel: pci 0000:00:15.0: [8086:a0e8] type 00 class 0x0c8000
Oct 01 08:17:02 nixos kernel: pci 0000:00:15.0: reg 0x10: [mem 0x00000000-0x00000fff 64bit]
Oct 01 08:17:02 nixos kernel: pci 0000:00:15.1: [8086:a0e9] type 00 class 0x0c8000
Oct 01 08:17:02 nixos kernel: pci 0000:00:15.1: reg 0x10: [mem 0x00000000-0x00000fff 64bit]
Oct 01 08:17:02 nixos kernel: pci 0000:00:16.0: [8086:a0e0] type 00 class 0x078000
Oct 01 08:17:02 nixos kernel: pci 0000:00:16.0: reg 0x10: [mem 0x6037293000-0x6037293fff 64bit]
Oct 01 08:17:02 nixos kernel: pci 0000:00:16.0: PME# supported from D3hot
Oct 01 08:17:02 nixos kernel: pci 0000:00:1c.0: [8086:a0b8] type 01 class 0x060400
Oct 01 08:17:02 nixos kernel: pci 0000:00:1c.0: PME# supported from D0 D3hot D3cold
Oct 01 08:17:02 nixos kernel: pci 0000:00:1c.3: [8086:a0bb] type 01 class 0x060400
Oct 01 08:17:02 nixos kernel: pci 0000:00:1c.3: PME# supported from D0 D3hot D3cold
Oct 01 08:17:02 nixos kernel: pci 0000:00:1c.4: [8086:a0bc] type 01 class 0x060400
Oct 01 08:17:02 nixos kernel: pci 0000:00:1c.4: PME# supported from D0 D3hot D3cold
Oct 01 08:17:02 nixos kernel: pci 0000:00:1d.0: [8086:09ab] type 00 class 0x088000
Oct 01 08:17:02 nixos kernel: pci 0000:00:1e.0: [8086:a0a8] type 00 class 0x078000
Oct 01 08:17:02 nixos kernel: pci 0000:00:1e.0: reg 0x10: [mem 0x00000000-0x00000fff 64bit]
Oct 01 08:17:02 nixos kernel: pci 0000:00:1e.2: [8086:a0aa] type 00 class 0x0c8000
Oct 01 08:17:02 nixos kernel: pci 0000:00:1e.2: reg 0x10: [mem 0x00000000-0x00000fff 64bit]
Oct 01 08:17:02 nixos kernel: pci 0000:00:1f.0: [8086:a082] type 00 class 0x060100
Oct 01 08:17:02 nixos kernel: pci 0000:00:1f.3: [8086:a0c8] type 00 class 0x040380
Oct 01 08:17:02 nixos kernel: pci 0000:00:1f.3: reg 0x10: [mem 0x6037288000-0x603728bfff 64bit]
Oct 01 08:17:02 nixos kernel: pci 0000:00:1f.3: reg 0x20: [mem 0x6037000000-0x60370fffff 64bit]
Oct 01 08:17:02 nixos kernel: pci 0000:00:1f.3: PME# supported from D3hot D3cold
Oct 01 08:17:02 nixos kernel: pci 0000:00:1f.4: [8086:a0a3] type 00 class 0x0c0500
Oct 01 08:17:02 nixos kernel: pci 0000:00:1f.4: reg 0x10: [mem 0x6037290000-0x60372900ff 64bit]
Oct 01 08:17:02 nixos kernel: pci 0000:00:1f.4: reg 0x20: [io  0xefa0-0xefbf]
Oct 01 08:17:02 nixos kernel: pci 0000:00:1f.5: [8086:a0a4] type 00 class 0x0c8000
Oct 01 08:17:02 nixos kernel: pci 0000:00:1f.5: reg 0x10: [mem 0xfe010000-0xfe010fff]
Oct 01 08:17:02 nixos kernel: pci 0000:00:07.0: PCI bridge to [bus 01-2b]
Oct 01 08:17:02 nixos kernel: pci 0000:00:07.0:   bridge window [mem 0x78000000-0x841fffff]
Oct 01 08:17:02 nixos kernel: pci 0000:00:07.0:   bridge window [mem 0x6000000000-0x601bffffff 64bit pref]
Oct 01 08:17:02 nixos kernel: pci 0000:00:1c.0: PCI bridge to [bus 2c]
Oct 01 08:17:02 nixos kernel: pci 0000:2d:00.0: [14c3:7961] type 00 class 0x028000
Oct 01 08:17:02 nixos kernel: pci 0000:2d:00.0: reg 0x10: [mem 0x6032100000-0x60321fffff 64bit pref]
Oct 01 08:17:02 nixos kernel: pci 0000:2d:00.0: reg 0x18: [mem 0x6032200000-0x6032203fff 64bit pref]
Oct 01 08:17:02 nixos kernel: pci 0000:2d:00.0: reg 0x20: [mem 0x6032204000-0x6032204fff 64bit pref]
Oct 01 08:17:02 nixos kernel: pci 0000:2d:00.0: supports D1 D2
Oct 01 08:17:02 nixos kernel: pci 0000:2d:00.0: PME# supported from D0 D1 D2 D3hot D3cold
Oct 01 08:17:02 nixos kernel: pci 0000:00:1c.3: PCI bridge to [bus 2d]
Oct 01 08:17:02 nixos kernel: pci 0000:00:1c.3:   bridge window [mem 0x6032100000-0x60322fffff 64bit pref]
Oct 01 08:17:02 nixos kernel: pci 0000:2e:00.0: [10de:1c94] type 00 class 0x030200
Oct 01 08:17:02 nixos kernel: pci 0000:2e:00.0: reg 0x10: [mem 0x85000000-0x85ffffff]
Oct 01 08:17:02 nixos kernel: pci 0000:2e:00.0: reg 0x14: [mem 0x6020000000-0x602fffffff 64bit pref]
Oct 01 08:17:02 nixos kernel: pci 0000:2e:00.0: reg 0x1c: [mem 0x6030000000-0x6031ffffff 64bit pref]
Oct 01 08:17:02 nixos kernel: pci 0000:2e:00.0: reg 0x24: [io  0x3000-0x307f]
Oct 01 08:17:02 nixos kernel: pci 0000:2e:00.0: reg 0x30: [mem 0x86000000-0x8607ffff pref]
Oct 01 08:17:02 nixos kernel: pci 0000:2e:00.0: Enabling HDA controller
Oct 01 08:17:02 nixos kernel: pci 0000:2e:00.0: 31.504 Gb/s available PCIe bandwidth, limited by 8.0 GT/s PCIe x4 link at 0000:00:1c.4 (capable of 126.016 Gb/s with 8.0 GT/s PCIe x16 link)
Oct 01 08:17:02 nixos kernel: pci 0000:00:1c.4: PCI bridge to [bus 2e]
Oct 01 08:17:02 nixos kernel: pci 0000:00:1c.4:   bridge window [io  0x3000-0x3fff]
Oct 01 08:17:02 nixos kernel: pci 0000:00:1c.4:   bridge window [mem 0x85000000-0x860fffff]
Oct 01 08:17:02 nixos kernel: pci 0000:00:1c.4:   bridge window [mem 0x6020000000-0x6031ffffff 64bit pref]
Oct 01 08:17:02 nixos kernel: ACPI: PCI: Interrupt link LNKA configured for IRQ 0
Oct 01 08:17:02 nixos kernel: ACPI: PCI: Interrupt link LNKB configured for IRQ 1
Oct 01 08:17:02 nixos kernel: ACPI: PCI: Interrupt link LNKC configured for IRQ 0
Oct 01 08:17:02 nixos kernel: ACPI: PCI: Interrupt link LNKD configured for IRQ 0
Oct 01 08:17:02 nixos kernel: ACPI: PCI: Interrupt link LNKE configured for IRQ 0
Oct 01 08:17:02 nixos kernel: ACPI: PCI: Interrupt link LNKF configured for IRQ 0
Oct 01 08:17:02 nixos kernel: ACPI: PCI: Interrupt link LNKG configured for IRQ 0
Oct 01 08:17:02 nixos kernel: ACPI: PCI: Interrupt link LNKH configured for IRQ 0
Oct 01 08:17:02 nixos kernel: Low-power S0 idle used by default for system suspend
Oct 01 08:17:02 nixos kernel: ACPI: EC: interrupt unblocked
Oct 01 08:17:02 nixos kernel: ACPI: EC: event unblocked
Oct 01 08:17:02 nixos kernel: ACPI: EC: EC_CMD/EC_SC=0x66, EC_DATA=0x62
Oct 01 08:17:02 nixos kernel: ACPI: EC: GPE=0x6e
Oct 01 08:17:02 nixos kernel: ACPI: \_SB_.PC00.LPCB.EC0_: Boot ECDT EC initialization complete
Oct 01 08:17:02 nixos kernel: ACPI: \_SB_.PC00.LPCB.EC0_: EC: Used to handle transactions and events
Oct 01 08:17:02 nixos kernel: iommu: Default domain type: Translated 
Oct 01 08:17:02 nixos kernel: iommu: DMA domain TLB invalidation policy: lazy mode 
Oct 01 08:17:02 nixos kernel: Registered efivars operations
Oct 01 08:17:02 nixos kernel: NetLabel: Initializing
Oct 01 08:17:02 nixos kernel: NetLabel:  domain hash size = 128
Oct 01 08:17:02 nixos kernel: NetLabel:  protocols = UNLABELED CIPSOv4 CALIPSO
Oct 01 08:17:02 nixos kernel: NetLabel:  unlabeled traffic allowed by default
Oct 01 08:17:02 nixos kernel: PCI: Using ACPI for IRQ routing
Oct 01 08:17:02 nixos kernel: PCI: pci_cache_line_size set to 64 bytes
Oct 01 08:17:02 nixos kernel: pci 0000:00:1f.5: can't claim BAR 0 [mem 0xfe010000-0xfe010fff]: no compatible bridge window
Oct 01 08:17:02 nixos kernel: e820: reserve RAM buffer [mem 0x0009f000-0x0009ffff]
Oct 01 08:17:02 nixos kernel: e820: reserve RAM buffer [mem 0x59892018-0x5bffffff]
Oct 01 08:17:02 nixos kernel: e820: reserve RAM buffer [mem 0x5e74c000-0x5fffffff]
Oct 01 08:17:02 nixos kernel: e820: reserve RAM buffer [mem 0x5f561000-0x5fffffff]
Oct 01 08:17:02 nixos kernel: e820: reserve RAM buffer [mem 0x613bf000-0x63ffffff]
Oct 01 08:17:02 nixos kernel: e820: reserve RAM buffer [mem 0x66800000-0x67ffffff]
Oct 01 08:17:02 nixos kernel: e820: reserve RAM buffer [mem 0x48b800000-0x48bffffff]
Oct 01 08:17:02 nixos kernel: pci 0000:00:02.0: vgaarb: setting as boot VGA device
Oct 01 08:17:02 nixos kernel: pci 0000:00:02.0: vgaarb: bridge control possible
Oct 01 08:17:02 nixos kernel: pci 0000:00:02.0: vgaarb: VGA device added: decodes=io+mem,owns=io+mem,locks=none
Oct 01 08:17:02 nixos kernel: vgaarb: loaded
Oct 01 08:17:02 nixos kernel: clocksource: Switched to clocksource tsc-early
Oct 01 08:17:02 nixos kernel: VFS: Disk quotas dquot_6.6.0
Oct 01 08:17:02 nixos kernel: VFS: Dquot-cache hash table entries: 512 (order 0, 4096 bytes)
Oct 01 08:17:02 nixos kernel: pnp: PnP ACPI init
Oct 01 08:17:02 nixos kernel: system 00:00: [io  0x0680-0x069f] has been reserved
Oct 01 08:17:02 nixos kernel: system 00:00: [io  0x164e-0x164f] has been reserved
Oct 01 08:17:02 nixos kernel: system 00:01: [io  0x1854-0x1857] has been reserved
Oct 01 08:17:02 nixos kernel: pnp 00:03: disabling [mem 0xc0000000-0xcfffffff] because it overlaps 0000:00:02.0 BAR 9 [mem 0x00000000-0xdfffffff 64bit pref]
Oct 01 08:17:02 nixos kernel: system 00:03: [mem 0xfedc0000-0xfedc7fff] has been reserved
Oct 01 08:17:02 nixos kernel: system 00:03: [mem 0xfeda0000-0xfeda0fff] has been reserved
Oct 01 08:17:02 nixos kernel: system 00:03: [mem 0xfeda1000-0xfeda1fff] has been reserved
Oct 01 08:17:02 nixos kernel: system 00:03: [mem 0xfed20000-0xfed7ffff] could not be reserved
Oct 01 08:17:02 nixos kernel: system 00:03: [mem 0xfed90000-0xfed93fff] could not be reserved
Oct 01 08:17:02 nixos kernel: system 00:03: [mem 0xfed45000-0xfed8ffff] could not be reserved
Oct 01 08:17:02 nixos kernel: system 00:03: [mem 0xfee00000-0xfeefffff] could not be reserved
Oct 01 08:17:02 nixos kernel: system 00:04: [io  0x1800-0x18fe] could not be reserved
Oct 01 08:17:02 nixos kernel: system 00:04: [mem 0xfe000000-0xfe01ffff] could not be reserved
Oct 01 08:17:02 nixos kernel: system 00:04: [mem 0xfe04c000-0xfe04ffff] has been reserved
Oct 01 08:17:02 nixos kernel: system 00:04: [mem 0xfe050000-0xfe0affff] has been reserved
Oct 01 08:17:02 nixos kernel: system 00:04: [mem 0xfe0d0000-0xfe0fffff] has been reserved
Oct 01 08:17:02 nixos kernel: system 00:04: [mem 0xfe200000-0xfe7fffff] has been reserved
Oct 01 08:17:02 nixos kernel: system 00:04: [mem 0xff000000-0xffffffff] has been reserved
Oct 01 08:17:02 nixos kernel: system 00:04: [mem 0xfd000000-0xfd68ffff] has been reserved
Oct 01 08:17:02 nixos kernel: system 00:04: [mem 0xfd6b0000-0xfd6cffff] has been reserved
Oct 01 08:17:02 nixos kernel: system 00:04: [mem 0xfd6f0000-0xfdffffff] has been reserved
Oct 01 08:17:02 nixos kernel: system 00:05: [io  0x2000-0x20fe] has been reserved
Oct 01 08:17:02 nixos kernel: pnp: PnP ACPI: found 7 devices
Oct 01 08:17:02 nixos kernel: clocksource: acpi_pm: mask: 0xffffff max_cycles: 0xffffff, max_idle_ns: 2085701024 ns
Oct 01 08:17:02 nixos kernel: NET: Registered PF_INET protocol family
Oct 01 08:17:02 nixos kernel: IP idents hash table entries: 262144 (order: 9, 2097152 bytes, linear)
Oct 01 08:17:02 nixos kernel: tcp_listen_portaddr_hash hash table entries: 8192 (order: 5, 131072 bytes, linear)
Oct 01 08:17:02 nixos kernel: Table-perturb hash table entries: 65536 (order: 6, 262144 bytes, linear)
Oct 01 08:17:02 nixos kernel: TCP established hash table entries: 131072 (order: 8, 1048576 bytes, linear)
Oct 01 08:17:02 nixos kernel: TCP bind hash table entries: 65536 (order: 9, 2097152 bytes, linear)
Oct 01 08:17:02 nixos kernel: TCP: Hash tables configured (established 131072 bind 65536)
Oct 01 08:17:02 nixos kernel: MPTCP token hash table entries: 16384 (order: 6, 393216 bytes, linear)
Oct 01 08:17:02 nixos kernel: UDP hash table entries: 8192 (order: 6, 262144 bytes, linear)
Oct 01 08:17:02 nixos kernel: UDP-Lite hash table entries: 8192 (order: 6, 262144 bytes, linear)
Oct 01 08:17:02 nixos kernel: NET: Registered PF_UNIX/PF_LOCAL protocol family
Oct 01 08:17:02 nixos kernel: NET: Registered PF_XDP protocol family
Oct 01 08:17:02 nixos kernel: pci 0000:00:07.0: bridge window [io  0x1000-0x0fff] to [bus 01-2b] add_size 1000
Oct 01 08:17:02 nixos kernel: clipped [mem size 0x00000000 64bit pref] to [mem size 0xfffffffffffa0000 64bit pref] for e820 entry [mem 0x0009f000-0x000fffff]
Oct 01 08:17:02 nixos kernel: clipped [mem size 0x00000000 64bit pref] to [mem size 0xfffffffffffe0000 64bit pref] for e820 entry [mem 0x0009f000-0x000fffff]
Oct 01 08:17:02 nixos kernel: pci 0000:00:02.0: BAR 9: assigned [mem 0x4020000000-0x40ffffffff 64bit pref]
Oct 01 08:17:02 nixos kernel: clipped [mem size 0x00000000 64bit] to [mem size 0xfffffffffffa0000 64bit] for e820 entry [mem 0x0009f000-0x000fffff]
Oct 01 08:17:02 nixos kernel: clipped [mem size 0x00000000 64bit] to [mem size 0xfffffffffffe0000 64bit] for e820 entry [mem 0x0009f000-0x000fffff]
Oct 01 08:17:02 nixos kernel: pci 0000:00:02.0: BAR 7: assigned [mem 0x4010000000-0x4016ffffff 64bit]
Oct 01 08:17:02 nixos kernel: pci 0000:00:07.0: BAR 13: assigned [io  0x5000-0x5fff]
Oct 01 08:17:02 nixos kernel: clipped [mem size 0x00000000 64bit] to [mem size 0xfffffffffffa0000 64bit] for e820 entry [mem 0x0009f000-0x000fffff]
Oct 01 08:17:02 nixos kernel: clipped [mem size 0x00000000 64bit] to [mem size 0xfffffffffffe0000 64bit] for e820 entry [mem 0x0009f000-0x000fffff]
Oct 01 08:17:02 nixos kernel: pci 0000:00:15.0: BAR 0: assigned [mem 0x4017000000-0x4017000fff 64bit]
Oct 01 08:17:02 nixos kernel: clipped [mem size 0x00000000 64bit] to [mem size 0xfffffffffffa0000 64bit] for e820 entry [mem 0x0009f000-0x000fffff]
Oct 01 08:17:02 nixos kernel: clipped [mem size 0x00000000 64bit] to [mem size 0xfffffffffffe0000 64bit] for e820 entry [mem 0x0009f000-0x000fffff]
Oct 01 08:17:02 nixos kernel: pci 0000:00:15.1: BAR 0: assigned [mem 0x4017001000-0x4017001fff 64bit]
Oct 01 08:17:02 nixos kernel: clipped [mem size 0x00000000 64bit] to [mem size 0xfffffffffffa0000 64bit] for e820 entry [mem 0x0009f000-0x000fffff]
Oct 01 08:17:02 nixos kernel: clipped [mem size 0x00000000 64bit] to [mem size 0xfffffffffffe0000 64bit] for e820 entry [mem 0x0009f000-0x000fffff]
Oct 01 08:17:02 nixos kernel: pci 0000:00:1e.0: BAR 0: assigned [mem 0x4017002000-0x4017002fff 64bit]
Oct 01 08:17:02 nixos kernel: clipped [mem size 0x00000000 64bit] to [mem size 0xfffffffffffa0000 64bit] for e820 entry [mem 0x0009f000-0x000fffff]
Oct 01 08:17:02 nixos kernel: clipped [mem size 0x00000000 64bit] to [mem size 0xfffffffffffe0000 64bit] for e820 entry [mem 0x0009f000-0x000fffff]
Oct 01 08:17:02 nixos kernel: pci 0000:00:1e.2: BAR 0: assigned [mem 0x4017003000-0x4017003fff 64bit]
Oct 01 08:17:02 nixos kernel: clipped [mem size 0x00020000] to [mem size 0xfffffffffffc0000] for e820 entry [mem 0x0009f000-0x000fffff]
Oct 01 08:17:02 nixos kernel: clipped [mem size 0x00010000] to [mem size 0xffffffffffff0000] for e820 entry [mem 0x0009f000-0x000fffff]
Oct 01 08:17:02 nixos kernel: pci 0000:00:1f.5: BAR 0: assigned [mem 0x74800000-0x74800fff]
Oct 01 08:17:02 nixos kernel: pci 0000:00:07.0: PCI bridge to [bus 01-2b]
Oct 01 08:17:02 nixos kernel: pci 0000:00:07.0:   bridge window [io  0x5000-0x5fff]
Oct 01 08:17:02 nixos kernel: pci 0000:00:07.0:   bridge window [mem 0x78000000-0x841fffff]
Oct 01 08:17:02 nixos kernel: pci 0000:00:07.0:   bridge window [mem 0x6000000000-0x601bffffff 64bit pref]
Oct 01 08:17:02 nixos kernel: pci 0000:00:1c.0: PCI bridge to [bus 2c]
Oct 01 08:17:02 nixos kernel: pci 0000:00:1c.3: PCI bridge to [bus 2d]
Oct 01 08:17:02 nixos kernel: pci 0000:00:1c.3:   bridge window [mem 0x6032100000-0x60322fffff 64bit pref]
Oct 01 08:17:02 nixos kernel: pci 0000:00:1c.4: PCI bridge to [bus 2e]
Oct 01 08:17:02 nixos kernel: pci 0000:00:1c.4:   bridge window [io  0x3000-0x3fff]
Oct 01 08:17:02 nixos kernel: pci 0000:00:1c.4:   bridge window [mem 0x85000000-0x860fffff]
Oct 01 08:17:02 nixos kernel: pci 0000:00:1c.4:   bridge window [mem 0x6020000000-0x6031ffffff 64bit pref]
Oct 01 08:17:02 nixos kernel: pci_bus 0000:00: resource 4 [io  0x0000-0x0cf7 window]
Oct 01 08:17:02 nixos kernel: pci_bus 0000:00: resource 5 [io  0x0d00-0xffff window]
Oct 01 08:17:02 nixos kernel: pci_bus 0000:00: resource 6 [mem 0x000a0000-0x000bffff window]
Oct 01 08:17:02 nixos kernel: pci_bus 0000:00: resource 7 [mem 0x000e0000-0x000fffff window]
Oct 01 08:17:02 nixos kernel: pci_bus 0000:00: resource 8 [mem 0x74800000-0xbfffffff window]
Oct 01 08:17:02 nixos kernel: pci_bus 0000:00: resource 9 [mem 0x4000000000-0x7fffffffff window]
Oct 01 08:17:02 nixos kernel: pci_bus 0000:01: resource 0 [io  0x5000-0x5fff]
Oct 01 08:17:02 nixos kernel: pci_bus 0000:01: resource 1 [mem 0x78000000-0x841fffff]
Oct 01 08:17:02 nixos kernel: pci_bus 0000:01: resource 2 [mem 0x6000000000-0x601bffffff 64bit pref]
Oct 01 08:17:02 nixos kernel: pci_bus 0000:2d: resource 2 [mem 0x6032100000-0x60322fffff 64bit pref]
Oct 01 08:17:02 nixos kernel: pci_bus 0000:2e: resource 0 [io  0x3000-0x3fff]
Oct 01 08:17:02 nixos kernel: pci_bus 0000:2e: resource 1 [mem 0x85000000-0x860fffff]
Oct 01 08:17:02 nixos kernel: pci_bus 0000:2e: resource 2 [mem 0x6020000000-0x6031ffffff 64bit pref]
Oct 01 08:17:02 nixos kernel: PCI: CLS 64 bytes, default 64
Oct 01 08:17:02 nixos kernel: DMAR: Intel-IOMMU force enabled due to platform opt in
Oct 01 08:17:02 nixos kernel: DMAR: No ATSR found
Oct 01 08:17:02 nixos kernel: DMAR: No SATC found
Oct 01 08:17:02 nixos kernel: DMAR: IOMMU feature fl1gp_support inconsistent
Oct 01 08:17:02 nixos kernel: DMAR: IOMMU feature pgsel_inv inconsistent
Oct 01 08:17:02 nixos kernel: DMAR: IOMMU feature nwfs inconsistent
Oct 01 08:17:02 nixos kernel: DMAR: IOMMU feature pds inconsistent
Oct 01 08:17:02 nixos kernel: DMAR: IOMMU feature dit inconsistent
Oct 01 08:17:02 nixos kernel: DMAR: IOMMU feature eafs inconsistent
Oct 01 08:17:02 nixos kernel: DMAR: IOMMU feature prs inconsistent
Oct 01 08:17:02 nixos kernel: DMAR: IOMMU feature nest inconsistent
Oct 01 08:17:02 nixos kernel: DMAR: IOMMU feature mts inconsistent
Oct 01 08:17:02 nixos kernel: DMAR: IOMMU feature sc_support inconsistent
Oct 01 08:17:02 nixos kernel: DMAR: IOMMU feature dev_iotlb_support inconsistent
Oct 01 08:17:02 nixos kernel: DMAR: dmar1: Using Queued invalidation
Oct 01 08:17:02 nixos kernel: DMAR: dmar0: Using Queued invalidation
Oct 01 08:17:02 nixos kernel: DMAR: dmar2: Using Queued invalidation
Oct 01 08:17:02 nixos kernel: Trying to unpack rootfs image as initramfs...
Oct 01 08:17:02 nixos kernel: pci 0000:00:07.0: Adding to iommu group 0
Oct 01 08:17:02 nixos kernel: pci 0000:00:02.0: Adding to iommu group 1
Oct 01 08:17:02 nixos kernel: pci 0000:00:00.0: Adding to iommu group 2
Oct 01 08:17:02 nixos kernel: pci 0000:00:04.0: Adding to iommu group 3
Oct 01 08:17:02 nixos kernel: pci 0000:00:08.0: Adding to iommu group 4
Oct 01 08:17:02 nixos kernel: pci 0000:00:0a.0: Adding to iommu group 5
Oct 01 08:17:02 nixos kernel: pci 0000:00:0d.0: Adding to iommu group 6
Oct 01 08:17:02 nixos kernel: pci 0000:00:0d.2: Adding to iommu group 6
Oct 01 08:17:02 nixos kernel: pci 0000:00:0e.0: Adding to iommu group 7
Oct 01 08:17:02 nixos kernel: pci 0000:00:14.0: Adding to iommu group 8
Oct 01 08:17:02 nixos kernel: pci 0000:00:14.2: Adding to iommu group 8
Oct 01 08:17:02 nixos kernel: pci 0000:00:15.0: Adding to iommu group 9
Oct 01 08:17:02 nixos kernel: pci 0000:00:15.1: Adding to iommu group 9
Oct 01 08:17:02 nixos kernel: pci 0000:00:16.0: Adding to iommu group 10
Oct 01 08:17:02 nixos kernel: pci 0000:00:1c.0: Adding to iommu group 11
Oct 01 08:17:02 nixos kernel: pci 0000:00:1c.3: Adding to iommu group 12
Oct 01 08:17:02 nixos kernel: pci 0000:00:1c.4: Adding to iommu group 13
Oct 01 08:17:02 nixos kernel: pci 0000:00:1d.0: Adding to iommu group 14
Oct 01 08:17:02 nixos kernel: pci 0000:00:1e.0: Adding to iommu group 15
Oct 01 08:17:02 nixos kernel: pci 0000:00:1e.2: Adding to iommu group 15
Oct 01 08:17:02 nixos kernel: pci 0000:00:1f.0: Adding to iommu group 16
Oct 01 08:17:02 nixos kernel: pci 0000:00:1f.3: Adding to iommu group 16
Oct 01 08:17:02 nixos kernel: pci 0000:00:1f.4: Adding to iommu group 16
Oct 01 08:17:02 nixos kernel: pci 0000:00:1f.5: Adding to iommu group 16
Oct 01 08:17:02 nixos kernel: pci 0000:2d:00.0: Adding to iommu group 17
Oct 01 08:17:02 nixos kernel: pci 0000:2e:00.0: Adding to iommu group 18
Oct 01 08:17:02 nixos kernel: DMAR: Intel(R) Virtualization Technology for Directed I/O
Oct 01 08:17:02 nixos kernel: PCI-DMA: Using software bounce buffering for IO (SWIOTLB)
Oct 01 08:17:02 nixos kernel: software IO TLB: mapped [mem 0x0000000055892000-0x0000000059892000] (64MB)
Oct 01 08:17:02 nixos kernel: clocksource: tsc: mask: 0xffffffffffffffff max_cycles: 0x28680fa287f, max_idle_ns: 440795281151 ns
Oct 01 08:17:02 nixos kernel: clocksource: Switched to clocksource tsc
Oct 01 08:17:02 nixos kernel: platform rtc_cmos: registered platform RTC device (no PNP device found)
Oct 01 08:17:02 nixos kernel: Initialise system trusted keyrings
Oct 01 08:17:02 nixos kernel: workingset: timestamp_bits=40 max_order=22 bucket_order=0
Oct 01 08:17:02 nixos kernel: zbud: loaded
Oct 01 08:17:02 nixos kernel: Key type asymmetric registered
Oct 01 08:17:02 nixos kernel: Asymmetric key parser 'x509' registered
Oct 01 08:17:02 nixos kernel: Freeing initrd memory: 18848K
Oct 01 08:17:02 nixos kernel: alg: self-tests for CTR-KDF (hmac(sha256)) passed
Oct 01 08:17:02 nixos kernel: Block layer SCSI generic (bsg) driver version 0.4 loaded (major 252)
Oct 01 08:17:02 nixos kernel: io scheduler mq-deadline registered
Oct 01 08:17:02 nixos kernel: io scheduler kyber registered
Oct 01 08:17:02 nixos kernel: pcieport 0000:00:07.0: PME: Signaling with IRQ 123
Oct 01 08:17:02 nixos kernel: pcieport 0000:00:07.0: pciehp: Slot #0 AttnBtn- PwrCtrl- MRL- AttnInd- PwrInd- HotPlug+ Surprise+ Interlock- NoCompl+ IbPresDis- LLActRep+
Oct 01 08:17:02 nixos kernel: pcieport 0000:00:1c.0: PME: Signaling with IRQ 124
Oct 01 08:17:02 nixos kernel: pcieport 0000:00:1c.3: PME: Signaling with IRQ 125
Oct 01 08:17:02 nixos kernel: pcieport 0000:00:1c.4: PME: Signaling with IRQ 126
Oct 01 08:17:02 nixos kernel: Monitor-Mwait will be used to enter C-1 state
Oct 01 08:17:02 nixos kernel: Monitor-Mwait will be used to enter C-2 state
Oct 01 08:17:02 nixos kernel: Monitor-Mwait will be used to enter C-3 state
Oct 01 08:17:02 nixos kernel: ACPI: \_SB_.PR00: Found 3 idle states
Oct 01 08:17:02 nixos kernel: Serial: 8250/16550 driver, 4 ports, IRQ sharing enabled
Oct 01 08:17:02 nixos kernel: hpet_acpi_add: no address or irqs in _CRS
Oct 01 08:17:02 nixos kernel: intel_pstate: Intel P-state driver initializing
Oct 01 08:17:02 nixos kernel: intel_pstate: HWP enabled
Oct 01 08:17:02 nixos kernel: efifb: probing for efifb
Oct 01 08:17:02 nixos kernel: efifb: Ignoring BGRT: unexpected or invalid BMP data
Oct 01 08:17:02 nixos kernel: efifb: framebuffer at 0x4000000000, using 1876k, total 1875k
Oct 01 08:17:02 nixos kernel: efifb: mode is 800x600x32, linelength=3200, pages=1
Oct 01 08:17:02 nixos kernel: efifb: scrolling: redraw
Oct 01 08:17:02 nixos kernel: efifb: Truecolor: size=8:8:8:8, shift=24:16:8:0
Oct 01 08:17:02 nixos kernel: fbcon: Deferring console take-over
Oct 01 08:17:02 nixos kernel: fb0: EFI VGA frame buffer device
Oct 01 08:17:02 nixos kernel: drop_monitor: Initializing network drop monitor service
Oct 01 08:17:02 nixos kernel: NET: Registered PF_INET6 protocol family
Oct 01 08:17:02 nixos kernel: Segment Routing with IPv6
Oct 01 08:17:02 nixos kernel: In-situ OAM (IOAM) with IPv6
Oct 01 08:17:02 nixos kernel: microcode: sig=0x806c1, pf=0x80, revision=0xac
Oct 01 08:17:02 nixos kernel: microcode: Microcode Update Driver: v2.2.
Oct 01 08:17:02 nixos kernel: IPI shorthand broadcast: enabled
Oct 01 08:17:02 nixos kernel: sched_clock: Marking stable (452612284, 6534392)->(523257330, -64110654)
Oct 01 08:17:02 nixos kernel: registered taskstats version 1
Oct 01 08:17:02 nixos kernel: Loading compiled-in X.509 certificates
Oct 01 08:17:02 nixos kernel: zswap: loaded using pool lzo/zbud
Oct 01 08:17:02 nixos kernel: Key type .fscrypt registered
Oct 01 08:17:02 nixos kernel: Key type fscrypt-provisioning registered
Oct 01 08:17:02 nixos kernel: Freeing unused decrypted memory: 2036K
Oct 01 08:17:02 nixos kernel: Freeing unused kernel image (initmem) memory: 1888K
Oct 01 08:17:02 nixos kernel: Write protecting the kernel read-only data: 22528k
Oct 01 08:17:02 nixos kernel: Freeing unused kernel image (text/rodata gap) memory: 2040K
Oct 01 08:17:02 nixos kernel: Freeing unused kernel image (rodata/data gap) memory: 216K
Oct 01 08:17:02 nixos kernel: x86/mm: Checked W+X mappings: passed, no W+X pages found.
Oct 01 08:17:02 nixos kernel: Run /init as init process
Oct 01 08:17:02 nixos kernel:   with arguments:
Oct 01 08:17:02 nixos kernel:     /init
Oct 01 08:17:02 nixos kernel:   with environment:
Oct 01 08:17:02 nixos kernel:     HOME=/
Oct 01 08:17:02 nixos kernel:     TERM=linux
Oct 01 08:17:02 nixos kernel: fbcon: Taking over console
Oct 01 08:17:02 nixos kernel: Console: switching to colour frame buffer device 100x37
Oct 01 08:17:02 nixos stage-1-init: [Sun Oct  1 08:17:01 UTC 2023] loading module dm_mod...
Oct 01 08:17:02 nixos kernel: device-mapper: ioctl: 4.47.0-ioctl (2022-07-28) initialised: dm-devel@redhat.com
Oct 01 08:17:02 nixos stage-1-init: [Sun Oct  1 08:17:01 UTC 2023] running udev...
Oct 01 08:17:02 nixos stage-1-init: [Sun Oct  1 08:17:01 UTC 2023] Starting systemd-udevd version 253.6
Oct 01 08:17:02 nixos kernel: i8042: PNP: PS/2 Controller [PNP030b:PS2K] at 0x60,0x64 irq 1
Oct 01 08:17:02 nixos kernel: i8042: PNP: PS/2 appears to have AUX port disabled, if this is incorrect please boot with i8042.nopnp
Oct 01 08:17:02 nixos kernel: serio: i8042 KBD port at 0x60,0x64 irq 1
Oct 01 08:17:02 nixos kernel: vmd 0000:00:0e.0: PCI host bridge to bus 10000:e0
Oct 01 08:17:02 nixos kernel: pci_bus 10000:e0: root bus resource [bus e0-ff]
Oct 01 08:17:02 nixos kernel: pci_bus 10000:e0: root bus resource [mem 0x76000000-0x77ffffff]
Oct 01 08:17:02 nixos kernel: pci_bus 10000:e0: root bus resource [mem 0x6037102000-0x60371fffff 64bit]
Oct 01 08:17:02 nixos kernel: pci 10000:e0:1d.0: [8086:a0b0] type 01 class 0x060400
Oct 01 08:17:02 nixos kernel: pci 10000:e0:1d.0: PME# supported from D0 D3hot D3cold
Oct 01 08:17:02 nixos kernel: pci 10000:e0:1d.0: Adding to iommu group 7
Oct 01 08:17:02 nixos kernel: pci 10000:e0:1d.0: Primary bus is hard wired to 0
Oct 01 08:17:02 nixos kernel: pci 10000:e1:00.0: [1344:5404] type 00 class 0x010802
Oct 01 08:17:02 nixos kernel: pci 10000:e1:00.0: reg 0x10: [mem 0x76000000-0x76003fff 64bit]
Oct 01 08:17:02 nixos kernel: pci 10000:e1:00.0: Adding to iommu group 7
Oct 01 08:17:02 nixos kernel: pci 10000:e0:1d.0: PCI bridge to [bus e1]
Oct 01 08:17:02 nixos kernel: pci 10000:e0:1d.0:   bridge window [io  0x0000-0x0fff]
Oct 01 08:17:02 nixos kernel: pci 10000:e0:1d.0:   bridge window [mem 0x76000000-0x760fffff]
Oct 01 08:17:02 nixos kernel: pci 10000:e0:1d.0: Primary bus is hard wired to 0
Oct 01 08:17:02 nixos kernel: rtc_cmos rtc_cmos: RTC can wake from S4
Oct 01 08:17:02 nixos kernel: rtc_cmos rtc_cmos: registered as rtc0
Oct 01 08:17:02 nixos kernel: rtc_cmos rtc_cmos: alarms up to one month, y3k, 114 bytes nvram
Oct 01 08:17:02 nixos kernel: ACPI: bus type thunderbolt registered
Oct 01 08:17:02 nixos kernel: thunderbolt 0000:00:0d.2: enabling device (0000 -> 0002)
Oct 01 08:17:02 nixos kernel: ACPI: bus type USB registered
Oct 01 08:17:02 nixos kernel: usbcore: registered new interface driver usbfs
Oct 01 08:17:02 nixos kernel: usbcore: registered new interface driver hub
Oct 01 08:17:02 nixos kernel: usbcore: registered new device driver usb
Oct 01 08:17:02 nixos kernel: input: AT Translated Set 2 keyboard as /devices/platform/i8042/serio0/input/input0
Oct 01 08:17:02 nixos kernel: xhci_hcd 0000:00:0d.0: xHCI Host Controller
Oct 01 08:17:02 nixos kernel: xhci_hcd 0000:00:0d.0: new USB bus registered, assigned bus number 1
Oct 01 08:17:02 nixos kernel: xhci_hcd 0000:00:0d.0: hcc params 0x20007fc1 hci version 0x120 quirks 0x0000000200009810
Oct 01 08:17:02 nixos kernel: xhci_hcd 0000:00:0d.0: xHCI Host Controller
Oct 01 08:17:02 nixos kernel: xhci_hcd 0000:00:0d.0: new USB bus registered, assigned bus number 2
Oct 01 08:17:02 nixos kernel: xhci_hcd 0000:00:0d.0: Host supports USB 3.1 Enhanced SuperSpeed
Oct 01 08:17:02 nixos kernel: usb usb1: New USB device found, idVendor=1d6b, idProduct=0002, bcdDevice= 6.01
Oct 01 08:17:02 nixos kernel: usb usb1: New USB device strings: Mfr=3, Product=2, SerialNumber=1
Oct 01 08:17:02 nixos kernel: usb usb1: Product: xHCI Host Controller
Oct 01 08:17:02 nixos kernel: usb usb1: Manufacturer: Linux 6.1.52 xhci-hcd
Oct 01 08:17:02 nixos kernel: usb usb1: SerialNumber: 0000:00:0d.0
Oct 01 08:17:02 nixos kernel: hub 1-0:1.0: USB hub found
Oct 01 08:17:02 nixos kernel: hub 1-0:1.0: 1 port detected
Oct 01 08:17:02 nixos kernel: usb usb2: New USB device found, idVendor=1d6b, idProduct=0003, bcdDevice= 6.01
Oct 01 08:17:02 nixos kernel: usb usb2: New USB device strings: Mfr=3, Product=2, SerialNumber=1
Oct 01 08:17:02 nixos kernel: usb usb2: Product: xHCI Host Controller
Oct 01 08:17:02 nixos kernel: usb usb2: Manufacturer: Linux 6.1.52 xhci-hcd
Oct 01 08:17:02 nixos kernel: usb usb2: SerialNumber: 0000:00:0d.0
Oct 01 08:17:02 nixos kernel: hub 2-0:1.0: USB hub found
Oct 01 08:17:02 nixos kernel: hub 2-0:1.0: 4 ports detected
Oct 01 08:17:02 nixos kernel: xhci_hcd 0000:00:14.0: xHCI Host Controller
Oct 01 08:17:02 nixos kernel: xhci_hcd 0000:00:14.0: new USB bus registered, assigned bus number 3
Oct 01 08:17:02 nixos kernel: xhci_hcd 0000:00:14.0: hcc params 0x20007fc1 hci version 0x120 quirks 0x0000000200009810
Oct 01 08:17:02 nixos kernel: xhci_hcd 0000:00:14.0: xHCI Host Controller
Oct 01 08:17:02 nixos kernel: xhci_hcd 0000:00:14.0: new USB bus registered, assigned bus number 4
Oct 01 08:17:02 nixos kernel: xhci_hcd 0000:00:14.0: Host supports USB 3.1 Enhanced SuperSpeed
Oct 01 08:17:02 nixos kernel: usb usb3: New USB device found, idVendor=1d6b, idProduct=0002, bcdDevice= 6.01
Oct 01 08:17:02 nixos kernel: usb usb3: New USB device strings: Mfr=3, Product=2, SerialNumber=1
Oct 01 08:17:02 nixos kernel: usb usb3: Product: xHCI Host Controller
Oct 01 08:17:02 nixos kernel: usb usb3: Manufacturer: Linux 6.1.52 xhci-hcd
Oct 01 08:17:02 nixos kernel: usb usb3: SerialNumber: 0000:00:14.0
Oct 01 08:17:02 nixos kernel: hub 3-0:1.0: USB hub found
Oct 01 08:17:02 nixos kernel: hub 3-0:1.0: 12 ports detected
Oct 01 08:17:02 nixos kernel: usb usb4: New USB device found, idVendor=1d6b, idProduct=0003, bcdDevice= 6.01
Oct 01 08:17:02 nixos kernel: usb usb4: New USB device strings: Mfr=3, Product=2, SerialNumber=1
Oct 01 08:17:02 nixos kernel: usb usb4: Product: xHCI Host Controller
Oct 01 08:17:02 nixos kernel: usb usb4: Manufacturer: Linux 6.1.52 xhci-hcd
Oct 01 08:17:02 nixos kernel: usb usb4: SerialNumber: 0000:00:14.0
Oct 01 08:17:02 nixos kernel: hub 4-0:1.0: USB hub found
Oct 01 08:17:02 nixos kernel: hub 4-0:1.0: 4 ports detected
Oct 01 08:17:02 nixos kernel: pci 10000:e0:1d.0: BAR 14: assigned [mem 0x76000000-0x760fffff]
Oct 01 08:17:02 nixos kernel: pci 10000:e0:1d.0: BAR 13: no space for [io  size 0x1000]
Oct 01 08:17:02 nixos kernel: pci 10000:e0:1d.0: BAR 13: failed to assign [io  size 0x1000]
Oct 01 08:17:02 nixos kernel: pci 10000:e1:00.0: BAR 0: assigned [mem 0x76000000-0x76003fff 64bit]
Oct 01 08:17:02 nixos kernel: pci 10000:e0:1d.0: PCI bridge to [bus e1]
Oct 01 08:17:02 nixos kernel: pci 10000:e0:1d.0:   bridge window [mem 0x76000000-0x760fffff]
Oct 01 08:17:02 nixos kernel: pcieport 10000:e0:1d.0: can't derive routing for PCI INT A
Oct 01 08:17:02 nixos kernel: pcieport 10000:e0:1d.0: PCI INT A: no GSI
Oct 01 08:17:02 nixos kernel: pcieport 10000:e0:1d.0: PME: Signaling with IRQ 164
Oct 01 08:17:02 nixos kernel: vmd 0000:00:0e.0: Bound to PCI domain 10000
Oct 01 08:17:02 nixos kernel: nvme nvme0: pci function 10000:e1:00.0
Oct 01 08:17:02 nixos kernel: pcieport 10000:e0:1d.0: can't derive routing for PCI INT A
Oct 01 08:17:02 nixos kernel: nvme 10000:e1:00.0: PCI INT A: not connected
Oct 01 08:17:02 nixos kernel: nvme nvme0: 8/0/0 default/read/poll queues
Oct 01 08:17:02 nixos kernel:  nvme0n1: p1 p2 p3 p4 p5
Oct 01 08:17:02 nixos kernel: usb 3-6: new high-speed USB device number 2 using xhci_hcd
Oct 01 08:17:02 nixos stage-1-init: [Sun Oct  1 08:17:01 UTC 2023] starting device mapper and LVM...
Oct 01 08:17:02 nixos stage-1-init: [Sun Oct  1 08:17:01 UTC 2023] checking /dev/disk/by-uuid/a903d084-de41-4d62-8bde-4e08dab60797...
Oct 01 08:17:02 nixos stage-1-init: [Sun Oct  1 08:17:01 UTC 2023] fsck (busybox 1.36.1)
Oct 01 08:17:02 nixos stage-1-init: [Sun Oct  1 08:17:01 UTC 2023] [fsck.ext4 (1) -- /mnt-root/] fsck.ext4 -a /dev/disk/by-uuid/a903d084-de41-4d62-8bde-4e08dab60797
Oct 01 08:17:02 nixos stage-1-init: [Sun Oct  1 08:17:01 UTC 2023] /dev/disk/by-uuid/a903d084-de41-4d62-8bde-4e08dab60797: clean, 1558078/31162368 files, 37314710/124635729 blocks
Oct 01 08:17:02 nixos stage-1-init: [Sun Oct  1 08:17:01 UTC 2023] mounting /dev/disk/by-uuid/a903d084-de41-4d62-8bde-4e08dab60797 on /...
Oct 01 08:17:02 nixos kernel: EXT4-fs (nvme0n1p3): mounted filesystem with ordered data mode. Quota mode: none.
Oct 01 08:17:02 nixos kernel: EXT4-fs (nvme0n1p3): re-mounted. Quota mode: none.
Oct 01 08:17:02 nixos kernel: usb 3-6: New USB device found, idVendor=0408, idProduct=30d0, bcdDevice= 0.02
Oct 01 08:17:02 nixos kernel: usb 3-6: New USB device strings: Mfr=3, Product=1, SerialNumber=2
Oct 01 08:17:02 nixos kernel: usb 3-6: Product: USB2.0 HD UVC WebCam
Oct 01 08:17:02 nixos kernel: usb 3-6: Manufacturer: Quanta
Oct 01 08:17:02 nixos kernel: usb 3-6: SerialNumber: 0x0001
Oct 01 08:17:02 nixos kernel: EXT4-fs (nvme0n1p3): re-mounted. Quota mode: none.
Oct 01 08:17:02 nixos unknown: booting system configuration /nix/store/r6fd5r48lqxbic4jxds97lj93gng1g5j-nixos-system-nixos-23.11.20230911.3a2786e
Oct 01 08:17:02 nixos stage-2-init: running activation script...
Oct 01 08:17:02 nixos kernel: usb 3-7: new high-speed USB device number 3 using xhci_hcd
Oct 01 08:17:02 nixos stage-2-init: setting up /etc...
Oct 01 08:17:02 nixos kernel: usb 3-7: New USB device found, idVendor=0bda, idProduct=0129, bcdDevice=39.60
Oct 01 08:17:02 nixos kernel: usb 3-7: New USB device strings: Mfr=1, Product=2, SerialNumber=3
Oct 01 08:17:02 nixos kernel: usb 3-7: Product: USB2.0-CRW
Oct 01 08:17:02 nixos kernel: usb 3-7: Manufacturer: Generic
Oct 01 08:17:02 nixos kernel: usb 3-7: SerialNumber: 20100201396000000
Oct 01 08:17:02 nixos kernel: usb 3-10: new high-speed USB device number 4 using xhci_hcd
Oct 01 08:17:02 nixos kernel: usb 3-10: New USB device found, idVendor=13d3, idProduct=3563, bcdDevice= 1.00
Oct 01 08:17:02 nixos kernel: usb 3-10: New USB device strings: Mfr=5, Product=6, SerialNumber=7
Oct 01 08:17:02 nixos kernel: usb 3-10: Product: Wireless_Device
Oct 01 08:17:02 nixos kernel: usb 3-10: Manufacturer: MediaTek Inc.
Oct 01 08:17:02 nixos kernel: usb 3-10: SerialNumber: 000000000
Oct 01 08:17:02 nixos systemd[1]: RTC configured in localtime, applying delta of 180 minutes to system time.
Oct 01 08:17:02 nixos systemd[1]: Inserted module 'autofs4'
Oct 01 08:17:02 nixos systemd[1]: systemd 253.6 running in system mode (+PAM +AUDIT -SELINUX +APPARMOR +IMA +SMACK +SECCOMP +GCRYPT -GNUTLS +OPENSSL +ACL +BLKID +CURL +ELFUTILS +FIDO2 +IDN2 -IDN +IPTC +KMOD +LIBCRYPTSETUP +LIBFDISK +PCRE2 -PWQUALITY +P11KIT -QRENCODE +TPM2 +BZIP2 +LZ4 +XZ +ZLIB +ZSTD +BPF_FRAMEWORK -XKBCOMMON +UTMP -SYSVINIT default-hierarchy=unified)
Oct 01 08:17:02 nixos systemd[1]: Detected architecture x86-64.
Oct 01 08:17:02 nixos systemd[1]: bpf-lsm: LSM BPF program attached
Oct 01 08:17:02 nixos systemd[1]: Queued start job for default target Graphical Interface.
Oct 01 08:17:02 nixos systemd[1]: Created slice Virtual Machine and Container Slice.
Oct 01 08:17:02 nixos systemd[1]: Created slice Slice /system/getty.
Oct 01 08:17:02 nixos systemd[1]: Created slice Slice /system/modprobe.
Oct 01 08:17:02 nixos systemd[1]: Created slice Slice /system/systemd-fsck.
Oct 01 08:17:02 nixos systemd[1]: Created slice User and Session Slice.
Oct 01 08:17:02 nixos systemd[1]: Started Dispatch Password Requests to Console Directory Watch.
Oct 01 08:17:02 nixos systemd[1]: Started Forward Password Requests to Wall Directory Watch.
Oct 01 08:17:02 nixos systemd[1]: Reached target Local Encrypted Volumes.
Oct 01 08:17:02 nixos systemd[1]: Reached target Containers.
Oct 01 08:17:02 nixos systemd[1]: Reached target Path Units.
Oct 01 08:17:02 nixos systemd[1]: Reached target Remote File Systems.
Oct 01 08:17:02 nixos systemd[1]: Reached target Slice Units.
Oct 01 08:17:02 nixos systemd[1]: Reached target Swaps.
Oct 01 08:17:02 nixos systemd[1]: Listening on Process Core Dump Socket.
Oct 01 08:17:02 nixos systemd[1]: Listening on Journal Socket (/dev/log).
Oct 01 08:17:02 nixos systemd[1]: Listening on Journal Socket.
Oct 01 08:17:02 nixos systemd[1]: Listening on Userspace Out-Of-Memory (OOM) Killer Socket.
Oct 01 08:17:02 nixos systemd[1]: Listening on udev Control Socket.
Oct 01 08:17:02 nixos systemd[1]: Listening on udev Kernel Socket.
Oct 01 08:17:02 nixos systemd[1]: Mounting Huge Pages File System...
Oct 01 08:17:02 nixos systemd[1]: Mounting POSIX Message Queue File System...
Oct 01 08:17:02 nixos systemd[1]: Mounting Kernel Debug File System...
Oct 01 08:17:02 nixos systemd[1]: Starting Create List of Static Device Nodes...
Oct 01 08:17:02 nixos systemd[1]: Starting Load Kernel Module configfs...
Oct 01 08:17:02 nixos systemd[1]: Starting Load Kernel Module drm...
Oct 01 08:17:02 nixos systemd[1]: Starting Load Kernel Module efi_pstore...
Oct 01 08:17:02 nixos systemd[1]: Starting Load Kernel Module fuse...
Oct 01 08:17:02 nixos systemd[1]: Starting mount-pstore.service...
Oct 01 08:17:02 nixos systemd[1]: File System Check on Root Device was skipped because of an unmet condition check (ConditionPathIsReadWrite=!/).
Oct 01 08:17:02 nixos systemd[1]: Starting Journal Service...
Oct 01 08:17:02 nixos systemd[1]: Starting Load Kernel Modules...
Oct 01 08:17:02 nixos kernel: pstore: Using crash dump compression: deflate
Oct 01 08:17:02 nixos systemd[1]: Starting Remount Root and Kernel File Systems...
Oct 01 08:17:02 nixos systemd[1]: Starting Coldplug All udev Devices...
Oct 01 08:17:02 nixos systemd[1]: Mounted Huge Pages File System.
Oct 01 08:17:02 nixos systemd[1]: Mounted POSIX Message Queue File System.
Oct 01 08:17:02 nixos systemd[1]: Mounted Kernel Debug File System.
Oct 01 08:17:02 nixos kernel: fuse: init (API version 7.37)
Oct 01 08:17:02 nixos kernel: pstore: Registered efi as persistent store backend
Oct 01 08:17:02 nixos kernel: EXT4-fs (nvme0n1p3): re-mounted. Quota mode: none.
Oct 01 08:17:02 nixos systemd-journald[534]: Collecting audit messages is disabled.
Oct 01 08:17:02 nixos systemd[1]: Finished Create List of Static Device Nodes.
Oct 01 08:17:02 nixos systemd[1]: modprobe@configfs.service: Deactivated successfully.
Oct 01 08:17:02 nixos kernel: ACPI: bus type drm_connector registered
Oct 01 08:17:02 nixos systemd[1]: Finished Load Kernel Module configfs.
Oct 01 08:17:02 nixos systemd[1]: modprobe@drm.service: Deactivated successfully.
Oct 01 08:17:02 nixos systemd-journald[534]: Journal started
Oct 01 08:17:02 nixos systemd-journald[534]: Runtime Journal (/run/log/journal/3a9aec412e454bb8a10127389401a8e5) is 8.0M, max 392.5M, 384.5M free.
Oct 01 08:17:02 nixos systemd[1]: Finished Load Kernel Module drm.
Oct 01 08:17:02 nixos systemd[1]: Started Journal Service.
Oct 01 08:17:02 nixos systemd[1]: modprobe@efi_pstore.service: Deactivated successfully.
Oct 01 08:17:02 nixos systemd[1]: Finished Load Kernel Module efi_pstore.
Oct 01 08:17:02 nixos systemd[1]: modprobe@fuse.service: Deactivated successfully.
Oct 01 08:17:02 nixos systemd-modules-load[535]: Inserted module 'kvm_intel'
Oct 01 08:17:02 nixos systemd[1]: Finished Load Kernel Module fuse.
Oct 01 08:17:02 nixos systemd-modules-load[535]: Inserted module 'bridge'
Oct 01 08:17:02 nixos kernel: bridge: filtering via arp/ip/ip6tables is no longer available by default. Update your scripts to load br_netfilter if you need this.
Oct 01 08:17:02 nixos systemd-modules-load[535]: Inserted module 'macvlan'
Oct 01 08:17:02 nixos systemd-modules-load[535]: Inserted module 'tap'
Oct 01 08:17:02 nixos systemd-modules-load[535]: Inserted module 'tun'
Oct 01 08:17:02 nixos kernel: tun: Universal TUN/TAP device driver, 1.6
Oct 01 08:17:02 nixos systemd-modules-load[535]: Inserted module 'cpufreq_powersave'
Oct 01 08:17:02 nixos systemd-modules-load[535]: Inserted module 'loop'
Oct 01 08:17:02 nixos kernel: loop: module loaded
Oct 01 08:17:02 nixos systemd-modules-load[535]: Inserted module 'ctr'
Oct 01 08:17:02 nixos systemd[1]: Finished Remount Root and Kernel File Systems.
Oct 01 08:17:03 nixos systemd[1]: Finished Load Kernel Modules.
Oct 01 08:17:03 nixos systemd[1]: Finished Coldplug All udev Devices.
Oct 01 08:17:03 nixos systemd[1]: Finished mount-pstore.service.
Oct 01 08:17:03 nixos systemd[1]: Mounting FUSE Control File System...
Oct 01 08:17:03 nixos systemd[1]: Mounting Kernel Configuration File System...
Oct 01 08:17:03 nixos systemd[1]: Starting Firewall...
Oct 01 08:17:03 nixos systemd[1]: Starting Flush Journal to Persistent Storage...
Oct 01 08:17:03 nixos systemd[1]: Platform Persistent Storage Archival was skipped because of an unmet condition check (ConditionDirectoryNotEmpty=/sys/fs/pstore).
Oct 01 08:17:03 nixos systemd[1]: Starting Load/Save OS Random Seed...
Oct 01 08:17:03 nixos systemd[1]: Starting Apply Kernel Variables...
Oct 01 08:17:03 nixos systemd[1]: Starting Create Static Device Nodes in /dev...
Oct 01 08:17:03 nixos systemd-journald[534]: Time spent on flushing to /var/log/journal/3a9aec412e454bb8a10127389401a8e5 is 55.198ms for 937 entries.
Oct 01 08:17:03 nixos systemd-journald[534]: System Journal (/var/log/journal/3a9aec412e454bb8a10127389401a8e5) is 427.6M, max 4.0G, 3.5G free.
Oct 01 08:17:03 nixos systemd-journald[534]: Received client request to flush runtime journal.
Oct 01 08:17:03 nixos systemd-journald[534]: /var/log/journal/3a9aec412e454bb8a10127389401a8e5/system.journal: Monotonic clock jumped backwards relative to last journal entry, rotating.
Oct 01 08:17:03 nixos systemd-journald[534]: Rotating system journal.
Oct 01 08:17:03 nixos systemd[1]: Mounted FUSE Control File System.
Oct 01 08:17:03 nixos systemd[1]: Mounted Kernel Configuration File System.
Oct 01 08:17:03 nixos systemd-sysctl[561]: Couldn't write '0' to 'net/ipv4/conf/wlp6s0/proxy_arp', ignoring: No such file or directory
Oct 01 08:17:03 nixos systemd-sysctl[561]: Couldn't write '2' to 'net/ipv6/conf/wlp6s0/use_tempaddr', ignoring: No such file or directory
Oct 01 08:17:03 nixos systemd[1]: Finished Load/Save OS Random Seed.
Oct 01 08:17:03 nixos systemd[1]: Finished Apply Kernel Variables.
Oct 01 08:17:03 nixos systemd[1]: Finished Create Static Device Nodes in /dev.
Oct 01 08:17:03 nixos systemd[1]: Reached target Preparation for Local File Systems.
Oct 01 08:17:03 nixos systemd[1]: Starting Rule-based Manager for Device Events and Files...
Oct 01 08:17:03 nixos systemd-udevd[594]: Using default interface naming scheme 'v253'.
Oct 01 08:17:03 nixos systemd[1]: Finished Flush Journal to Persistent Storage.
Oct 01 08:17:03 nixos systemd[1]: Started Rule-based Manager for Device Events and Files.
Oct 01 08:17:03 nixos kernel: intel_pmc_core INT33A1:00:  initialized
Oct 01 08:17:03 nixos kernel: ACPI BIOS Error (bug): Could not resolve symbol [\CTDP], AE_NOT_FOUND (20220331/psargs-330)
Oct 01 08:17:03 nixos kernel: input: Lid Switch as /devices/LNXSYSTM:00/LNXSYBUS:00/PNP0A08:00/device:08/PNP0C09:01/PNP0C0D:00/input/input1
Oct 01 08:17:03 nixos kernel: ACPI Error: Aborting method \_SB.IETM.IDSP due to previous error (AE_NOT_FOUND) (20220331/psparse-529)
Oct 01 08:17:03 nixos kernel: ACPI Warning: \_SB.IETM._TRT: Return Package has no elements (empty) (20220331/nsprepkg-94)
Oct 01 08:17:03 nixos kernel: Consider using thermal netlink events interface
Oct 01 08:17:03 nixos kernel: ACPI: button: Lid Switch [LID]
Oct 01 08:17:03 nixos kernel: input: Power Button as /devices/LNXSYSTM:00/LNXSYBUS:00/PNP0C0C:00/input/input2
Oct 01 08:17:03 nixos kernel: ACPI: button: Power Button [PWRB]
Oct 01 08:17:03 nixos kernel: input: Power Button as /devices/LNXSYSTM:00/LNXPWRBN:00/input/input3
Oct 01 08:17:03 nixos kernel: ACPI: button: Power Button [PWRF]
Oct 01 08:17:03 nixos systemd[1]: Finished Firewall.
Oct 01 08:17:03 nixos kernel: ACPI: AC: AC Adapter [AC0] (on-line)
Oct 01 08:17:03 nixos kernel: ACPI: battery: Slot [BAT0] (battery present)
Oct 01 08:17:03 nixos kernel: tpm_crb: probe of MSFT0101:00 failed with error 378
Oct 01 08:17:03 nixos systemd[1]: Found device Micron_2210_MTFDHBA512QFD SYSTEM.
Oct 01 08:17:03 nixos kernel: ACPI BIOS Error (bug): Could not resolve symbol [\_SB.PC00.LPCB.EC0.SEN1._CRT.S1CT], AE_NOT_FOUND (20220331/psargs-330)
Oct 01 08:17:03 nixos kernel: ACPI Error: Aborting method \_SB.PC00.LPCB.EC0.SEN1._CRT due to previous error (AE_NOT_FOUND) (20220331/psparse-529)
Oct 01 08:17:03 nixos kernel: ACPI BIOS Error (bug): Could not resolve symbol [\_SB.PC00.LPCB.EC0.SEN1._HOT.S1HT], AE_NOT_FOUND (20220331/psargs-330)
Oct 01 08:17:03 nixos systemd[1]: Starting File System Check on /dev/disk/by-uuid/E8A8-FF52...
Oct 01 08:17:03 nixos kernel: ACPI Error: Aborting method \_SB.PC00.LPCB.EC0.SEN1._HOT due to previous error (AE_NOT_FOUND) (20220331/psparse-529)
Oct 01 08:17:03 nixos kernel: hid: raw HID events driver (C) Jiri Kosina
Oct 01 08:17:03 nixos kernel: ACPI BIOS Error (bug): Could not resolve symbol [\_SB.PC00.LPCB.EC0.SEN1._PSV.S1PT], AE_NOT_FOUND (20220331/psargs-330)
Oct 01 08:17:03 nixos kernel: ACPI Error: Aborting method \_SB.PC00.LPCB.EC0.SEN1._PSV due to previous error (AE_NOT_FOUND) (20220331/psparse-529)
Oct 01 08:17:03 nixos kernel: ACPI BIOS Error (bug): Could not resolve symbol [\_SB.PC00.LPCB.EC0.SEN1._AC0.S1AT], AE_NOT_FOUND (20220331/psargs-330)
Oct 01 08:17:03 nixos kernel: ACPI Error: Aborting method \_SB.PC00.LPCB.EC0.SEN1._AC0 due to previous error (AE_NOT_FOUND) (20220331/psparse-529)
Oct 01 08:17:03 nixos kernel: thermal LNXTHERM:00: registered as thermal_zone1
Oct 01 08:17:03 nixos kernel: ACPI: thermal: Thermal Zone [THRM] (38 C)
Oct 01 08:17:03 nixos kernel: EDAC MC: Ver: 3.0.0
Oct 01 08:17:03 nixos kernel: ACPI BIOS Error (bug): Could not resolve symbol [\_SB.PC00.LPCB.EC0.SEN2._CRT.S2CT], AE_NOT_FOUND (20220331/psargs-330)
Oct 01 08:17:03 nixos kernel: ACPI Error: Aborting method \_SB.PC00.LPCB.EC0.SEN2._CRT due to previous error (AE_NOT_FOUND) (20220331/psparse-529)
Oct 01 08:17:03 nixos systemd[1]: Starting Load Kernel Module efi_pstore...
Oct 01 08:17:03 nixos kernel: ACPI BIOS Error (bug): Could not resolve symbol [\_SB.PC00.LPCB.EC0.SEN2._HOT.S2HT], AE_NOT_FOUND (20220331/psargs-330)
Oct 01 08:17:03 nixos kernel: ACPI Error: Aborting method \_SB.PC00.LPCB.EC0.SEN2._HOT due to previous error (AE_NOT_FOUND) (20220331/psparse-529)
Oct 01 08:17:03 nixos kernel: ACPI BIOS Error (bug): Could not resolve symbol [\_SB.PC00.LPCB.EC0.SEN2._PSV.S2PT], AE_NOT_FOUND (20220331/psargs-330)
Oct 01 08:17:03 nixos kernel: ACPI Error: Aborting method \_SB.PC00.LPCB.EC0.SEN2._PSV due to previous error (AE_NOT_FOUND) (20220331/psparse-529)
Oct 01 08:17:03 nixos kernel: ACPI BIOS Error (bug): Could not resolve symbol [\_SB.PC00.LPCB.EC0.SEN2._AC0.S2AT], AE_NOT_FOUND (20220331/psargs-330)
Oct 01 08:17:03 nixos kernel: ACPI Error: Aborting method \_SB.PC00.LPCB.EC0.SEN2._AC0 due to previous error (AE_NOT_FOUND) (20220331/psparse-529)
Oct 01 08:17:03 nixos kernel: ACPI BIOS Error (bug): Could not resolve symbol [\_SB.PC00.LPCB.EC0.SEN3._CRT.S3CT], AE_NOT_FOUND (20220331/psargs-330)
Oct 01 08:17:03 nixos kernel: ACPI Error: Aborting method \_SB.PC00.LPCB.EC0.SEN3._CRT due to previous error (AE_NOT_FOUND) (20220331/psparse-529)
Oct 01 08:17:03 nixos kernel: ACPI BIOS Error (bug): Could not resolve symbol [\_SB.PC00.LPCB.EC0.SEN3._HOT.S3HT], AE_NOT_FOUND (20220331/psargs-330)
Oct 01 08:17:03 nixos kernel: ACPI Error: Aborting method \_SB.PC00.LPCB.EC0.SEN3._HOT due to previous error (AE_NOT_FOUND) (20220331/psparse-529)
Oct 01 08:17:03 nixos kernel: ACPI BIOS Error (bug): Could not resolve symbol [\_SB.PC00.LPCB.EC0.SEN3._PSV.S3PT], AE_NOT_FOUND (20220331/psargs-330)
Oct 01 08:17:03 nixos kernel: ACPI Error: Aborting method \_SB.PC00.LPCB.EC0.SEN3._PSV due to previous error (AE_NOT_FOUND) (20220331/psparse-529)
Oct 01 08:17:03 nixos systemd[1]: File System Check on Root Device was skipped because of an unmet condition check (ConditionPathIsReadWrite=!/).
Oct 01 08:17:03 nixos systemd[1]: modprobe@efi_pstore.service: Deactivated successfully.
Oct 01 08:17:03 nixos kernel: ACPI BIOS Error (bug): Could not resolve symbol [\_SB.PC00.LPCB.EC0.SEN4._CRT.S4CT], AE_NOT_FOUND (20220331/psargs-330)
Oct 01 08:17:03 nixos kernel: ACPI Error: Aborting method \_SB.PC00.LPCB.EC0.SEN4._CRT due to previous error (AE_NOT_FOUND) (20220331/psparse-529)
Oct 01 08:17:03 nixos kernel: ACPI BIOS Error (bug): Could not resolve symbol [\_SB.PC00.LPCB.EC0.SEN4._HOT.S4HT], AE_NOT_FOUND (20220331/psargs-330)
Oct 01 08:17:03 nixos kernel: ACPI Error: Aborting method \_SB.PC00.LPCB.EC0.SEN4._HOT due to previous error (AE_NOT_FOUND) (20220331/psparse-529)
Oct 01 08:17:03 nixos systemd-fsck[706]: fsck.fat 4.2 (2021-01-31)
Oct 01 08:17:03 nixos systemd-fsck[706]: /dev/nvme0n1p1: 235 files, 27296/65536 clusters
Oct 01 08:17:03 nixos kernel: ACPI BIOS Error (bug): Could not resolve symbol [\_SB.PC00.LPCB.EC0.SEN4._PSV.S4PT], AE_NOT_FOUND (20220331/psargs-330)
Oct 01 08:17:03 nixos kernel: ACPI Error: Aborting method \_SB.PC00.LPCB.EC0.SEN4._PSV due to previous error (AE_NOT_FOUND) (20220331/psparse-529)
Oct 01 08:17:03 nixos mtp-probe[708]: checking bus 3, device 4: "/sys/devices/pci0000:00/0000:00:14.0/usb3/3-10"
Oct 01 08:17:03 nixos mtp-probe[711]: checking bus 3, device 2: "/sys/devices/pci0000:00/0000:00:14.0/usb3/3-6"
Oct 01 08:17:03 nixos mtp-probe[710]: checking bus 3, device 3: "/sys/devices/pci0000:00/0000:00:14.0/usb3/3-7"
Oct 01 08:17:03 nixos mtp-probe[711]: bus: 3, device: 2 was not an MTP device
Oct 01 08:17:03 nixos kernel: ACPI BIOS Error (bug): Could not resolve symbol [\_SB.PC00.LPCB.EC0.SEN4._AC0.S4AT], AE_NOT_FOUND (20220331/psargs-330)
Oct 01 08:17:03 nixos kernel: ACPI Error: Aborting method \_SB.PC00.LPCB.EC0.SEN4._AC0 due to previous error (AE_NOT_FOUND) (20220331/psparse-529)
Oct 01 08:17:03 nixos systemd[1]: Finished Load Kernel Module efi_pstore.
Oct 01 08:17:03 nixos kernel: EDAC igen6: v2.5
Oct 01 08:17:03 nixos kernel: mei_me 0000:00:16.0: enabling device (0000 -> 0002)
Oct 01 08:17:03 nixos kernel: resource sanity check: requesting [mem 0xfedc0000-0xfedcdfff], which spans more than pnp 00:03 [mem 0xfedc0000-0xfedc7fff]
Oct 01 08:17:03 nixos kernel: caller __uncore_imc_init_box+0xc4/0x120 [intel_uncore] mapping multiple BARs
Oct 01 08:17:03 nixos kernel: mc: Linux media interface: v0.10
Oct 01 08:17:03 nixos systemd[1]: Finished File System Check on /dev/disk/by-uuid/E8A8-FF52.
Oct 01 08:17:03 nixos mtp-probe[710]: bus: 3, device: 3 was not an MTP device
Oct 01 08:17:03 nixos kernel: i801_smbus 0000:00:1f.4: SPD Write Disable is set
Oct 01 08:17:03 nixos kernel: i801_smbus 0000:00:1f.4: SMBus using PCI interrupt
Oct 01 08:17:03 nixos kernel: intel-lpss 0000:00:15.0: enabling device (0004 -> 0006)
Oct 01 08:17:03 nixos mtp-probe[708]: bus: 3, device: 4 was not an MTP device
Oct 01 08:17:03 nixos kernel: idma64 idma64.0: Found Intel integrated DMA 64-bit
Oct 01 08:17:03 nixos kernel: i2c i2c-0: 2/8 memory slots populated (from DMI)
Oct 01 08:17:03 nixos kernel: i2c i2c-0: Systems with more than 4 memory slots not supported yet, not instantiating SPD
Oct 01 08:17:03 nixos kernel: Linux agpgart interface v0.103
Oct 01 08:17:03 nixos kernel: usbcore: registered new interface driver rtsx_usb
Oct 01 08:17:03 nixos kernel: proc_thermal 0000:00:04.0: enabling device (0000 -> 0002)
Oct 01 08:17:03 nixos kernel: RAPL PMU: API unit is 2^-32 Joules, 3 fixed counters, 655360 ms ovfl timer
Oct 01 08:17:03 nixos kernel: RAPL PMU: hw unit of domain pp0-core 2^-14 Joules
Oct 01 08:17:03 nixos kernel: RAPL PMU: hw unit of domain package 2^-14 Joules
Oct 01 08:17:03 nixos kernel: RAPL PMU: hw unit of domain pp1-gpu 2^-14 Joules
Oct 01 08:17:03 nixos systemd[1]: Mounting /boot/efi...
Oct 01 08:17:03 nixos systemd[1]: Platform Persistent Storage Archival was skipped because of an unmet condition check (ConditionDirectoryNotEmpty=/sys/fs/pstore).
Oct 01 08:17:03 nixos kernel: cryptd: max_cpu_qlen set to 1000
Oct 01 08:17:03 nixos kernel: videodev: Linux video capture interface: v2.00
Oct 01 08:17:03 nixos kernel: AVX2 version of gcm_enc/dec engaged.
Oct 01 08:17:03 nixos kernel: AES CTR mode by8 optimization enabled
Oct 01 08:17:03 nixos kernel: intel-lpss 0000:00:15.1: enabling device (0004 -> 0006)
Oct 01 08:17:03 nixos kernel: idma64 idma64.1: Found Intel integrated DMA 64-bit
Oct 01 08:17:03 nixos kernel: intel_rapl_common: Found RAPL domain package
Oct 01 08:17:03 nixos kernel: cfg80211: Loading compiled-in X.509 certificates for regulatory database
Oct 01 08:17:03 nixos kernel: cfg80211: Loaded X.509 cert 'sforshee: 00b28ddf47aef9cea7'
Oct 01 08:17:03 nixos kernel: intel-lpss 0000:00:1e.0: enabling device (0000 -> 0002)
Oct 01 08:17:03 nixos kernel: idma64 idma64.2: Found Intel integrated DMA 64-bit
Oct 01 08:17:03 nixos kernel: Bluetooth: Core ver 2.22
Oct 01 08:17:03 nixos kernel: NET: Registered PF_BLUETOOTH protocol family
Oct 01 08:17:03 nixos kernel: Bluetooth: HCI device and connection manager initialized
Oct 01 08:17:03 nixos kernel: Bluetooth: HCI socket layer initialized
Oct 01 08:17:03 nixos kernel: Bluetooth: L2CAP socket layer initialized
Oct 01 08:17:03 nixos kernel: Bluetooth: SCO socket layer initialized
Oct 01 08:17:03 nixos kernel: typec port0: bound usb3-port2 (ops connector_ops [usbcore])
Oct 01 08:17:03 nixos kernel: typec port0: bound usb2-port1 (ops connector_ops [usbcore])
Oct 01 08:17:03 nixos kernel: intel-lpss 0000:00:1e.2: enabling device (0004 -> 0006)
Oct 01 08:17:03 nixos kernel: idma64 idma64.3: Found Intel integrated DMA 64-bit
Oct 01 08:17:03 nixos kernel: intel_rapl_msr: PL4 support detected.
Oct 01 08:17:03 nixos kernel: intel_rapl_common: Found RAPL domain package
Oct 01 08:17:03 nixos kernel: intel_rapl_common: Found RAPL domain core
Oct 01 08:17:03 nixos kernel: intel_rapl_common: Found RAPL domain uncore
Oct 01 08:17:03 nixos systemd[1]: Listening on Load/Save RF Kill Switch Status /dev/rfkill Watch.
Oct 01 08:17:03 nixos kernel: iTCO_wdt iTCO_wdt: Found a Intel PCH TCO device (Version=6, TCOBASE=0x0400)
Oct 01 08:17:03 nixos kernel: iTCO_wdt iTCO_wdt: initialized. heartbeat=30 sec (nowayout=0)
Oct 01 08:17:03 nixos kernel: spi-nor spi0.0: gd25q128 (16384 Kbytes)
Oct 01 08:17:03 nixos kernel: Creating 1 MTD partitions on "0000:00:1f.5":
Oct 01 08:17:03 nixos kernel: 0x000000000000-0x000001000000 : "BIOS"
Oct 01 08:17:03 nixos systemd[1]: Mounted /boot/efi.
Oct 01 08:17:03 nixos kernel: asus_wmi: ASUS WMI generic driver loaded
Oct 01 08:17:03 nixos systemd[1]: Reached target Local File Systems.
Oct 01 08:17:03 nixos kernel: asus_wmi: Initialization: 0x1
Oct 01 08:17:03 nixos kernel: asus_wmi: BIOS WMI version: 9.0
Oct 01 08:17:03 nixos kernel: asus_wmi: SFUN value: 0x21
Oct 01 08:17:03 nixos kernel: asus-nb-wmi asus-nb-wmi: Detected ATK, not ASUSWMI, use DSTS
Oct 01 08:17:03 nixos kernel: asus-nb-wmi asus-nb-wmi: Detected ATK, enable event queue
Oct 01 08:17:03 nixos kernel: usbcore: registered new interface driver btusb
Oct 01 08:17:03 nixos kernel: input: Asus WMI hotkeys as /devices/platform/asus-nb-wmi/input/input4
Oct 01 08:17:03 nixos systemd[1]: Starting Create Volatile Files and Directories...
Oct 01 08:17:03 nixos kernel: asus_wmi: fan_curve_get_factory_default (0x00110024) failed: -19
Oct 01 08:17:03 nixos kernel: asus_wmi: fan_curve_get_factory_default (0x00110025) failed: -19
Oct 01 08:17:03 nixos kernel: usb 3-6: Found UVC 1.10 device USB2.0 HD UVC WebCam (0408:30d0)
Oct 01 08:17:03 nixos systemd[1]: Starting Load/Save RF Kill Switch Status...
Oct 01 08:17:03 nixos kernel: dw-apb-uart.2: ttyS0 at MMIO 0x4017002000 (irq = 16, base_baud = 6250000) is a 16550A
Oct 01 08:17:03 nixos kernel: snd_hda_intel 0000:00:1f.3: DSP detected with PCI class/subclass/prog-if info 0x040380
Oct 01 08:17:03 nixos kernel: snd_hda_intel 0000:00:1f.3: enabling device (0000 -> 0002)
Oct 01 08:17:03 nixos kernel: ACPI: battery: new extension: ASUS Battery Extension
Oct 01 08:17:03 nixos kernel: input: USB2.0 HD UVC WebCam: USB2.0 HD as /devices/pci0000:00/0000:00:14.0/usb3/3-6/3-6:1.0/input/input5
Oct 01 08:17:03 nixos kernel: usbcore: registered new interface driver uvcvideo
Oct 01 08:17:03 nixos kernel: input: ASUE1301:00 04F3:3128 Mouse as /devices/pci0000:00/0000:00:15.1/i2c_designware.1/i2c-2/i2c-ASUE1301:00/0018:04F3:3128.0001/input/input6
Oct 01 08:17:03 nixos kernel: input: ASUE1301:00 04F3:3128 Touchpad as /devices/pci0000:00/0000:00:15.1/i2c_designware.1/i2c-2/i2c-ASUE1301:00/0018:04F3:3128.0001/input/input7
Oct 01 08:17:03 nixos kernel: hid-generic 0018:04F3:3128.0001: input,hidraw0: I2C HID v1.00 Mouse [ASUE1301:00 04F3:3128] on i2c-ASUE1301:00
Oct 01 08:17:03 nixos systemd[1]: Finished Create Volatile Files and Directories.
Oct 01 08:17:03 nixos systemd[1]: Started Load/Save RF Kill Switch Status.
Oct 01 08:17:03 nixos kernel: intel_tcc_cooling: Programmable TCC Offset detected
Oct 01 08:17:03 nixos systemd[1]: Created slice Slice /system/systemd-backlight.
Oct 01 08:17:03 nixos systemd[1]: Starting Load Kernel Module efi_pstore...
Oct 01 08:17:03 nixos systemd[1]: Starting Load/Save Screen Backlight Brightness of leds:asus::kbd_backlight...
Oct 01 08:17:03 nixos systemd[1]: Rebuild Journal Catalog was skipped because of an unmet condition check (ConditionNeedsUpdate=/var).
Oct 01 08:17:03 nixos systemd[1]: Starting Userspace Out-Of-Memory (OOM) Killer...
Oct 01 08:17:03 nixos systemd[1]: Starting Network Time Synchronization...
Oct 01 08:17:03 nixos systemd[1]: Update is Completed was skipped because no trigger condition checks were met.
Oct 01 08:17:03 nixos systemd[1]: Starting Record System Boot/Shutdown in UTMP...
Oct 01 08:17:03 nixos systemd[1]: modprobe@efi_pstore.service: Deactivated successfully.
Oct 01 08:17:03 nixos systemd[1]: Finished Load Kernel Module efi_pstore.
Oct 01 08:17:03 nixos kernel: input: ASUE1301:00 04F3:3128 Mouse as /devices/pci0000:00/0000:00:15.1/i2c_designware.1/i2c-2/i2c-ASUE1301:00/0018:04F3:3128.0001/input/input8
Oct 01 08:17:03 nixos kernel: input: ASUE1301:00 04F3:3128 Touchpad as /devices/pci0000:00/0000:00:15.1/i2c_designware.1/i2c-2/i2c-ASUE1301:00/0018:04F3:3128.0001/input/input9
Oct 01 08:17:03 nixos kernel: hid-multitouch 0018:04F3:3128.0001: input,hidraw0: I2C HID v1.00 Mouse [ASUE1301:00 04F3:3128] on i2c-ASUE1301:00
Oct 01 08:17:03 nixos kernel: mousedev: PS/2 mouse device common for all mice
Oct 01 08:17:03 nixos kernel: mt7921e 0000:2d:00.0: enabling device (0000 -> 0002)
Oct 01 08:17:03 nixos systemd[1]: Finished Load/Save Screen Backlight Brightness of leds:asus::kbd_backlight.
Oct 01 08:17:03 nixos systemd[1]: Platform Persistent Storage Archival was skipped because of an unmet condition check (ConditionDirectoryNotEmpty=/sys/fs/pstore).
Oct 01 08:17:03 nixos systemd-oomd[795]: No swap; memory pressure usage will be degraded
Oct 01 08:17:03 nixos systemd-timesyncd[796]: The system is configured to read the RTC time in the local time zone. This mode cannot be fully supported. All system time to RTC updates are disabled.
Oct 01 08:17:03 nixos kernel: mt7921e 0000:2d:00.0: ASIC revision: 79610010
Oct 01 08:17:03 nixos kernel: Bluetooth: hci0: Device setup in 190516 usecs
Oct 01 08:17:03 nixos kernel: Bluetooth: hci0: HCI Enhanced Setup Synchronous Connection command is advertised, but not supported.
Oct 01 08:17:03 nixos kernel: MXM: GUID detected in BIOS
Oct 01 08:17:03 nixos kernel: ACPI Warning: \_SB.PC00.RP05.PXSX._DSM: Argument #4 type mismatch - Found [Buffer], ACPI requires [Package] (20220331/nsarguments-61)
Oct 01 08:17:03 nixos kernel: pci 0000:2e:00.0: optimus capabilities: enabled, status dynamic power, hda bios codec supported
